###############################################################################
#
# IAR ELF Linker V9.60.3.422/W64 for ARM                  26/Sep/2025  11:29:01
# Copyright 2007-2024 IAR Systems AB.
#
#    Output file  =
#        F:\ELECTRONIC\sherkat\Dimmer_Pump\Dimmer_Pumo\EWARM\Dimmer_Pumo\Exe\Dimmer_Pumo.out
#    Map file     =
#        F:\ELECTRONIC\sherkat\Dimmer_Pump\Dimmer_Pumo\EWARM\Dimmer_Pumo\List\Dimmer_Pumo.map
#    Command line =
#        -f
#        F:\ELECTRONIC\sherkat\Dimmer_Pump\Dimmer_Pumo\EWARM\Dimmer_Pumo\Exe\Dimmer_Pumo.out.rsp
#        (F:\ELECTRONIC\sherkat\Dimmer_Pump\Dimmer_Pumo\EWARM\Dimmer_Pumo\Obj\Core_13247989168731456611.dir\main.o
#        F:\ELECTRONIC\sherkat\Dimmer_Pump\Dimmer_Pumo\EWARM\Dimmer_Pumo\Obj\EWARM_18443280873093131863.dir\startup_stm32f030x6.o
#        F:\ELECTRONIC\sherkat\Dimmer_Pump\Dimmer_Pumo\EWARM\Dimmer_Pumo\Obj\STM32F0xx_HAL_Driver_12736992878974344111.dir\stm32f0xx_hal.o
#        F:\ELECTRONIC\sherkat\Dimmer_Pump\Dimmer_Pumo\EWARM\Dimmer_Pumo\Obj\STM32F0xx_HAL_Driver_12736992878974344111.dir\stm32f0xx_hal_adc.o
#        F:\ELECTRONIC\sherkat\Dimmer_Pump\Dimmer_Pumo\EWARM\Dimmer_Pumo\Obj\STM32F0xx_HAL_Driver_12736992878974344111.dir\stm32f0xx_hal_adc_ex.o
#        F:\ELECTRONIC\sherkat\Dimmer_Pump\Dimmer_Pumo\EWARM\Dimmer_Pumo\Obj\STM32F0xx_HAL_Driver_12736992878974344111.dir\stm32f0xx_hal_cortex.o
#        F:\ELECTRONIC\sherkat\Dimmer_Pump\Dimmer_Pumo\EWARM\Dimmer_Pumo\Obj\STM32F0xx_HAL_Driver_12736992878974344111.dir\stm32f0xx_hal_dma.o
#        F:\ELECTRONIC\sherkat\Dimmer_Pump\Dimmer_Pumo\EWARM\Dimmer_Pumo\Obj\STM32F0xx_HAL_Driver_12736992878974344111.dir\stm32f0xx_hal_exti.o
#        F:\ELECTRONIC\sherkat\Dimmer_Pump\Dimmer_Pumo\EWARM\Dimmer_Pumo\Obj\STM32F0xx_HAL_Driver_12736992878974344111.dir\stm32f0xx_hal_flash.o
#        F:\ELECTRONIC\sherkat\Dimmer_Pump\Dimmer_Pumo\EWARM\Dimmer_Pumo\Obj\STM32F0xx_HAL_Driver_12736992878974344111.dir\stm32f0xx_hal_flash_ex.o
#        F:\ELECTRONIC\sherkat\Dimmer_Pump\Dimmer_Pumo\EWARM\Dimmer_Pumo\Obj\STM32F0xx_HAL_Driver_12736992878974344111.dir\stm32f0xx_hal_gpio.o
#        F:\ELECTRONIC\sherkat\Dimmer_Pump\Dimmer_Pumo\EWARM\Dimmer_Pumo\Obj\STM32F0xx_HAL_Driver_12736992878974344111.dir\stm32f0xx_hal_i2c.o
#        F:\ELECTRONIC\sherkat\Dimmer_Pump\Dimmer_Pumo\EWARM\Dimmer_Pumo\Obj\STM32F0xx_HAL_Driver_12736992878974344111.dir\stm32f0xx_hal_i2c_ex.o
#        F:\ELECTRONIC\sherkat\Dimmer_Pump\Dimmer_Pumo\EWARM\Dimmer_Pumo\Obj\STM32F0xx_HAL_Driver_12736992878974344111.dir\stm32f0xx_hal_iwdg.o
#        F:\ELECTRONIC\sherkat\Dimmer_Pump\Dimmer_Pumo\EWARM\Dimmer_Pumo\Obj\Core_13247989168731456611.dir\stm32f0xx_hal_msp.o
#        F:\ELECTRONIC\sherkat\Dimmer_Pump\Dimmer_Pumo\EWARM\Dimmer_Pumo\Obj\STM32F0xx_HAL_Driver_12736992878974344111.dir\stm32f0xx_hal_pwr.o
#        F:\ELECTRONIC\sherkat\Dimmer_Pump\Dimmer_Pumo\EWARM\Dimmer_Pumo\Obj\STM32F0xx_HAL_Driver_12736992878974344111.dir\stm32f0xx_hal_pwr_ex.o
#        F:\ELECTRONIC\sherkat\Dimmer_Pump\Dimmer_Pumo\EWARM\Dimmer_Pumo\Obj\STM32F0xx_HAL_Driver_12736992878974344111.dir\stm32f0xx_hal_rcc.o
#        F:\ELECTRONIC\sherkat\Dimmer_Pump\Dimmer_Pumo\EWARM\Dimmer_Pumo\Obj\STM32F0xx_HAL_Driver_12736992878974344111.dir\stm32f0xx_hal_rcc_ex.o
#        F:\ELECTRONIC\sherkat\Dimmer_Pump\Dimmer_Pumo\EWARM\Dimmer_Pumo\Obj\STM32F0xx_HAL_Driver_12736992878974344111.dir\stm32f0xx_hal_tim.o
#        F:\ELECTRONIC\sherkat\Dimmer_Pump\Dimmer_Pumo\EWARM\Dimmer_Pumo\Obj\STM32F0xx_HAL_Driver_12736992878974344111.dir\stm32f0xx_hal_tim_ex.o
#        F:\ELECTRONIC\sherkat\Dimmer_Pump\Dimmer_Pumo\EWARM\Dimmer_Pumo\Obj\STM32F0xx_HAL_Driver_12736992878974344111.dir\stm32f0xx_hal_uart.o
#        F:\ELECTRONIC\sherkat\Dimmer_Pump\Dimmer_Pumo\EWARM\Dimmer_Pumo\Obj\STM32F0xx_HAL_Driver_12736992878974344111.dir\stm32f0xx_hal_uart_ex.o
#        F:\ELECTRONIC\sherkat\Dimmer_Pump\Dimmer_Pumo\EWARM\Dimmer_Pumo\Obj\Core_13247989168731456611.dir\stm32f0xx_it.o
#        F:\ELECTRONIC\sherkat\Dimmer_Pump\Dimmer_Pumo\EWARM\Dimmer_Pumo\Obj\CMSIS_6603591812247902717.dir\system_stm32f0xx.o
#        --no_out_extension -o
#        F:\ELECTRONIC\sherkat\Dimmer_Pump\Dimmer_Pumo\EWARM\Dimmer_Pumo\Exe\Dimmer_Pumo.out
#        --redirect _Printf=_PrintfFullNoMb --redirect _Scanf=_ScanfFullNoMb
#        --map
#        F:\ELECTRONIC\sherkat\Dimmer_Pump\Dimmer_Pumo\EWARM\Dimmer_Pumo\List\Dimmer_Pumo.map
#        --config
#        F:\ELECTRONIC\sherkat\Dimmer_Pump\Dimmer_Pumo\EWARM/stm32f030x6_flash.icf
#        --semihosting --entry __iar_program_start --vfe --text_out locale
#        --cpu=Cortex-M0 --fpu=None) --dependencies=n
#        F:\ELECTRONIC\sherkat\Dimmer_Pump\Dimmer_Pumo\EWARM\Dimmer_Pumo\Exe\Dimmer_Pumo.out.iar_deps
#
###############################################################################

*******************************************************************************
*** RUNTIME MODEL ATTRIBUTES
***

CppFlavor       = *
__CPP_Runtime   = 1
__SystemLibrary = DLib
__dlib_version  = 6


*******************************************************************************
*** HEAP SELECTION
***

The basic heap was selected because --advanced_heap
was not specified and the application did not appear to
be primarily optimized for speed.


*******************************************************************************
*** PLACEMENT SUMMARY
***

"A0":  place at address 0x800'0000 { ro section .intvec };
"P1":  place in [from 0x800'0000 to 0x800'7fff] { ro };
define block CSTACK with size = 1K, alignment = 8 { };
define block HEAP with size = 512, alignment = 8 { };
"P2":  place in [from 0x2000'0000 to 0x2000'0fff] {
          rw, block CSTACK, block HEAP };
initialize by copy { rw };

  Section            Kind         Address  Alignment    Size  Object
  -------            ----         -------  ---------    ----  ------
"A0":                                                   0xb0
  .intvec            ro code   0x800'0000          4    0xb0  startup_stm32f030x6.o [3]
                             - 0x800'00b0               0xb0

"P1":                                                 0x7035
  .text              ro code   0x800'00b0          4  0x23d2  main.o [2]
  .text              ro code   0x800'2482          2     0xa  xsprout.o [5]
  .text              ro code   0x800'248c          4   0x2b0  stm32f0xx_hal_gpio.o [4]
  .text              ro code   0x800'273c          4    0x28  stm32f0xx_hal.o [4]
  .text              ro code   0x800'2764          4    0x5e  I32DivMod.o [7]
  .rodata            const     0x800'27c2          2     0x2  xlocale_c.o [5]
  .text              ro code   0x800'27c4          4    0x10  strcpy_small.o [7]
  .text              ro code   0x800'27d4          2    0x1c  strcat.o [5]
  .text              ro code   0x800'27f0          4     0xe  strlen.o [7]
  .text              ro code   0x800'27fe          2     0x2  startup_stm32f030x6.o [3]
  .text              ro code   0x800'2800          4   0x508  stm32f0xx_hal_uart.o [4]
  .text              ro code   0x800'2d08          4   0x5b4  stm32f0xx_hal_adc.o [4]
  .text              ro code   0x800'32bc          4    0xc8  stm32f0xx_hal_adc_ex.o [4]
  .text              ro code   0x800'3384          4    0x36  IxxToFlt.o [6]
  .text              ro code   0x800'33ba          2   0x120  FltAddSub.o [6]
  .text              ro code   0x800'34da          2    0xa4  FltDiv.o [6]
  .text              ro code   0x800'357e          2    0xb0  FltMul.o [6]
  .text              ro code   0x800'362e          2     0x2  startup_stm32f030x6.o [3]
  .text              ro code   0x800'3630          4    0x32  FltToDbl.o [6]
  .text              ro code   0x800'3662          2   0x184  DblMul.o [6]
  .text              ro code   0x800'37e6          2    0x62  DblToFlt.o [6]
  .text              ro code   0x800'3848          4    0x40  sprintf.o [5]
  .text              ro code   0x800'3888          4    0x6c  stm32f0xx_hal_iwdg.o [4]
  .text              ro code   0x800'38f4          2    0xc2  DblDiv.o [6]
  .text              ro code   0x800'39b6          2     0x2  startup_stm32f030x6.o [3]
  .text              ro code   0x800'39b8          4    0x28  FltCmpGe.o [6]
  .text              ro code   0x800'39e0          4    0x26  FltCmpLe.o [6]
  .text              ro code   0x800'3a06          2   0x1b4  DblAddSub.o [6]
  .text              ro code   0x800'3bba          2     0x2  startup_stm32f030x6.o [3]
  .text              ro code   0x800'3bbc          4    0x3a  FltToS32.o [6]
  .text              ro code   0x800'3bf6          2     0x2  startup_stm32f030x6.o [3]
  .text              ro code   0x800'3bf8          4    0x20  stm32f0xx_hal.o [4]
  .text              ro code   0x800'3c18          4    0x10  ABImemset_small.o [7]
  .text              ro code   0x800'3c28          4    0x8c  stm32f0xx_hal_cortex.o [4]
  .text              ro code   0x800'3cb4          4   0x4ce  stm32f0xx_hal_tim.o [4]
  .text              ro code   0x800'4182          2     0x2  startup_stm32f030x6.o [3]
  .text              ro code   0x800'4184          4    0x58  stm32f0xx_hal_tim_ex.o [4]
  .text              ro code   0x800'41dc          4   0x52c  stm32f0xx_hal_rcc.o [4]
  .text              ro code   0x800'4708          4    0xfc  stm32f0xx_hal_rcc_ex.o [4]
  .text              ro code   0x800'4804          4     0xc  stm32f0xx_hal.o [4]
  .text              ro code   0x800'4810          4     0x2  IntDivZer.o [7]
  .text              ro code   0x800'4812          2     0x2  startup_stm32f030x6.o [3]
  .text              ro code   0x800'4814          4   0x150  stm32f0xx_hal_msp.o [2]
  .text              ro code   0x800'4964          4   0xf86  xprintffull_nomb.o [5]
  .text              ro code   0x800'58ea          2     0x2  startup_stm32f030x6.o [3]
  .text              ro code   0x800'58ec          4    0x44  stm32f0xx_hal.o [4]
  .text              ro code   0x800'5930          4    0x48  stm32f0xx_hal_dma.o [4]
  .text              ro code   0x800'5978          2     0x2  stm32f0xx_hal_tim.o [4]
  .text              ro code   0x800'597a          2     0x2  stm32f0xx_hal_tim.o [4]
  .text              ro code   0x800'597c          2     0x2  stm32f0xx_hal_tim.o [4]
  .text              ro code   0x800'597e          2     0x2  stm32f0xx_hal_tim_ex.o [4]
  .text              ro code   0x800'5980          2     0x2  stm32f0xx_hal_tim.o [4]
  .text              ro code   0x800'5982          2     0x2  stm32f0xx_hal_tim_ex.o [4]
  .text              ro code   0x800'5984          4    0x12  strchr.o [7]
  .text              ro code   0x800'5996          2     0x2  startup_stm32f030x6.o [3]
  .text              ro code   0x800'5998          4    0x48  xfail_s.o [5]
  .text              ro code   0x800'59e0          4    0x16  memchr.o [7]
  .text              ro code   0x800'59f6          2     0x2  startup_stm32f030x6.o [3]
  .text              ro code   0x800'59f8          4    0x4e  ABImemcpy.o [7]
  .text              ro code   0x800'5a46          2    0x2a  frexp.o [6]
  .text              ro code   0x800'5a70          2    0x32  DblCmpLe.o [6]
  .text              ro code   0x800'5aa2          2    0x32  DblCmpGe.o [6]
  .text              ro code   0x800'5ad4          2    0x70  ldexp.o [6]
  .text              ro code   0x800'5b44          4    0x52  DblToI32.o [6]
  .text              ro code   0x800'5b96          2     0x2  startup_stm32f030x6.o [3]
  .text              ro code   0x800'5b98          4    0x34  IxxToDbl.o [6]
  .text              ro code   0x800'5bcc          4     0xc  xlocale_c.o [5]
  .text              ro code   0x800'5bd8          2    0x7c  I64DivMod.o [7]
  .text              ro code   0x800'5c54          2     0xa  abort.o [5]
  .text              ro code   0x800'5c5e          2     0x2  startup_stm32f030x6.o [3]
  .text              ro code   0x800'5c60          4     0x2  I64DivZer.o [7]
  .text              ro code   0x800'5c62          2     0x2  startup_stm32f030x6.o [3]
  .text              ro code   0x800'5c64          4    0x14  exit.o [8]
  .rodata            const     0x800'5c78          4   0x3b8  main.o [2]
  .rodata            const     0x800'6030          4    0xf0  main.o [2]
  .rodata            const     0x800'6120          4    0xf0  main.o [2]
  .rodata            const     0x800'6210          4    0xf0  main.o [2]
  .rodata            const     0x800'6300          4    0xf0  main.o [2]
  .rodata            const     0x800'63f0          4    0xf0  main.o [2]
  .rodata            const     0x800'64e0          4    0xf0  main.o [2]
  .rodata            const     0x800'65d0          4    0xf0  main.o [2]
  .rodata            const     0x800'66c0          4    0xf0  main.o [2]
  .rodata            const     0x800'67b0          4    0xf0  main.o [2]
  .rodata            const     0x800'68a0          4    0xf0  main.o [2]
  .rodata            const     0x800'6990          4    0xf0  main.o [2]
  .rodata            const     0x800'6a80          4    0xf0  main.o [2]
  .rodata            const     0x800'6b70          4    0xd0  main.o [2]
  .rodata            const     0x800'6c40          4    0x90  main.o [2]
  .text              ro code   0x800'6cd0          2    0x80  lz77_init_single.o [7]
  .rodata            const     0x800'6d50          4    0x6a  xprintffull_nomb.o [5]
  .text              ro code   0x800'6dba          2     0x2  startup_stm32f030x6.o [3]
  .rodata            const     0x800'6dbc          4    0x64  main.o [2]
  .rodata            const     0x800'6e20          4    0x50  main.o [2]
  .text              ro code   0x800'6e70          2    0x3c  zero_init3.o [7]
  .rodata            const     0x800'6eac          4    0x30  main.o [2]
  .text              ro code   0x800'6edc          4    0x28  stm32f0xx_it.o [2]
  .text              ro code   0x800'6f04          4    0x10  stm32f0xx_hal.o [4]
  .text              ro code   0x800'6f14          4    0x28  data_init.o [7]
  .rodata            const     0x800'6f3c          4    0x24  main.o [2]
  .iar.init_table    const     0x800'6f60          4    0x20  - Linker created -
  .rodata            const     0x800'6f80          4    0x20  main.o [2]
  .rodata            const     0x800'6fa0          4    0x20  main.o [2]
  .text              ro code   0x800'6fc0          4    0x1e  cmain.o [7]
  .text              ro code   0x800'6fde          2     0x4  low_level_init.o [5]
  .text              ro code   0x800'6fe2          2     0x8  exit.o [5]
  .text              ro code   0x800'6fea          2     0x2  startup_stm32f030x6.o [3]
  .text              ro code   0x800'6fec          4     0xa  cexit.o [7]
  .text              ro code   0x800'6ff6          2     0x2  startup_stm32f030x6.o [3]
  .text              ro code   0x800'6ff8          4    0x1c  cstartup_M.o [7]
  .text              ro code   0x800'7014          4    0x14  system_stm32f0xx.o [1]
  .text              ro code   0x800'7028          4    0x10  startup_stm32f030x6.o [3]
  .rodata            const     0x800'7038          4     0x8  system_stm32f0xx.o [1]
  .text              ro code   0x800'7040          2     0x2  startup_stm32f030x6.o [3]
  .text              ro code   0x800'7042          2     0x2  startup_stm32f030x6.o [3]
  .rodata            const     0x800'7044                0x1  xlocale_c.o [5]
  .rodata            const     0x800'7045                0x0  zero_init3.o [7]
  .rodata            const     0x800'7045                0x0  lz77_init_single.o [7]
  Initializer bytes  const     0x800'7045               0xa0  <for P2-1>
                             - 0x800'70e5             0x7035

"P2", part 1 of 3:                                     0x1ec
  P2-1                        0x2000'0000              0x1ec  <Init block>
    .data            inited   0x2000'0000          4    0xcc  main.o [2]
    .data            inited   0x2000'00cc          4    0x18  main.o [2]
    .data            inited   0x2000'00e4          4     0xc  main.o [2]
    .data            inited   0x2000'00f0          4     0xc  main.o [2]
    .data            inited   0x2000'00fc          4     0xc  main.o [2]
    .data            inited   0x2000'0108          4     0xc  main.o [2]
    .data            inited   0x2000'0114          4     0xc  main.o [2]
    .data            inited   0x2000'0120          4     0xc  main.o [2]
    .data            inited   0x2000'012c          4     0xc  main.o [2]
    .data            inited   0x2000'0138          4     0xc  main.o [2]
    .data            inited   0x2000'0144          4     0xc  main.o [2]
    .data            inited   0x2000'0150          4     0xc  main.o [2]
    .data            inited   0x2000'015c          4     0xc  main.o [2]
    .data            inited   0x2000'0168          4     0xc  main.o [2]
    .data            inited   0x2000'0174          4     0xc  main.o [2]
    .data            inited   0x2000'0180          4     0xc  main.o [2]
    .data            inited   0x2000'018c          4     0xc  main.o [2]
    .data            inited   0x2000'0198          4     0xc  main.o [2]
    .data            inited   0x2000'01a4          4     0xc  stm32f0xx_hal.o [4]
    .data            inited   0x2000'01b0          4     0x4  system_stm32f0xx.o [1]
    .data            inited   0x2000'01b4          4    0x38  xlocale_c.o [5]
                            - 0x2000'01ec              0x1ec

"P2", part 2 of 3:                                     0x480
  .bss               zero     0x2000'01ec          4   0x368  main.o [2]
  .bss               zero     0x2000'0554          4    0x88  main.o [2]
  .bss               zero     0x2000'05dc          4    0x48  main.o [2]
  .bss               zero     0x2000'0624          4    0x40  main.o [2]
  .bss               zero     0x2000'0664          4     0x4  xfail_s.o [5]
  .bss               zero     0x2000'0668                0x2  main.o [2]
                            - 0x2000'066a              0x47e

"P2", part 3 of 3:                                     0x400
  CSTACK                      0x2000'0670          8   0x400  <Block>
    CSTACK           uninit   0x2000'0670              0x400  <Block tail>
                            - 0x2000'0a70              0x400

Unused ranges:

         From           To   Size
         ----           --   ----
   0x800'70e5   0x800'7fff  0xf1b
  0x2000'066c  0x2000'066f    0x4
  0x2000'0a70  0x2000'0fff  0x590


*******************************************************************************
*** INIT TABLE
***

          Address      Size
          -------      ----
Zero (__iar_zero_init3)
    1 destination range, total size 0x47e:
          0x2000'01ec  0x47e

Copy/lz77 (__iar_lz77_init_single3)
    1 source range, total size 0xa0 (32% of destination):
           0x800'7045   0xa0
    1 destination range, total size 0x1ec:
          0x2000'0000  0x1ec



*******************************************************************************
*** MODULE SUMMARY
***

    Module                  ro code  ro data  rw data
    ------                  -------  -------  -------
command line/config:
    -------------------------------------------------
    Total:

F:\ELECTRONIC\sherkat\Dimmer_Pump\Dimmer_Pumo\EWARM\Dimmer_Pumo\Obj\CMSIS_6603591812247902717.dir: [1]
    system_stm32f0xx.o           20        9        4
    -------------------------------------------------
    Total:                       20        9        4

F:\ELECTRONIC\sherkat\Dimmer_Pump\Dimmer_Pumo\EWARM\Dimmer_Pumo\Obj\Core_13247989168731456611.dir: [2]
    main.o                    9'170    4'648    1'566
    stm32f0xx_hal_msp.o         336
    stm32f0xx_it.o               40
    -------------------------------------------------
    Total:                    9'546    4'648    1'566

F:\ELECTRONIC\sherkat\Dimmer_Pump\Dimmer_Pumo\EWARM\Dimmer_Pumo\Obj\EWARM_18443280873093131863.dir: [3]
    startup_stm32f030x6.o       228
    -------------------------------------------------
    Total:                      228

F:\ELECTRONIC\sherkat\Dimmer_Pump\Dimmer_Pumo\EWARM\Dimmer_Pumo\Obj\STM32F0xx_HAL_Driver_12736992878974344111.dir: [4]
    stm32f0xx_hal.o             168        4       12
    stm32f0xx_hal_adc.o       1'460
    stm32f0xx_hal_adc_ex.o      200
    stm32f0xx_hal_cortex.o      140
    stm32f0xx_hal_dma.o          72
    stm32f0xx_hal_gpio.o        688
    stm32f0xx_hal_iwdg.o        108
    stm32f0xx_hal_rcc.o       1'324
    stm32f0xx_hal_rcc_ex.o      252
    stm32f0xx_hal_tim.o       1'238
    stm32f0xx_hal_tim_ex.o       92
    stm32f0xx_hal_uart.o      1'288
    -------------------------------------------------
    Total:                    7'030        4       12

dl6M_tlf.a: [5]
    abort.o                      10
    exit.o                        8
    low_level_init.o              4
    sprintf.o                    64
    strcat.o                     28
    xfail_s.o                    72                 4
    xlocale_c.o                  12       22       56
    xprintffull_nomb.o        3'974      106
    xsprout.o                    10
    -------------------------------------------------
    Total:                    4'182      128       60

m6M_tl.a: [6]
    DblAddSub.o                 436
    DblCmpGe.o                   50
    DblCmpLe.o                   50
    DblDiv.o                    194
    DblMul.o                    388
    DblToFlt.o                   98
    DblToI32.o                   82
    FltAddSub.o                 288
    FltCmpGe.o                   40
    FltCmpLe.o                   38
    FltDiv.o                    164
    FltMul.o                    176
    FltToDbl.o                   50
    FltToS32.o                   58
    IxxToDbl.o                   52
    IxxToFlt.o                   54
    frexp.o                      42
    ldexp.o                     112
    -------------------------------------------------
    Total:                    2'372

rt6M_tl.a: [7]
    ABImemcpy.o                  78
    ABImemset_small.o            16
    I32DivMod.o                  94
    I64DivMod.o                 124
    I64DivZer.o                   2
    IntDivZer.o                   2
    cexit.o                      10
    cmain.o                      30
    cstartup_M.o                 28
    data_init.o                  40
    lz77_init_single.o          128
    memchr.o                     22
    strchr.o                     18
    strcpy_small.o               16
    strlen.o                     14
    zero_init3.o                 60
    -------------------------------------------------
    Total:                      682

shb_l.a: [8]
    exit.o                       20
    -------------------------------------------------
    Total:                       20

    Linker created                        32    1'024
-----------------------------------------------------
    Grand Total:             24'080    4'821    2'666


*******************************************************************************
*** ENTRY LIST
***

Entry                       Address   Size  Type      Object
-----                       -------   ----  ----      ------
.iar.init_table$$Base    0x800'6f60          --   Gb  - Linker created -
.iar.init_table$$Limit   0x800'6f80          --   Gb  - Linker created -
?main                    0x800'6fc1         Code  Gb  cmain.o [7]
ADC1_IRQHandler          0x800'59f7         Code  Wk  startup_stm32f030x6.o [3]
ADC_ConversionStop       0x800'3251   0x58  Code  Lc  stm32f0xx_hal_adc.o [4]
ADC_Disable              0x800'31e5   0x6c  Code  Lc  stm32f0xx_hal_adc.o [4]
ADC_Enable               0x800'3149   0x90  Code  Lc  stm32f0xx_hal_adc.o [4]
AHBPrescTable            0x800'7018   0x10  Data  Gb  system_stm32f0xx.o [1]
APBPrescTable            0x800'7038    0x8  Data  Gb  system_stm32f0xx.o [1]
BackTOtanzimDasti        0x800'0f1b   0x58  Code  Gb  main.o [2]
BackTOtanzimauto         0x800'1971   0x56  Code  Gb  main.o [2]
CSTACK$$Base            0x2000'0670          --   Gb  - Linker created -
CSTACK$$Limit           0x2000'0a70          --   Gb  - Linker created -
CurrentSettingpic       0x2000'0198    0xc  Data  Gb  main.o [2]
CurrentSettingpic1       0x800'6a80   0xf0  Data  Gb  main.o [2]
Current_eeprom          0x2000'004c    0x4  Data  Gb  main.o [2]
DMA1_Channel1_IRQHandler
                         0x800'4813         Code  Wk  startup_stm32f030x6.o [3]
DMA1_Channel2_3_IRQHandler
                         0x800'58eb         Code  Wk  startup_stm32f030x6.o [3]
DMA1_Channel4_5_IRQHandler
                         0x800'5997         Code  Wk  startup_stm32f030x6.o [3]
DeviceMode              0x2000'0168    0xc  Data  Gb  main.o [2]
DigitalDimmerMode        0x800'0b81   0xa2  Code  Gb  main.o [2]
Digitaldimerpic         0x2000'018c    0xc  Data  Gb  main.o [2]
Digitaldimerpic1         0x800'6990   0xf0  Data  Gb  main.o [2]
EEPROM_READ              0x800'0e55   0x6c  Code  Gb  main.o [2]
EEPROM_WRIGHT            0x800'0e1d   0x38  Code  Gb  main.o [2]
EXTI0_1_IRQHandler       0x800'3bf7         Code  Wk  startup_stm32f030x6.o [3]
EXTI2_3_IRQHandler       0x800'4183         Code  Wk  startup_stm32f030x6.o [3]
EXTI4_15_IRQHandler      0x800'6eed    0xa  Code  Gb  stm32f0xx_it.o [2]
Error_Handler            0x800'247f    0x4  Code  Gb  main.o [2]
FLASH_IRQHandler         0x800'39b7         Code  Wk  startup_stm32f030x6.o [3]
FirstConfig              0x800'092d   0xf0  Code  Gb  main.o [2]
HAL_ADCEx_Calibration_Start
                         0x800'32bd   0xc8  Code  Gb  stm32f0xx_hal_adc_ex.o [4]
HAL_ADC_ConfigChannel    0x800'3057   0xf0  Code  Gb  stm32f0xx_hal_adc.o [4]
HAL_ADC_DeInit           0x800'2e6f   0x94  Code  Gb  stm32f0xx_hal_adc.o [4]
HAL_ADC_GetValue         0x800'3051    0x6  Code  Gb  stm32f0xx_hal_adc.o [4]
HAL_ADC_Init             0x800'2d09  0x166  Code  Gb  stm32f0xx_hal_adc.o [4]
HAL_ADC_MspDeInit        0x800'4895   0x1a  Code  Gb  stm32f0xx_hal_msp.o [2]
HAL_ADC_MspInit          0x800'483f   0x56  Code  Gb  stm32f0xx_hal_msp.o [2]
HAL_ADC_PollForConversion
                         0x800'2f55   0xd0  Code  Gb  stm32f0xx_hal_adc.o [4]
HAL_ADC_Start            0x800'2f03   0x4e  Code  Gb  stm32f0xx_hal_adc.o [4]
HAL_DMA_Abort_IT         0x800'5931   0x48  Code  Gb  stm32f0xx_hal_dma.o [4]
HAL_Delay                0x800'273d   0x28  Code  Wk  stm32f0xx_hal.o [4]
HAL_GPIO_DeInit          0x800'2619   0xd8  Code  Gb  stm32f0xx_hal_gpio.o [4]
HAL_GPIO_EXTI_Callback   0x800'047b   0x14  Code  Gb  main.o [2]
HAL_GPIO_EXTI_IRQHandler
                         0x800'2709   0x16  Code  Gb  stm32f0xx_hal_gpio.o [4]
HAL_GPIO_Init            0x800'248d  0x18c  Code  Gb  stm32f0xx_hal_gpio.o [4]
HAL_GPIO_ReadPin         0x800'26f1    0xc  Code  Gb  stm32f0xx_hal_gpio.o [4]
HAL_GPIO_WritePin        0x800'26fd    0xc  Code  Gb  stm32f0xx_hal_gpio.o [4]
HAL_GetTick              0x800'4805    0xc  Code  Wk  stm32f0xx_hal.o [4]
HAL_IWDG_Init            0x800'3889   0x56  Code  Gb  stm32f0xx_hal_iwdg.o [4]
HAL_IWDG_Refresh         0x800'38df    0xa  Code  Gb  stm32f0xx_hal_iwdg.o [4]
HAL_IncTick              0x800'6f05   0x10  Code  Wk  stm32f0xx_hal.o [4]
HAL_Init                 0x800'3bf9   0x1a  Code  Gb  stm32f0xx_hal.o [4]
HAL_InitTick             0x800'58ed   0x44  Code  Wk  stm32f0xx_hal.o [4]
HAL_MspInit              0x800'4815   0x2a  Code  Gb  stm32f0xx_hal_msp.o [2]
HAL_NVIC_EnableIRQ       0x800'3c6b   0x12  Code  Gb  stm32f0xx_hal_cortex.o [4]
HAL_NVIC_SetPriority     0x800'3c63    0x8  Code  Gb  stm32f0xx_hal_cortex.o [4]
HAL_RCCEx_PeriphCLKConfig
                         0x800'4709   0xe2  Code  Gb  stm32f0xx_hal_rcc_ex.o [4]
HAL_RCC_ClockConfig      0x800'4569   0xfc  Code  Gb  stm32f0xx_hal_rcc.o [4]
HAL_RCC_GetPCLK1Freq     0x800'46a7   0x14  Code  Gb  stm32f0xx_hal_rcc.o [4]
HAL_RCC_GetSysClockFreq
                         0x800'466d   0x3a  Code  Gb  stm32f0xx_hal_rcc.o [4]
HAL_RCC_GetSysClockFreq::aPLLMULFactorTable
                         0x800'46e8   0x10  Data  Lc  stm32f0xx_hal_rcc.o [4]
HAL_RCC_GetSysClockFreq::aPredivFactorTable
                         0x800'46f8   0x10  Data  Lc  stm32f0xx_hal_rcc.o [4]
HAL_RCC_OscConfig        0x800'41dd  0x37e  Code  Gb  stm32f0xx_hal_rcc.o [4]
HAL_SYSTICK_Config       0x800'3c7d   0x28  Code  Gb  stm32f0xx_hal_cortex.o [4]
HAL_TIMEx_BreakCallback
                         0x800'597f    0x2  Code  Wk  stm32f0xx_hal_tim_ex.o [4]
HAL_TIMEx_CommutCallback
                         0x800'5983    0x2  Code  Wk  stm32f0xx_hal_tim_ex.o [4]
HAL_TIMEx_MasterConfigSynchronization
                         0x800'4185   0x4e  Code  Gb  stm32f0xx_hal_tim_ex.o [4]
HAL_TIM_Base_Init        0x800'3cb5   0x1e  Code  Gb  stm32f0xx_hal_tim.o [4]
HAL_TIM_Base_MspInit     0x800'48af   0x30  Code  Gb  stm32f0xx_hal_msp.o [2]
HAL_TIM_Base_Start_IT    0x800'3cd3   0x42  Code  Gb  stm32f0xx_hal_tim.o [4]
HAL_TIM_ConfigClockSource
                         0x800'3f99   0xcc  Code  Gb  stm32f0xx_hal_tim.o [4]
HAL_TIM_IC_CaptureCallback
                         0x800'5979    0x2  Code  Wk  stm32f0xx_hal_tim.o [4]
HAL_TIM_IRQHandler       0x800'3e51  0x148  Code  Gb  stm32f0xx_hal_tim.o [4]
HAL_TIM_OC_DelayElapsedCallback
                         0x800'597b    0x2  Code  Wk  stm32f0xx_hal_tim.o [4]
HAL_TIM_PWM_PulseFinishedCallback
                         0x800'597d    0x2  Code  Wk  stm32f0xx_hal_tim.o [4]
HAL_TIM_PeriodElapsedCallback
                         0x800'1edb   0x74  Code  Gb  main.o [2]
HAL_TIM_TriggerCallback
                         0x800'5981    0x2  Code  Wk  stm32f0xx_hal_tim.o [4]
HAL_UART_Init            0x800'2801   0x66  Code  Gb  stm32f0xx_hal_uart.o [4]
HAL_UART_MspInit         0x800'48df   0x60  Code  Gb  stm32f0xx_hal_msp.o [2]
HAL_UART_Transmit        0x800'286d   0xda  Code  Gb  stm32f0xx_hal_uart.o [4]
HardFault_Handler        0x800'6edf    0x2  Code  Gb  stm32f0xx_it.o [2]
I2C1_IRQHandler          0x800'6ff7         Code  Wk  startup_stm32f030x6.o [3]
I2C_RW                   0x800'0d79   0x9c  Code  Gb  main.o [2]
I2C_init                 0x800'0c7d   0x56  Code  Gb  main.o [2]
I2C_start                0x800'0cd3   0x4a  Code  Gb  main.o [2]
I2C_stop                 0x800'0d29   0x4a  Code  Gb  main.o [2]
Kadr                     0x800'6b70   0xd0  Data  Gb  main.o [2]
Lcd1                    0x2000'01ec  0x368  Data  Gb  main.o [2]
Lcd_Clear                0x800'02e1   0x2c  Code  Gb  main.o [2]
Lcd_Put_Icon2_Invert     0x800'0319   0x8c  Code  Gb  main.o [2]
Lcd_Put_Pixel_xy         0x800'0289   0x26  Code  Gb  main.o [2]
Lcd_Putchar_Point        0x800'03af   0x82  Code  Gb  main.o [2]
Lcd_Refresh              0x800'02b1   0x30  Code  Gb  main.o [2]
MainCod                  0x800'0c41   0x32  Code  Gb  main.o [2]
ManualSetting            0x800'6120   0xf0  Data  Gb  main.o [2]
Mode                     0x800'66c0   0xf0  Data  Gb  main.o [2]
NMI_Handler              0x800'6edd    0x2  Code  Gb  stm32f0xx_it.o [2]
OutPut                   0x800'04ff   0x38  Code  Gb  main.o [2]
PendSV_Handler           0x800'6ee3    0x2  Code  Gb  stm32f0xx_it.o [2]
Pressure                0x2000'0050    0x4  Data  Gb  main.o [2]
PressureTelurance_eeprom
                        0x2000'0018    0x2  Data  Gb  main.o [2]
PumpState               0x2000'0078    0x4  Data  Gb  main.o [2]
RCC_IRQHandler           0x800'3bbb         Code  Wk  startup_stm32f030x6.o [3]
RTC_IRQHandler           0x800'362f         Code  Wk  startup_stm32f030x6.o [3]
Read_AD                  0x800'055f   0x8c  Code  Gb  main.o [2]
Readpressure             0x800'07fd   0x8c  Code  Gb  main.o [2]
Region$$Table$$Base      0x800'6f60          --   Gb  - Linker created -
Region$$Table$$Limit     0x800'6f80          --   Gb  - Linker created -
Reset_Handler            0x800'7029         Code  Wk  startup_stm32f030x6.o [3]
SPI1_IRQHandler          0x800'7041         Code  Wk  startup_stm32f030x6.o [3]
SVC_Handler              0x800'6ee1    0x2  Code  Gb  stm32f0xx_it.o [2]
Save                     0x800'6c40   0x90  Data  Gb  main.o [2]
SecCount                0x2000'003c    0x4  Data  Gb  main.o [2]
SecMain                 0x2000'0038    0x4  Data  Gb  main.o [2]
SetControlMode           0x800'0aa5   0xca  Code  Gb  main.o [2]
Setting_down            0x2000'00f0    0xc  Data  Gb  main.o [2]
Setting_up              0x2000'0000    0xc  Data  Gb  main.o [2]
Settinglogo             0x2000'0114    0xc  Data  Gb  main.o [2]
SoftSTART                0x800'05f1  0x164  Code  Gb  main.o [2]
SoftSet                 0x2000'0174    0xc  Data  Gb  main.o [2]
SoftSet1                 0x800'67b0   0xf0  Data  Gb  main.o [2]
SoftStartMode            0x800'0a25   0x66  Code  Gb  main.o [2]
SoftStartTime           0x2000'0150    0xc  Data  Gb  main.o [2]
SoftStartTime1           0x800'64e0   0xf0  Data  Gb  main.o [2]
SoftTime_eeprom         0x2000'0010    0x2  Data  Gb  main.o [2]
StartTime               0x2000'012c    0xc  Data  Gb  main.o [2]
StartTime_eeprom        0x2000'000e    0x2  Data  Gb  main.o [2]
StartVoltage            0x2000'0120    0xc  Data  Gb  main.o [2]
StartVoltage_eeprom     0x2000'000c    0x2  Data  Gb  main.o [2]
SysTick_Handler          0x800'6ee5    0x8  Code  Gb  stm32f0xx_it.o [2]
SystemClock_Config       0x800'2405   0x7a  Code  Gb  main.o [2]
SystemCoreClock         0x2000'01b0    0x4  Data  Gb  system_stm32f0xx.o [1]
SystemInit               0x800'7015    0x2  Code  Gb  system_stm32f0xx.o [1]
TAHOMA_8x10             0x2000'00cc    0xc  Data  Gb  main.o [2]
TIM14_IRQHandler         0x800'5c63         Code  Wk  startup_stm32f030x6.o [3]
TIM16_IRQHandler         0x800'6dbb         Code  Wk  startup_stm32f030x6.o [3]
TIM17_IRQHandler         0x800'6feb         Code  Wk  startup_stm32f030x6.o [3]
TIM1_BRK_UP_TRG_COM_IRQHandler
                         0x800'6ef7    0xa  Code  Gb  stm32f0xx_it.o [2]
TIM1_CC_IRQHandler       0x800'5b97         Code  Wk  startup_stm32f030x6.o [3]
TIM3_IRQHandler          0x800'5c5f         Code  Wk  startup_stm32f030x6.o [3]
TIM_Base_SetConfig       0x800'4069   0x72  Code  Gb  stm32f0xx_hal_tim.o [4]
TIM_CCxChannelCmd        0x800'4169   0x1a  Code  Gb  stm32f0xx_hal_tim.o [4]
TIM_ETR_SetConfig        0x800'414d   0x14  Code  Gb  stm32f0xx_hal_tim.o [4]
TIM_ITRx_SetConfig       0x800'413d   0x10  Code  Lc  stm32f0xx_hal_tim.o [4]
TIM_TI1_ConfigInputStage
                         0x800'40f1   0x22  Code  Lc  stm32f0xx_hal_tim.o [4]
TIM_TI2_ConfigInputStage
                         0x800'4113   0x24  Code  Lc  stm32f0xx_hal_tim.o [4]
TimeSet                 0x2000'00e0    0x4  Data  Gb  main.o [2]
TurnOnDelay             0x2000'007c    0x4  Data  Gb  main.o [2]
TurnOnDelayTimer        0x2000'0080    0x4  Data  Gb  main.o [2]
TurnOnDelay_eeprom      0x2000'0016    0x2  Data  Gb  main.o [2]
UART_AdvFeatureConfig    0x800'2a47   0xc8  Code  Gb  stm32f0xx_hal_uart.o [4]
UART_CheckIdleState      0x800'2b15   0xae  Code  Gb  stm32f0xx_hal_uart.o [4]
UART_EndRxTransfer       0x800'2ca5   0x5e  Code  Lc  stm32f0xx_hal_uart.o [4]
UART_SetConfig           0x800'2947  0x100  Code  Gb  stm32f0xx_hal_uart.o [4]
UART_WaitOnFlagUntilTimeout
                         0x800'2bdd   0xa2  Code  Gb  stm32f0xx_hal_uart.o [4]
USART1_IRQHandler        0x800'7043         Code  Wk  startup_stm32f030x6.o [3]
Voltage                 0x2000'002c    0x4  Data  Gb  main.o [2]
Voltagestart             0x800'6300   0xf0  Data  Gb  main.o [2]
WWDG_IRQHandler          0x800'27ff         Code  Wk  startup_stm32f030x6.o [3]
_LC                      0x800'4965    0x8  Code  Lc  xprintffull_nomb.o [5]
_LitobFullNoMb           0x800'5745  0x124  Code  Lc  xprintffull_nomb.o [5]
_Locale_lconv           0x2000'01b4   0x38  Data  Lc  xlocale_c.o [5]
_PrintfFullNoMb          0x800'496d  0xdd8  Code  Gb  xprintffull_nomb.o [5]
_PutcharsFullNoMb        0x800'58b5   0x36  Code  Lc  xprintffull_nomb.o [5]
_SProut                  0x800'2483    0xa  Code  Gb  xsprout.o [5]
_TAHOMA_8x10             0x800'5c78  0x3b8  Data  Gb  main.o [2]
__ICFEDIT_region_RAM_end__ {Abs}
                        0x2000'0fff          --   Gb  <internal module>
__ICFEDIT_region_RAM_start__ {Abs}
                        0x2000'0000          --   Gb  <internal module>
__NVIC_SetPriority       0x800'3c29   0x3a  Code  Lc  stm32f0xx_hal_cortex.o [4]
__aeabi_cdcmple          0x800'5a71         Code  Gb  DblCmpLe.o [6]
__aeabi_cdrcmple         0x800'5aa3         Code  Gb  DblCmpGe.o [6]
__aeabi_cfcmple          0x800'39e1         Code  Gb  FltCmpLe.o [6]
__aeabi_cfrcmple         0x800'39b9         Code  Gb  FltCmpGe.o [6]
__aeabi_d2f              0x800'37e7         Code  Gb  DblToFlt.o [6]
__aeabi_d2iz             0x800'5b45         Code  Gb  DblToI32.o [6]
__aeabi_d2uiz            0x800'5b69         Code  Gb  DblToI32.o [6]
__aeabi_dadd             0x800'3a07         Code  Gb  DblAddSub.o [6]
__aeabi_ddiv             0x800'38f5         Code  Gb  DblDiv.o [6]
__aeabi_dmul             0x800'3663         Code  Gb  DblMul.o [6]
__aeabi_dsub             0x800'3acd         Code  Gb  DblAddSub.o [6]
__aeabi_f2d              0x800'3631         Code  Gb  FltToDbl.o [6]
__aeabi_f2iz             0x800'3bbd         Code  Gb  FltToS32.o [6]
__aeabi_fadd             0x800'33bb         Code  Gb  FltAddSub.o [6]
__aeabi_fdiv             0x800'34db         Code  Gb  FltDiv.o [6]
__aeabi_fmul             0x800'357f         Code  Gb  FltMul.o [6]
__aeabi_fsub             0x800'342b         Code  Gb  FltAddSub.o [6]
__aeabi_i2d              0x800'5bb9         Code  Gb  IxxToDbl.o [6]
__aeabi_i2f              0x800'33a5         Code  Gb  IxxToFlt.o [6]
__aeabi_idiv0            0x800'4811         Code  Gb  IntDivZer.o [7]
__aeabi_ldiv0            0x800'5c61         Code  Gb  I64DivZer.o [7]
__aeabi_memcpy           0x800'5a2d         Code  Gb  ABImemcpy.o [7]
__aeabi_memcpy4          0x800'59f9         Code  Gb  ABImemcpy.o [7]
__aeabi_memcpy8          0x800'59f9         Code  Gb  ABImemcpy.o [7]
__aeabi_ui2d             0x800'5b99         Code  Gb  IxxToDbl.o [6]
__aeabi_ui2f             0x800'3385         Code  Gb  IxxToFlt.o [6]
__aeabi_uldivmod         0x800'5bd9         Code  Gb  I64DivMod.o [7]
__cmain                  0x800'6fc1         Code  Gb  cmain.o [7]
__exit                   0x800'5c65   0x14  Code  Gb  exit.o [8]
__iar_Fail_s             0x800'5999   0x22  Code  Gb  xfail_s.o [5]
__iar_Memchr             0x800'59e1         Code  Gb  memchr.o [7]
__iar_Memcpy             0x800'5a39         Code  Gb  ABImemcpy.o [7]
__iar_Strchr             0x800'5985         Code  Gb  strchr.o [7]
__iar_d2uiz              0x800'5b6d         Code  Gb  DblToI32.o [6]
__iar_data_init3         0x800'6f15   0x28  Code  Gb  data_init.o [7]
__iar_frexp              0x800'5a53         Code  Gb  frexp.o [6]
__iar_frexp64            0x800'5a47         Code  Gb  frexp.o [6]
__iar_frexpl             0x800'5a53         Code  Gb  frexp.o [6]
__iar_ldexp64            0x800'5ad5         Code  Gb  ldexp.o [6]
__iar_lz77_init_single3
                         0x800'6cd1   0x80  Code  Gb  lz77_init_single.o [7]
__iar_program_start      0x800'6ff9         Code  Gb  cstartup_M.o [7]
__iar_scalbln64          0x800'5ad5         Code  Gb  ldexp.o [6]
__iar_scalbn64           0x800'5ad5         Code  Gb  ldexp.o [6]
__iar_small_Memset4_word
                         0x800'3c1d         Code  Gb  ABImemset_small.o [7]
__iar_small_Memset_word
                         0x800'3c1d         Code  Gb  ABImemset_small.o [7]
__iar_small_idiv         0x800'2765         Code  Gb  I32DivMod.o [7]
__iar_small_idivmod      0x800'2765         Code  Gb  I32DivMod.o [7]
__iar_small_memclr       0x800'3c19         Code  Gb  ABImemset_small.o [7]
__iar_small_memclr4      0x800'3c19         Code  Gb  ABImemset_small.o [7]
__iar_small_memclr8      0x800'3c19         Code  Gb  ABImemset_small.o [7]
__iar_small_memset       0x800'3c1d         Code  Gb  ABImemset_small.o [7]
__iar_small_memset4      0x800'3c1d         Code  Gb  ABImemset_small.o [7]
__iar_small_memset8      0x800'3c1d         Code  Gb  ABImemset_small.o [7]
__iar_small_strcpy       0x800'27c5         Code  Gb  strcpy_small.o [7]
__iar_small_uidiv        0x800'278d         Code  Gb  I32DivMod.o [7]
__iar_small_uidivmod     0x800'278d         Code  Gb  I32DivMod.o [7]
__iar_zero_init3         0x800'6e71   0x3c  Code  Gb  zero_init3.o [7]
__low_level_init         0x800'6fdf    0x4  Code  Gb  low_level_init.o [5]
__vector_table           0x800'0000         Data  Gb  startup_stm32f030x6.o [3]
_call_main               0x800'6fcd         Code  Gb  cmain.o [7]
_exit                    0x800'6fed         Code  Gb  cexit.o [7]
abort                    0x800'5c55    0xa  Code  Gb  abort.o [5]
autolSetting             0x800'6210   0xf0  Data  Gb  main.o [2]
bar                     0x2000'00dc    0x4  Data  Gb  main.o [2]
bluetooth                0x800'08f1   0x2c  Code  Gb  main.o [2]
buzzerbig                0x800'0ef5   0x26  Code  Gb  main.o [2]
changeMenu              0x2000'0060    0x4  Data  Gb  main.o [2]
current                 0x2000'0054    0x4  Data  Gb  main.o [2]
delay_ms                 0x800'00b1   0x10  Code  Gb  main.o [2]
delay_us                 0x800'00c1    0xc  Code  Gb  main.o [2]
delay_us_soft            0x800'048f   0x20  Code  Gb  main.o [2]
eeprom_read_int16        0x800'0edd    0xc  Code  Gb  main.o [2]
eeprom_write_int16       0x800'0ec1   0x12  Code  Gb  main.o [2]
exit                     0x800'6fe3    0x8  Code  Gb  exit.o [5]
frexp                    0x800'5a47         Code  Gb  frexp.o [6]
frexpl                   0x800'5a47         Code  Gb  frexp.o [6]
hadc                    0x2000'0624   0x40  Data  Gb  main.o [2]
hiwdg                   0x2000'001c   0x10  Data  Gb  main.o [2]
htim1                   0x2000'05dc   0x48  Data  Gb  main.o [2]
huart1                  0x2000'0554   0x88  Data  Gb  main.o [2]
kadr                    0x2000'0138    0xc  Data  Gb  main.o [2]
lcdBackLightControl      0x800'08a1   0x4a  Code  Gb  main.o [2]
lcdLight                0x2000'0040    0x4  Data  Gb  main.o [2]
lcdLightTimer           0x2000'0044    0x4  Data  Gb  main.o [2]
lcdShow                 0x2000'0084   0x14  Data  Gb  main.o [2]
lcd_gotoxy               0x800'01e1   0x36  Code  Gb  main.o [2]
lcd_port_init            0x800'00cd   0x82  Code  Gb  main.o [2]
lcd_putsf_point          0x800'043b   0x40  Code  Gb  main.o [2]
lcd_x                   0x2000'0668    0x1  Data  Gb  main.o [2]
lcd_y                   0x2000'0669    0x1  Data  Gb  main.o [2]
lcdinit                  0x800'0219   0x6c  Code  Gb  main.o [2]
lcdreset                 0x800'014f   0x1c  Code  Gb  main.o [2]
lcdsend                  0x800'0175   0x6c  Code  Gb  main.o [2]
ldexp                    0x800'5ad5         Code  Gb  ldexp.o [6]
ldexpl                   0x800'5ad5         Code  Gb  ldexp.o [6]
localeconv               0x800'5bcd    0x4  Code  Gb  xlocale_c.o [5]
logo                    0x2000'00e4    0xc  Data  Gb  main.o [2]
logoSetting              0x800'6dbc   0x64  Data  Gb  main.o [2]
lut                      0x800'6eac   0x30  Data  Lc  main.o [2]
main                     0x800'1f69  0x466  Code  Gb  main.o [2]
memchr                   0x800'59e1         Code  Gb  memchr.o [7]
menu                     0x800'1d3d  0x19e  Code  Gb  main.o [2]
menuSelect              0x2000'005c    0x4  Data  Gb  main.o [2]
modeControlCount        0x2000'0058    0x4  Data  Gb  main.o [2]
mode_eeprom             0x2000'0014    0x2  Data  Gb  main.o [2]
ofTimer                 0x2000'0068    0x4  Data  Gb  main.o [2]
ofTimer_eeprom          0x2000'001a    0x2  Data  Gb  main.o [2]
oftimerCount            0x2000'0064    0x4  Data  Gb  main.o [2]
pavan                    0x800'6030   0xf0  Data  Gb  main.o [2]
pressure_eeprom         0x2000'0012    0x2  Data  Gb  main.o [2]
readCurrent              0x800'0779   0x68  Code  Gb  main.o [2]
saved                   0x2000'0144    0xc  Data  Gb  main.o [2]
scalbln                  0x800'5ad5         Code  Gb  ldexp.o [6]
scalblnl                 0x800'5ad5         Code  Gb  ldexp.o [6]
scalbn                   0x800'5ad5         Code  Gb  ldexp.o [6]
scalbnl                  0x800'5ad5         Code  Gb  ldexp.o [6]
scale                    0x800'5869   0x44  Code  Lc  xprintffull_nomb.o [5]
sec_hand                0x2000'0664    0x4  Data  Lc  xfail_s.o [5]
setcontrol              0x2000'0180    0xc  Data  Gb  main.o [2]
setcontrol1              0x800'68a0   0xf0  Data  Gb  main.o [2]
setting                 0x2000'0048    0x4  Data  Gb  main.o [2]
show_uart                0x800'0537   0x28  Code  Gb  main.o [2]
softStart_State         0x2000'0034    0x4  Data  Gb  main.o [2]
softTimer1              0x2000'0030    0x4  Data  Gb  main.o [2]
sprintf                  0x800'3849   0x40  Code  Gb  sprintf.o [5]
ss                      0x2000'0098   0x34  Data  Gb  main.o [2]
strcat                   0x800'27d5   0x1c  Code  Gb  strcat.o [5]
strchr                   0x800'5985         Code  Gb  strchr.o [7]
strlen                   0x800'27f1         Code  Gb  strlen.o [7]
tanzimAutomatic          0x800'1b5d  0x150  Code  Gb  main.o [2]
tanzimDasti              0x800'1799  0x1d0  Code  Gb  main.o [2]
tanzimDasti_Current      0x800'0f85  0x1ae  Code  Gb  main.o [2]
tanzimDasti_Device_Mode
                         0x800'19ed  0x160  Code  Gb  main.o [2]
tanzimDasti_feshar       0x800'1141  0x168  Code  Gb  main.o [2]
tanzimDasti_start_soft   0x800'15ed  0x190  Code  Gb  main.o [2]
tanzimDasti_start_time   0x800'1451  0x182  Code  Gb  main.o [2]
tanzimDasti_start_voltage
                         0x800'12d1  0x16c  Code  Gb  main.o [2]
tanzim_Auto             0x2000'0108    0xc  Data  Gb  main.o [2]
tanzim_manual           0x2000'00fc    0xc  Data  Gb  main.o [2]
tanzimatdown             0x800'6fa0   0x20  Data  Gb  main.o [2]
tanzimatup               0x800'6f80   0x20  Data  Gb  main.o [2]
tanzimfeshar            0x2000'015c    0xc  Data  Gb  main.o [2]
tanzimfeshar32           0x800'65d0   0xf0  Data  Gb  main.o [2]
taqsim                  0x2000'0074    0x4  Data  Gb  main.o [2]
timeSoft2               0x2000'0070    0x4  Data  Gb  main.o [2]
timestart                0x800'63f0   0xf0  Data  Gb  main.o [2]
uwTick                  0x2000'01a8    0x4  Data  Gb  stm32f0xx_hal.o [4]
uwTickFreq              0x2000'01a4    0x1  Data  Gb  stm32f0xx_hal.o [4]
uwTickPrio              0x2000'01ac    0x4  Data  Gb  stm32f0xx_hal.o [4]
volt2                   0x2000'006c    0x4  Data  Gb  main.o [2]
voltage_to_time          0x800'04af   0x50  Code  Gb  main.o [2]
zero_cross_flag         0x2000'00d8    0x4  Data  Gb  main.o [2]


[1] = F:\ELECTRONIC\sherkat\Dimmer_Pump\Dimmer_Pumo\EWARM\Dimmer_Pumo\Obj\CMSIS_6603591812247902717.dir
[2] = F:\ELECTRONIC\sherkat\Dimmer_Pump\Dimmer_Pumo\EWARM\Dimmer_Pumo\Obj\Core_13247989168731456611.dir
[3] = F:\ELECTRONIC\sherkat\Dimmer_Pump\Dimmer_Pumo\EWARM\Dimmer_Pumo\Obj\EWARM_18443280873093131863.dir
[4] = F:\ELECTRONIC\sherkat\Dimmer_Pump\Dimmer_Pumo\EWARM\Dimmer_Pumo\Obj\STM32F0xx_HAL_Driver_12736992878974344111.dir
[5] = dl6M_tlf.a
[6] = m6M_tl.a
[7] = rt6M_tl.a
[8] = shb_l.a

  24'080 bytes of readonly  code memory
   4'821 bytes of readonly  data memory
   2'666 bytes of readwrite data memory

Errors: none
Warnings: none
