###############################################################################
#
# IAR ELF Linker V9.60.3.422/W64 for ARM                  06/Jul/2025  17:20:55
# Copyright 2007-2024 IAR Systems AB.
#
#    Output file  =
#        F:\ELECTRONIC\sherkat\Dimmer_Pump\Dimmer_Pumo\EWARM\Dimmer_Pumo\Exe\Dimmer_Pumo.out
#    Map file     =
#        F:\ELECTRONIC\sherkat\Dimmer_Pump\Dimmer_Pumo\EWARM\Dimmer_Pumo\List\Dimmer_Pumo.map
#    Command line =
#        -f
#        F:\ELECTRONIC\sherkat\Dimmer_Pump\Dimmer_Pumo\EWARM\Dimmer_Pumo\Exe\Dimmer_Pumo.out.rsp
#        (F:\ELECTRONIC\sherkat\Dimmer_Pump\Dimmer_Pumo\EWARM\Dimmer_Pumo\Obj\Core_13247989168731456611.dir\main.o
#        F:\ELECTRONIC\sherkat\Dimmer_Pump\Dimmer_Pumo\EWARM\Dimmer_Pumo\Obj\EWARM_18443280873093131863.dir\startup_stm32f030x6.o
#        F:\ELECTRONIC\sherkat\Dimmer_Pump\Dimmer_Pumo\EWARM\Dimmer_Pumo\Obj\STM32F0xx_HAL_Driver_12736992878974344111.dir\stm32f0xx_hal.o
#        F:\ELECTRONIC\sherkat\Dimmer_Pump\Dimmer_Pumo\EWARM\Dimmer_Pumo\Obj\STM32F0xx_HAL_Driver_12736992878974344111.dir\stm32f0xx_hal_adc.o
#        F:\ELECTRONIC\sherkat\Dimmer_Pump\Dimmer_Pumo\EWARM\Dimmer_Pumo\Obj\STM32F0xx_HAL_Driver_12736992878974344111.dir\stm32f0xx_hal_adc_ex.o
#        F:\ELECTRONIC\sherkat\Dimmer_Pump\Dimmer_Pumo\EWARM\Dimmer_Pumo\Obj\STM32F0xx_HAL_Driver_12736992878974344111.dir\stm32f0xx_hal_cortex.o
#        F:\ELECTRONIC\sherkat\Dimmer_Pump\Dimmer_Pumo\EWARM\Dimmer_Pumo\Obj\STM32F0xx_HAL_Driver_12736992878974344111.dir\stm32f0xx_hal_dma.o
#        F:\ELECTRONIC\sherkat\Dimmer_Pump\Dimmer_Pumo\EWARM\Dimmer_Pumo\Obj\STM32F0xx_HAL_Driver_12736992878974344111.dir\stm32f0xx_hal_exti.o
#        F:\ELECTRONIC\sherkat\Dimmer_Pump\Dimmer_Pumo\EWARM\Dimmer_Pumo\Obj\STM32F0xx_HAL_Driver_12736992878974344111.dir\stm32f0xx_hal_flash.o
#        F:\ELECTRONIC\sherkat\Dimmer_Pump\Dimmer_Pumo\EWARM\Dimmer_Pumo\Obj\STM32F0xx_HAL_Driver_12736992878974344111.dir\stm32f0xx_hal_flash_ex.o
#        F:\ELECTRONIC\sherkat\Dimmer_Pump\Dimmer_Pumo\EWARM\Dimmer_Pumo\Obj\STM32F0xx_HAL_Driver_12736992878974344111.dir\stm32f0xx_hal_gpio.o
#        F:\ELECTRONIC\sherkat\Dimmer_Pump\Dimmer_Pumo\EWARM\Dimmer_Pumo\Obj\STM32F0xx_HAL_Driver_12736992878974344111.dir\stm32f0xx_hal_i2c.o
#        F:\ELECTRONIC\sherkat\Dimmer_Pump\Dimmer_Pumo\EWARM\Dimmer_Pumo\Obj\STM32F0xx_HAL_Driver_12736992878974344111.dir\stm32f0xx_hal_i2c_ex.o
#        F:\ELECTRONIC\sherkat\Dimmer_Pump\Dimmer_Pumo\EWARM\Dimmer_Pumo\Obj\Core_13247989168731456611.dir\stm32f0xx_hal_msp.o
#        F:\ELECTRONIC\sherkat\Dimmer_Pump\Dimmer_Pumo\EWARM\Dimmer_Pumo\Obj\STM32F0xx_HAL_Driver_12736992878974344111.dir\stm32f0xx_hal_pwr.o
#        F:\ELECTRONIC\sherkat\Dimmer_Pump\Dimmer_Pumo\EWARM\Dimmer_Pumo\Obj\STM32F0xx_HAL_Driver_12736992878974344111.dir\stm32f0xx_hal_pwr_ex.o
#        F:\ELECTRONIC\sherkat\Dimmer_Pump\Dimmer_Pumo\EWARM\Dimmer_Pumo\Obj\STM32F0xx_HAL_Driver_12736992878974344111.dir\stm32f0xx_hal_rcc.o
#        F:\ELECTRONIC\sherkat\Dimmer_Pump\Dimmer_Pumo\EWARM\Dimmer_Pumo\Obj\STM32F0xx_HAL_Driver_12736992878974344111.dir\stm32f0xx_hal_rcc_ex.o
#        F:\ELECTRONIC\sherkat\Dimmer_Pump\Dimmer_Pumo\EWARM\Dimmer_Pumo\Obj\STM32F0xx_HAL_Driver_12736992878974344111.dir\stm32f0xx_hal_tim.o
#        F:\ELECTRONIC\sherkat\Dimmer_Pump\Dimmer_Pumo\EWARM\Dimmer_Pumo\Obj\STM32F0xx_HAL_Driver_12736992878974344111.dir\stm32f0xx_hal_tim_ex.o
#        F:\ELECTRONIC\sherkat\Dimmer_Pump\Dimmer_Pumo\EWARM\Dimmer_Pumo\Obj\STM32F0xx_HAL_Driver_12736992878974344111.dir\stm32f0xx_hal_uart.o
#        F:\ELECTRONIC\sherkat\Dimmer_Pump\Dimmer_Pumo\EWARM\Dimmer_Pumo\Obj\STM32F0xx_HAL_Driver_12736992878974344111.dir\stm32f0xx_hal_uart_ex.o
#        F:\ELECTRONIC\sherkat\Dimmer_Pump\Dimmer_Pumo\EWARM\Dimmer_Pumo\Obj\Core_13247989168731456611.dir\stm32f0xx_it.o
#        F:\ELECTRONIC\sherkat\Dimmer_Pump\Dimmer_Pumo\EWARM\Dimmer_Pumo\Obj\CMSIS_6603591812247902717.dir\system_stm32f0xx.o
#        --no_out_extension -o
#        F:\ELECTRONIC\sherkat\Dimmer_Pump\Dimmer_Pumo\EWARM\Dimmer_Pumo\Exe\Dimmer_Pumo.out
#        --redirect _Printf=_PrintfFullNoMb --redirect _Scanf=_ScanfFullNoMb
#        --map
#        F:\ELECTRONIC\sherkat\Dimmer_Pump\Dimmer_Pumo\EWARM\Dimmer_Pumo\List\Dimmer_Pumo.map
#        --config
#        F:\ELECTRONIC\sherkat\Dimmer_Pump\Dimmer_Pumo\EWARM/stm32f030x6_flash.icf
#        --semihosting --entry __iar_program_start --vfe --text_out locale
#        --cpu=Cortex-M0 --fpu=None) --dependencies=n
#        F:\ELECTRONIC\sherkat\Dimmer_Pump\Dimmer_Pumo\EWARM\Dimmer_Pumo\Exe\Dimmer_Pumo.out.iar_deps
#
###############################################################################

*******************************************************************************
*** RUNTIME MODEL ATTRIBUTES
***

CppFlavor       = *
__CPP_Runtime   = 1
__SystemLibrary = DLib
__dlib_version  = 6


*******************************************************************************
*** HEAP SELECTION
***

The basic heap was selected because --advanced_heap
was not specified and the application did not appear to
be primarily optimized for speed.


*******************************************************************************
*** PLACEMENT SUMMARY
***

"A0":  place at address 0x800'0000 { ro section .intvec };
"P1":  place in [from 0x800'0000 to 0x800'7fff] { ro };
define block CSTACK with size = 1K, alignment = 8 { };
define block HEAP with size = 512, alignment = 8 { };
"P2":  place in [from 0x2000'0000 to 0x2000'0fff] {
          rw, block CSTACK, block HEAP };
initialize by copy { rw };

  Section            Kind         Address  Alignment    Size  Object
  -------            ----         -------  ---------    ----  ------
"A0":                                                   0xb0
  .intvec            ro code   0x800'0000          4    0xb0  startup_stm32f030x6.o [3]
                             - 0x800'00b0               0xb0

"P1":                                                 0x4b40
  .text              ro code   0x800'00b0          4   0xf52  xprintffull_nomb.o [5]
  .text              ro code   0x800'1002          2    0x3e  packbits_init_single.o [7]
  .text              ro code   0x800'1040          4    0x12  strchr.o [7]
  .text              ro code   0x800'1052          2     0xa  xsprout.o [5]
  .text              ro code   0x800'105c          4    0x48  xfail_s.o [5]
  .text              ro code   0x800'10a4          4     0xe  strlen.o [7]
  .text              ro code   0x800'10b2          2     0x2  startup_stm32f030x6.o [3]
  .text              ro code   0x800'10b4          4    0x16  memchr.o [7]
  .text              ro code   0x800'10ca          2     0x2  startup_stm32f030x6.o [3]
  .text              ro code   0x800'10cc          4    0x4e  ABImemcpy.o [7]
  .text              ro code   0x800'111a          2    0x2a  frexp.o [6]
  .text              ro code   0x800'1144          2    0x32  DblCmpLe.o [6]
  .text              ro code   0x800'1176          2    0x32  DblCmpGe.o [6]
  .text              ro code   0x800'11a8          2    0x70  ldexp.o [6]
  .text              ro code   0x800'1218          4    0x52  DblToI32.o [6]
  .text              ro code   0x800'126a          2     0x2  startup_stm32f030x6.o [3]
  .text              ro code   0x800'126c          4    0x34  IxxToDbl.o [6]
  .text              ro code   0x800'12a0          2   0x1a8  DblAddSub.o [6]
  .text              ro code   0x800'1448          4    0x5e  I32DivMod.o [7]
  .text              ro code   0x800'14a6          2    0xc2  DblDiv.o [6]
  .text              ro code   0x800'1568          2   0x184  DblMul.o [6]
  .text              ro code   0x800'16ec          2    0x7c  I64DivMod.o [7]
  .text              ro code   0x800'1768          2     0xa  abort.o [5]
  .text              ro code   0x800'1772          2     0x2  startup_stm32f030x6.o [3]
  .text              ro code   0x800'1774          4     0x2  IntDivZer.o [7]
  .text              ro code   0x800'1776          2     0x2  startup_stm32f030x6.o [3]
  .text              ro code   0x800'1778          4     0x2  I64DivZer.o [7]
  .text              ro code   0x800'177a          2     0x2  startup_stm32f030x6.o [3]
  .text              ro code   0x800'177c          4    0x14  exit.o [8]
  .text              ro code   0x800'1790          4   0xeb0  main.o [2]
  .text              ro code   0x800'2640          4   0x1d8  stm32f0xx_hal_gpio.o [4]
  .text              ro code   0x800'2818          4    0x28  stm32f0xx_hal.o [4]
  .text              ro code   0x800'2840          4    0x40  sprintf.o [5]
  .text              ro code   0x800'2880          4   0x54c  stm32f0xx_hal_adc.o [4]
  .text              ro code   0x800'2dcc          2    0x62  DblToFlt.o [6]
  .text              ro code   0x800'2e2e          2     0x2  startup_stm32f030x6.o [3]
  .text              ro code   0x800'2e30          4    0x32  FltToDbl.o [6]
  .text              ro code   0x800'2e62          2     0x2  startup_stm32f030x6.o [3]
  .text              ro code   0x800'2e64          4    0x20  stm32f0xx_hal.o [4]
  .text              ro code   0x800'2e84          4     0xc  ABImemset_small.o [7]
  .text              ro code   0x800'2e90          4    0x8c  stm32f0xx_hal_cortex.o [4]
  .text              ro code   0x800'2f1c          4   0x42c  stm32f0xx_hal_uart.o [4]
  .text              ro code   0x800'3348          4   0x4ce  stm32f0xx_hal_tim.o [4]
  .text              ro code   0x800'3816          2     0x2  startup_stm32f030x6.o [3]
  .text              ro code   0x800'3818          4    0x58  stm32f0xx_hal_tim_ex.o [4]
  .text              ro code   0x800'3870          4   0x52c  stm32f0xx_hal_rcc.o [4]
  .text              ro code   0x800'3d9c          4    0xfc  stm32f0xx_hal_rcc_ex.o [4]
  .text              ro code   0x800'3e98          4     0xc  stm32f0xx_hal.o [4]
  .text              ro code   0x800'3ea4          4   0x124  stm32f0xx_hal_msp.o [2]
  .text              ro code   0x800'3fc8          4    0x44  stm32f0xx_hal.o [4]
  .text              ro code   0x800'400c          4    0x48  stm32f0xx_hal_dma.o [4]
  .text              ro code   0x800'4054          2     0x2  stm32f0xx_hal_tim.o [4]
  .text              ro code   0x800'4056          2     0x2  stm32f0xx_hal_tim.o [4]
  .text              ro code   0x800'4058          2     0x2  stm32f0xx_hal_tim.o [4]
  .text              ro code   0x800'405a          2     0x2  stm32f0xx_hal_tim_ex.o [4]
  .text              ro code   0x800'405c          2     0x2  stm32f0xx_hal_tim.o [4]
  .text              ro code   0x800'405e          2     0x2  stm32f0xx_hal_tim_ex.o [4]
  .rodata            const     0x800'4060          4   0x3b8  main.o [2]
  .rodata            const     0x800'4418          4   0x330  main.o [2]
  .rodata            const     0x800'4748          4    0x90  main.o [2]
  .rodata            const     0x800'47d8          4    0x7c  main.o [2]
  .rodata            const     0x800'4854          4    0x6c  main.o [2]
  .rodata            const     0x800'48c0          4    0x6a  xprintffull_nomb.o [5]
  .text              ro code   0x800'492a          2     0x2  startup_stm32f030x6.o [3]
  .rodata            const     0x800'492c          4    0x64  main.o [2]
  .rodata            const     0x800'4990          4    0x58  main.o [2]
  .text              ro code   0x800'49e8          2    0x3c  zero_init3.o [7]
  .text              ro code   0x800'4a24          4    0x28  stm32f0xx_it.o [2]
  .text              ro code   0x800'4a4c          4    0x10  stm32f0xx_hal.o [4]
  .text              ro code   0x800'4a5c          4    0x28  data_init.o [7]
  .iar.init_table    const     0x800'4a84          4    0x20  - Linker created -
  .rodata            const     0x800'4aa4          4    0x20  main.o [2]
  .rodata            const     0x800'4ac4          4    0x20  main.o [2]
  .text              ro code   0x800'4ae4          4    0x1e  cmain.o [7]
  .text              ro code   0x800'4b02          2     0x4  low_level_init.o [5]
  .text              ro code   0x800'4b06          2     0x8  exit.o [5]
  .text              ro code   0x800'4b0e          2     0x2  startup_stm32f030x6.o [3]
  .text              ro code   0x800'4b10          4     0xa  cexit.o [7]
  .text              ro code   0x800'4b1a          2     0x2  startup_stm32f030x6.o [3]
  .text              ro code   0x800'4b1c          4    0x1c  cstartup_M.o [7]
  .text              ro code   0x800'4b38          4    0x14  system_stm32f0xx.o [1]
  .text              ro code   0x800'4b4c          4    0x10  startup_stm32f030x6.o [3]
  .rodata            const     0x800'4b5c          4     0x8  system_stm32f0xx.o [1]
  .text              ro code   0x800'4b64          2     0x2  startup_stm32f030x6.o [3]
  .text              ro code   0x800'4b66          2     0x2  startup_stm32f030x6.o [3]
  .text              ro code   0x800'4b68          2     0x2  startup_stm32f030x6.o [3]
  .text              ro code   0x800'4b6a          2     0x2  startup_stm32f030x6.o [3]
  .text              ro code   0x800'4b6c          2     0x2  startup_stm32f030x6.o [3]
  .text              ro code   0x800'4b6e          2     0x2  startup_stm32f030x6.o [3]
  .rodata            const     0x800'4b70                0x0  zero_init3.o [7]
  .rodata            const     0x800'4b70                0x0  packbits_init_single.o [7]
  Initializer bytes  const     0x800'4b70               0x80  <for P2-1>
                             - 0x800'4bf0             0x4b40

"P2", part 1 of 3:                                      0xa8
  P2-1                        0x2000'0000               0xa8  <Init block>
    .data            inited   0x2000'0000          4    0x38  main.o [2]
    .data            inited   0x2000'0038          4     0xc  main.o [2]
    .data            inited   0x2000'0044          4     0xc  main.o [2]
    .data            inited   0x2000'0050          4     0xc  main.o [2]
    .data            inited   0x2000'005c          4    0x18  main.o [2]
    .data            inited   0x2000'0074          4    0x24  main.o [2]
    .data            inited   0x2000'0098          4     0xc  stm32f0xx_hal.o [4]
    .data            inited   0x2000'00a4          4     0x4  system_stm32f0xx.o [1]
                            - 0x2000'00a8               0xa8

"P2", part 2 of 3:                                     0x484
  .bss               zero     0x2000'00a8          4   0x368  main.o [2]
  .bss               zero     0x2000'0410          4    0xd0  main.o [2]
  .bss               zero     0x2000'04e0          4    0x40  main.o [2]
  .bss               zero     0x2000'0520          4     0x4  main.o [2]
  .bss               zero     0x2000'0524          4     0x4  xfail_s.o [5]
  .bss               zero     0x2000'0528                0x2  main.o [2]
                            - 0x2000'052a              0x482

"P2", part 3 of 3:                                     0x400
  CSTACK                      0x2000'0530          8   0x400  <Block>
    CSTACK           uninit   0x2000'0530              0x400  <Block tail>
                            - 0x2000'0930              0x400

Unused ranges:

         From           To    Size
         ----           --    ----
   0x800'4bf0   0x800'7fff  0x3410
  0x2000'052c  0x2000'052f     0x4
  0x2000'0930  0x2000'0fff   0x6d0


*******************************************************************************
*** INIT TABLE
***

          Address      Size
          -------      ----
Zero (__iar_zero_init3)
    1 destination range, total size 0x482:
          0x2000'00a8  0x482

Copy/packbits (__iar_packbits_init_single3)
    1 source range, total size 0x80 (76% of destination):
           0x800'4b70   0x80
    1 destination range, total size 0xa8:
          0x2000'0000   0xa8



*******************************************************************************
*** MODULE SUMMARY
***

    Module                  ro code  ro data  rw data
    ------                  -------  -------  -------
command line/config:
    -------------------------------------------------
    Total:

F:\ELECTRONIC\sherkat\Dimmer_Pump\Dimmer_Pumo\EWARM\Dimmer_Pumo\Obj\CMSIS_6603591812247902717.dir: [1]
    system_stm32f0xx.o           20       12        4
    -------------------------------------------------
    Total:                       20       12        4

F:\ELECTRONIC\sherkat\Dimmer_Pump\Dimmer_Pumo\EWARM\Dimmer_Pumo\Obj\Core_13247989168731456611.dir: [2]
    main.o                    3'760    2'511    1'302
    stm32f0xx_hal_msp.o         292
    stm32f0xx_it.o               40
    -------------------------------------------------
    Total:                    4'092    2'511    1'302

F:\ELECTRONIC\sherkat\Dimmer_Pump\Dimmer_Pumo\EWARM\Dimmer_Pumo\Obj\EWARM_18443280873093131863.dir: [3]
    startup_stm32f030x6.o       228
    -------------------------------------------------
    Total:                      228

F:\ELECTRONIC\sherkat\Dimmer_Pump\Dimmer_Pumo\EWARM\Dimmer_Pumo\Obj\STM32F0xx_HAL_Driver_12736992878974344111.dir: [4]
    stm32f0xx_hal.o             168        9       12
    stm32f0xx_hal_adc.o       1'356
    stm32f0xx_hal_cortex.o      140
    stm32f0xx_hal_dma.o          72
    stm32f0xx_hal_gpio.o        472
    stm32f0xx_hal_rcc.o       1'324
    stm32f0xx_hal_rcc_ex.o      252
    stm32f0xx_hal_tim.o       1'238
    stm32f0xx_hal_tim_ex.o       92
    stm32f0xx_hal_uart.o      1'068
    -------------------------------------------------
    Total:                    6'182        9       12

dl6M_tln.a: [5]
    abort.o                      10
    exit.o                        8
    low_level_init.o              4
    sprintf.o                    64
    xfail_s.o                    72                 4
    xprintffull_nomb.o        3'922      106
    xsprout.o                    10
    -------------------------------------------------
    Total:                    4'090      106        4

m6M_tl.a: [6]
    DblAddSub.o                 424
    DblCmpGe.o                   50
    DblCmpLe.o                   50
    DblDiv.o                    194
    DblMul.o                    388
    DblToFlt.o                   98
    DblToI32.o                   82
    FltToDbl.o                   50
    IxxToDbl.o                   52
    frexp.o                      42
    ldexp.o                     112
    -------------------------------------------------
    Total:                    1'542

rt6M_tl.a: [7]
    ABImemcpy.o                  78
    ABImemset_small.o            12
    I32DivMod.o                  94
    I64DivMod.o                 124
    I64DivZer.o                   2
    IntDivZer.o                   2
    cexit.o                      10
    cmain.o                      30
    cstartup_M.o                 28
    data_init.o                  40
    memchr.o                     22
    packbits_init_single.o       62
    strchr.o                     18
    strlen.o                     14
    zero_init3.o                 60
    -------------------------------------------------
    Total:                      596

shb_l.a: [8]
    exit.o                       20
    -------------------------------------------------
    Total:                       20

    Linker created                        32    1'024
-----------------------------------------------------
    Grand Total:             16'770    2'670    2'346


*******************************************************************************
*** ENTRY LIST
***

Entry                       Address   Size  Type      Object
-----                       -------   ----  ----      ------
.iar.init_table$$Base    0x800'4a84          --   Gb  - Linker created -
.iar.init_table$$Limit   0x800'4aa4          --   Gb  - Linker created -
?main                    0x800'4ae5         Code  Gb  cmain.o [7]
ADC1_IRQHandler          0x800'492b         Code  Wk  startup_stm32f030x6.o [3]
ADC_ConversionStop       0x800'2d61   0x58  Code  Lc  stm32f0xx_hal_adc.o [4]
ADC_Disable              0x800'2cf5   0x6c  Code  Lc  stm32f0xx_hal_adc.o [4]
ADC_Enable               0x800'2c59   0x90  Code  Lc  stm32f0xx_hal_adc.o [4]
AHBPrescTable            0x800'4b3c   0x10  Data  Gb  system_stm32f0xx.o [1]
APBPrescTable            0x800'4b5c    0x8  Data  Gb  system_stm32f0xx.o [1]
CSTACK$$Base            0x2000'0530          --   Gb  - Linker created -
CSTACK$$Limit           0x2000'0930          --   Gb  - Linker created -
DMA1_Channel1_IRQHandler
                         0x800'2e2f         Code  Wk  startup_stm32f030x6.o [3]
DMA1_Channel2_3_IRQHandler
                         0x800'2e63         Code  Wk  startup_stm32f030x6.o [3]
DMA1_Channel4_5_IRQHandler
                         0x800'3817         Code  Wk  startup_stm32f030x6.o [3]
EXTI0_1_IRQHandler       0x800'1777         Code  Wk  startup_stm32f030x6.o [3]
EXTI2_3_IRQHandler       0x800'177b         Code  Wk  startup_stm32f030x6.o [3]
EXTI4_15_IRQHandler      0x800'4a35    0xa  Code  Gb  stm32f0xx_it.o [2]
Error_Handler            0x800'2615    0x4  Code  Gb  main.o [2]
FLASH_IRQHandler         0x800'126b         Code  Wk  startup_stm32f030x6.o [3]
HAL_ADC_ConfigChannel    0x800'2b67   0xf0  Code  Gb  stm32f0xx_hal_adc.o [4]
HAL_ADC_GetValue         0x800'2b61    0x6  Code  Gb  stm32f0xx_hal_adc.o [4]
HAL_ADC_Init             0x800'2881  0x166  Code  Gb  stm32f0xx_hal_adc.o [4]
HAL_ADC_MspInit          0x800'3ecf   0x56  Code  Gb  stm32f0xx_hal_msp.o [2]
HAL_ADC_PollForConversion
                         0x800'2a75   0xd0  Code  Gb  stm32f0xx_hal_adc.o [4]
HAL_ADC_Start            0x800'29e7   0x4e  Code  Gb  stm32f0xx_hal_adc.o [4]
HAL_ADC_Stop             0x800'2a35   0x3c  Code  Gb  stm32f0xx_hal_adc.o [4]
HAL_DMA_Abort_IT         0x800'400d   0x48  Code  Gb  stm32f0xx_hal_dma.o [4]
HAL_Delay                0x800'2819   0x28  Code  Wk  stm32f0xx_hal.o [4]
HAL_GPIO_EXTI_Callback   0x800'1b61   0x14  Code  Gb  main.o [2]
HAL_GPIO_EXTI_IRQHandler
                         0x800'27e5   0x16  Code  Gb  stm32f0xx_hal_gpio.o [4]
HAL_GPIO_Init            0x800'2641  0x18c  Code  Gb  stm32f0xx_hal_gpio.o [4]
HAL_GPIO_ReadPin         0x800'27cd    0xc  Code  Gb  stm32f0xx_hal_gpio.o [4]
HAL_GPIO_WritePin        0x800'27d9    0xc  Code  Gb  stm32f0xx_hal_gpio.o [4]
HAL_GetTick              0x800'3e99    0xc  Code  Wk  stm32f0xx_hal.o [4]
HAL_IncTick              0x800'4a4d   0x10  Code  Wk  stm32f0xx_hal.o [4]
HAL_Init                 0x800'2e65   0x1a  Code  Gb  stm32f0xx_hal.o [4]
HAL_InitTick             0x800'3fc9   0x44  Code  Wk  stm32f0xx_hal.o [4]
HAL_MspInit              0x800'3ea5   0x2a  Code  Gb  stm32f0xx_hal_msp.o [2]
HAL_NVIC_EnableIRQ       0x800'2ed3   0x12  Code  Gb  stm32f0xx_hal_cortex.o [4]
HAL_NVIC_SetPriority     0x800'2ecb    0x8  Code  Gb  stm32f0xx_hal_cortex.o [4]
HAL_RCCEx_PeriphCLKConfig
                         0x800'3d9d   0xe2  Code  Gb  stm32f0xx_hal_rcc_ex.o [4]
HAL_RCC_ClockConfig      0x800'3bfd   0xfc  Code  Gb  stm32f0xx_hal_rcc.o [4]
HAL_RCC_GetPCLK1Freq     0x800'3d3b   0x14  Code  Gb  stm32f0xx_hal_rcc.o [4]
HAL_RCC_GetSysClockFreq
                         0x800'3d01   0x3a  Code  Gb  stm32f0xx_hal_rcc.o [4]
HAL_RCC_GetSysClockFreq::aPLLMULFactorTable
                         0x800'3d7c   0x10  Data  Lc  stm32f0xx_hal_rcc.o [4]
HAL_RCC_GetSysClockFreq::aPredivFactorTable
                         0x800'3d8c   0x10  Data  Lc  stm32f0xx_hal_rcc.o [4]
HAL_RCC_OscConfig        0x800'3871  0x37e  Code  Gb  stm32f0xx_hal_rcc.o [4]
HAL_SYSTICK_Config       0x800'2ee5   0x28  Code  Gb  stm32f0xx_hal_cortex.o [4]
HAL_TIMEx_BreakCallback
                         0x800'405b    0x2  Code  Wk  stm32f0xx_hal_tim_ex.o [4]
HAL_TIMEx_CommutCallback
                         0x800'405f    0x2  Code  Wk  stm32f0xx_hal_tim_ex.o [4]
HAL_TIMEx_MasterConfigSynchronization
                         0x800'3819   0x4e  Code  Gb  stm32f0xx_hal_tim_ex.o [4]
HAL_TIM_Base_Init        0x800'3349   0x1e  Code  Gb  stm32f0xx_hal_tim.o [4]
HAL_TIM_Base_MspInit     0x800'3f25   0x30  Code  Gb  stm32f0xx_hal_msp.o [2]
HAL_TIM_Base_Start_IT    0x800'3367   0x42  Code  Gb  stm32f0xx_hal_tim.o [4]
HAL_TIM_ConfigClockSource
                         0x800'362d   0xcc  Code  Gb  stm32f0xx_hal_tim.o [4]
HAL_TIM_IC_CaptureCallback
                         0x800'4055    0x2  Code  Wk  stm32f0xx_hal_tim.o [4]
HAL_TIM_IRQHandler       0x800'34e5  0x148  Code  Gb  stm32f0xx_hal_tim.o [4]
HAL_TIM_OC_DelayElapsedCallback
                         0x800'4057    0x2  Code  Wk  stm32f0xx_hal_tim.o [4]
HAL_TIM_PWM_PulseFinishedCallback
                         0x800'4059    0x2  Code  Wk  stm32f0xx_hal_tim.o [4]
HAL_TIM_PeriodElapsedCallback
                         0x800'21d3   0x58  Code  Gb  main.o [2]
HAL_TIM_TriggerCallback
                         0x800'405d    0x2  Code  Wk  stm32f0xx_hal_tim.o [4]
HAL_UART_Init            0x800'2f1d   0x66  Code  Gb  stm32f0xx_hal_uart.o [4]
HAL_UART_MspInit         0x800'3f55   0x60  Code  Gb  stm32f0xx_hal_msp.o [2]
HardFault_Handler        0x800'4a27    0x2  Code  Gb  stm32f0xx_it.o [2]
I2C1_IRQHandler          0x800'4b6b         Code  Wk  startup_stm32f030x6.o [3]
Lcd1                    0x2000'00a8  0x368  Data  Gb  main.o [2]
Lcd_Clear                0x800'199f   0x2c  Code  Gb  main.o [2]
Lcd_Put_Icon2_Invert     0x800'19e9   0x8c  Code  Gb  main.o [2]
Lcd_Put_Pixel_xy         0x800'1949   0x26  Code  Gb  main.o [2]
Lcd_Putchar_Point        0x800'1a7f   0x82  Code  Gb  main.o [2]
Lcd_Refresh              0x800'196f   0x30  Code  Gb  main.o [2]
MainCod                  0x800'1dc5   0x18  Code  Gb  main.o [2]
ManualSetting            0x800'4990   0x58  Data  Gb  main.o [2]
NMI_Handler              0x800'4a25    0x2  Code  Gb  stm32f0xx_it.o [2]
OutPut                   0x800'1b95   0x3e  Code  Gb  main.o [2]
PendSV_Handler           0x800'4a2b    0x2  Code  Gb  stm32f0xx_it.o [2]
RCC_IRQHandler           0x800'1773         Code  Wk  startup_stm32f030x6.o [3]
RTC_IRQHandler           0x800'10cb         Code  Wk  startup_stm32f030x6.o [3]
Region$$Table$$Base      0x800'4a84          --   Gb  - Linker created -
Region$$Table$$Limit     0x800'4aa4          --   Gb  - Linker created -
Reset_Handler            0x800'4b4d         Code  Wk  startup_stm32f030x6.o [3]
SPI1_IRQHandler          0x800'4b6d         Code  Wk  startup_stm32f030x6.o [3]
SVC_Handler              0x800'4a29    0x2  Code  Gb  stm32f0xx_it.o [2]
SecMain                 0x2000'0018    0x4  Data  Gb  main.o [2]
Setting_down            0x2000'0050    0xc  Data  Gb  main.o [2]
Setting_up              0x2000'0044    0xc  Data  Gb  main.o [2]
Settinglogo             0x2000'0074    0xc  Data  Gb  main.o [2]
SoftSTART                0x800'1bd3   0xf8  Code  Gb  main.o [2]
StartTime               0x2000'008c    0xc  Data  Gb  main.o [2]
StartVoltage            0x2000'0080    0xc  Data  Gb  main.o [2]
SysTick_Handler          0x800'4a2d    0x8  Code  Gb  stm32f0xx_it.o [2]
SystemClock_Config       0x800'2595   0x80  Code  Gb  main.o [2]
SystemCoreClock         0x2000'00a4    0x4  Data  Gb  system_stm32f0xx.o [1]
SystemInit               0x800'4b39    0x2  Code  Gb  system_stm32f0xx.o [1]
TAHOMA_8x10             0x2000'0000    0xc  Data  Gb  main.o [2]
TIM14_IRQHandler         0x800'4b65         Code  Wk  startup_stm32f030x6.o [3]
TIM16_IRQHandler         0x800'4b67         Code  Wk  startup_stm32f030x6.o [3]
TIM17_IRQHandler         0x800'4b69         Code  Wk  startup_stm32f030x6.o [3]
TIM1_BRK_UP_TRG_COM_IRQHandler
                         0x800'4a3f    0xa  Code  Gb  stm32f0xx_it.o [2]
TIM1_CC_IRQHandler       0x800'4b0f         Code  Wk  startup_stm32f030x6.o [3]
TIM3_IRQHandler          0x800'4b1b         Code  Wk  startup_stm32f030x6.o [3]
TIM_Base_SetConfig       0x800'36fd   0x72  Code  Gb  stm32f0xx_hal_tim.o [4]
TIM_CCxChannelCmd        0x800'37fd   0x1a  Code  Gb  stm32f0xx_hal_tim.o [4]
TIM_ETR_SetConfig        0x800'37e1   0x14  Code  Gb  stm32f0xx_hal_tim.o [4]
TIM_ITRx_SetConfig       0x800'37d1   0x10  Code  Lc  stm32f0xx_hal_tim.o [4]
TIM_TI1_ConfigInputStage
                         0x800'3785   0x22  Code  Lc  stm32f0xx_hal_tim.o [4]
TIM_TI2_ConfigInputStage
                         0x800'37a7   0x24  Code  Lc  stm32f0xx_hal_tim.o [4]
UART_AdvFeatureConfig    0x800'3089   0xc8  Code  Gb  stm32f0xx_hal_uart.o [4]
UART_CheckIdleState      0x800'3155   0xae  Code  Gb  stm32f0xx_hal_uart.o [4]
UART_EndRxTransfer       0x800'32e5   0x5e  Code  Lc  stm32f0xx_hal_uart.o [4]
UART_SetConfig           0x800'2f89  0x100  Code  Gb  stm32f0xx_hal_uart.o [4]
UART_WaitOnFlagUntilTimeout
                         0x800'321d   0xa2  Code  Gb  stm32f0xx_hal_uart.o [4]
USART1_IRQHandler        0x800'4b6f         Code  Wk  startup_stm32f030x6.o [3]
Voltage                 0x2000'000c    0x4  Data  Gb  main.o [2]
Voltagestart             0x800'4748   0x90  Data  Gb  main.o [2]
WWDG_IRQHandler          0x800'10b3         Code  Wk  startup_stm32f030x6.o [3]
_LC                      0x800'00b1    0x8  Code  Lc  xprintffull_nomb.o [5]
_LitobFullNoMb           0x800'0e5b  0x124  Code  Lc  xprintffull_nomb.o [5]
_PrintfFullNoMb          0x800'00b9  0xda2  Code  Gb  xprintffull_nomb.o [5]
_PutcharsFullNoMb        0x800'0fcd   0x36  Code  Lc  xprintffull_nomb.o [5]
_SProut                  0x800'1053    0xa  Code  Gb  xsprout.o [5]
_TAHOMA_8x10             0x800'4060  0x3b8  Data  Gb  main.o [2]
__ICFEDIT_region_RAM_end__ {Abs}
                        0x2000'0fff          --   Gb  <internal module>
__ICFEDIT_region_RAM_start__ {Abs}
                        0x2000'0000          --   Gb  <internal module>
__NVIC_SetPriority       0x800'2e91   0x3a  Code  Lc  stm32f0xx_hal_cortex.o [4]
__aeabi_cdcmple          0x800'1145         Code  Gb  DblCmpLe.o [6]
__aeabi_cdrcmple         0x800'1177         Code  Gb  DblCmpGe.o [6]
__aeabi_d2f              0x800'2dcd         Code  Gb  DblToFlt.o [6]
__aeabi_d2iz             0x800'1219         Code  Gb  DblToI32.o [6]
__aeabi_d2uiz            0x800'123d         Code  Gb  DblToI32.o [6]
__aeabi_ddiv             0x800'14a7         Code  Gb  DblDiv.o [6]
__aeabi_dmul             0x800'1569         Code  Gb  DblMul.o [6]
__aeabi_dsub             0x800'135b         Code  Gb  DblAddSub.o [6]
__aeabi_f2d              0x800'2e31         Code  Gb  FltToDbl.o [6]
__aeabi_i2d              0x800'128d         Code  Gb  IxxToDbl.o [6]
__aeabi_idiv0            0x800'1775         Code  Gb  IntDivZer.o [7]
__aeabi_ldiv0            0x800'1779         Code  Gb  I64DivZer.o [7]
__aeabi_memcpy           0x800'1101         Code  Gb  ABImemcpy.o [7]
__aeabi_memcpy4          0x800'10cd         Code  Gb  ABImemcpy.o [7]
__aeabi_memcpy8          0x800'10cd         Code  Gb  ABImemcpy.o [7]
__aeabi_ui2d             0x800'126d         Code  Gb  IxxToDbl.o [6]
__aeabi_uldivmod         0x800'16ed         Code  Gb  I64DivMod.o [7]
__cmain                  0x800'4ae5         Code  Gb  cmain.o [7]
__exit                   0x800'177d   0x14  Code  Gb  exit.o [8]
__iar_Fail_s             0x800'105d   0x22  Code  Gb  xfail_s.o [5]
__iar_Memchr             0x800'10b5         Code  Gb  memchr.o [7]
__iar_Memcpy             0x800'110d         Code  Gb  ABImemcpy.o [7]
__iar_Strchr             0x800'1041         Code  Gb  strchr.o [7]
__iar_d2uiz              0x800'1241         Code  Gb  DblToI32.o [6]
__iar_data_init3         0x800'4a5d   0x28  Code  Gb  data_init.o [7]
__iar_frexp              0x800'1127         Code  Gb  frexp.o [6]
__iar_frexp64            0x800'111b         Code  Gb  frexp.o [6]
__iar_frexpl             0x800'1127         Code  Gb  frexp.o [6]
__iar_ldexp64            0x800'11a9         Code  Gb  ldexp.o [6]
__iar_packbits_init_single3
                         0x800'1003   0x3e  Code  Gb  packbits_init_single.o [7]
__iar_program_start      0x800'4b1d         Code  Gb  cstartup_M.o [7]
__iar_scalbln64          0x800'11a9         Code  Gb  ldexp.o [6]
__iar_scalbn64           0x800'11a9         Code  Gb  ldexp.o [6]
__iar_small_Memset4_word
                         0x800'2e85         Code  Gb  ABImemset_small.o [7]
__iar_small_Memset_word
                         0x800'2e85         Code  Gb  ABImemset_small.o [7]
__iar_small_idiv         0x800'1449         Code  Gb  I32DivMod.o [7]
__iar_small_idivmod      0x800'1449         Code  Gb  I32DivMod.o [7]
__iar_small_memset       0x800'2e85         Code  Gb  ABImemset_small.o [7]
__iar_small_memset4      0x800'2e85         Code  Gb  ABImemset_small.o [7]
__iar_small_memset8      0x800'2e85         Code  Gb  ABImemset_small.o [7]
__iar_small_uidiv        0x800'1471         Code  Gb  I32DivMod.o [7]
__iar_small_uidivmod     0x800'1471         Code  Gb  I32DivMod.o [7]
__iar_zero_init3         0x800'49e9   0x3c  Code  Gb  zero_init3.o [7]
__low_level_init         0x800'4b03    0x4  Code  Gb  low_level_init.o [5]
__vector_table           0x800'0000         Data  Gb  startup_stm32f030x6.o [3]
_call_main               0x800'4af1         Code  Gb  cmain.o [7]
_exit                    0x800'4b11         Code  Gb  cexit.o [7]
abort                    0x800'1769    0xa  Code  Gb  abort.o [5]
adc1                    0x2000'002c    0x4  Data  Gb  main.o [2]
adc_val_ch0             0x2000'0028    0x4  Data  Gb  main.o [2]
autolSetting             0x800'4854   0x6c  Data  Gb  main.o [2]
changeMenu              0x2000'0034    0x4  Data  Gb  main.o [2]
delay_us_soft            0x800'1b75   0x20  Code  Gb  main.o [2]
exit                     0x800'4b07    0x8  Code  Gb  exit.o [5]
frexp                    0x800'111b         Code  Gb  frexp.o [6]
frexpl                   0x800'111b         Code  Gb  frexp.o [6]
hadc                    0x2000'04e0   0x40  Data  Gb  main.o [2]
htim1                   0x2000'0498   0x48  Data  Gb  main.o [2]
huart1                  0x2000'0410   0x88  Data  Gb  main.o [2]
lcdBackLightControl      0x800'1d79   0x4c  Code  Gb  main.o [2]
lcdLight                0x2000'001c    0x4  Data  Gb  main.o [2]
lcdLightTimer           0x2000'0020    0x4  Data  Gb  main.o [2]
lcd_gotoxy               0x800'18a1   0x36  Code  Gb  main.o [2]
lcd_port_init            0x800'1791   0x8c  Code  Gb  main.o [2]
lcd_putsf_point          0x800'1b0b   0x40  Code  Gb  main.o [2]
lcd_x                   0x2000'0528    0x1  Data  Gb  main.o [2]
lcd_y                   0x2000'0529    0x1  Data  Gb  main.o [2]
lcdinit                  0x800'18d9   0x70  Code  Gb  main.o [2]
lcdreset                 0x800'181d   0x1e  Code  Gb  main.o [2]
lcdsend                  0x800'1845   0x5c  Code  Gb  main.o [2]
ldexp                    0x800'11a9         Code  Gb  ldexp.o [6]
ldexpl                   0x800'11a9         Code  Gb  ldexp.o [6]
logo                    0x2000'0038    0xc  Data  Gb  main.o [2]
logoSetting              0x800'492c   0x64  Data  Gb  main.o [2]
main                     0x800'2255  0x318  Code  Gb  main.o [2]
map                      0x800'1b4b   0x16  Code  Gb  main.o [2]
memchr                   0x800'10b5         Code  Gb  memchr.o [7]
menu                     0x800'1fed  0x1e6  Code  Gb  main.o [2]
menuSelect              0x2000'0030    0x4  Data  Gb  main.o [2]
pavan                    0x800'4418  0x330  Data  Gb  main.o [2]
readCurrent              0x800'1ccd   0xa0  Code  Gb  main.o [2]
scalbln                  0x800'11a9         Code  Gb  ldexp.o [6]
scalblnl                 0x800'11a9         Code  Gb  ldexp.o [6]
scalbn                   0x800'11a9         Code  Gb  ldexp.o [6]
scalbnl                  0x800'11a9         Code  Gb  ldexp.o [6]
scale                    0x800'0f7f   0x44  Code  Lc  xprintffull_nomb.o [5]
sec_hand                0x2000'0524    0x4  Data  Lc  xfail_s.o [5]
setting                 0x2000'0024    0x4  Data  Gb  main.o [2]
softStart_State         0x2000'0014    0x4  Data  Gb  main.o [2]
softTimer1              0x2000'0010    0x4  Data  Gb  main.o [2]
sprintf                  0x800'2841   0x40  Code  Gb  sprintf.o [5]
strchr                   0x800'1041         Code  Gb  strchr.o [7]
strlen                   0x800'10a5         Code  Gb  strlen.o [7]
tanzimDasti              0x800'1dfd  0x1d6  Code  Gb  main.o [2]
tanzim_Auto             0x2000'0068    0xc  Data  Gb  main.o [2]
tanzim_manual           0x2000'005c    0xc  Data  Gb  main.o [2]
tanzimatdown             0x800'4ac4   0x20  Data  Gb  main.o [2]
tanzimatup               0x800'4aa4   0x20  Data  Gb  main.o [2]
timestart                0x800'47d8   0x7c  Data  Gb  main.o [2]
uwTick                  0x2000'009c    0x4  Data  Gb  stm32f0xx_hal.o [4]
uwTickFreq              0x2000'0098    0x1  Data  Gb  stm32f0xx_hal.o [4]
uwTickPrio              0x2000'00a0    0x4  Data  Gb  stm32f0xx_hal.o [4]
zero_cross_flag         0x2000'0520    0x4  Data  Gb  main.o [2]


[1] = F:\ELECTRONIC\sherkat\Dimmer_Pump\Dimmer_Pumo\EWARM\Dimmer_Pumo\Obj\CMSIS_6603591812247902717.dir
[2] = F:\ELECTRONIC\sherkat\Dimmer_Pump\Dimmer_Pumo\EWARM\Dimmer_Pumo\Obj\Core_13247989168731456611.dir
[3] = F:\ELECTRONIC\sherkat\Dimmer_Pump\Dimmer_Pumo\EWARM\Dimmer_Pumo\Obj\EWARM_18443280873093131863.dir
[4] = F:\ELECTRONIC\sherkat\Dimmer_Pump\Dimmer_Pumo\EWARM\Dimmer_Pumo\Obj\STM32F0xx_HAL_Driver_12736992878974344111.dir
[5] = dl6M_tln.a
[6] = m6M_tl.a
[7] = rt6M_tl.a
[8] = shb_l.a

  16'770 bytes of readonly  code memory
   2'670 bytes of readonly  data memory
   2'346 bytes of readwrite data memory

Errors: none
Warnings: none
