###############################################################################
#
# IAR ELF Linker V9.60.3.422/W64 for ARM                  07/Jul/2025  01:10:46
# Copyright 2007-2024 IAR Systems AB.
#
#    Output file  =
#        F:\ELECTRONIC\sherkat\Dimmer_Pump\Dimmer_Pumo\EWARM\Dimmer_Pumo\Exe\Dimmer_Pumo.out
#    Map file     =
#        F:\ELECTRONIC\sherkat\Dimmer_Pump\Dimmer_Pumo\EWARM\Dimmer_Pumo\List\Dimmer_Pumo.map
#    Command line =
#        -f
#        F:\ELECTRONIC\sherkat\Dimmer_Pump\Dimmer_Pumo\EWARM\Dimmer_Pumo\Exe\Dimmer_Pumo.out.rsp
#        (F:\ELECTRONIC\sherkat\Dimmer_Pump\Dimmer_Pumo\EWARM\Dimmer_Pumo\Obj\Core_13247989168731456611.dir\main.o
#        F:\ELECTRONIC\sherkat\Dimmer_Pump\Dimmer_Pumo\EWARM\Dimmer_Pumo\Obj\EWARM_18443280873093131863.dir\startup_stm32f030x6.o
#        F:\ELECTRONIC\sherkat\Dimmer_Pump\Dimmer_Pumo\EWARM\Dimmer_Pumo\Obj\STM32F0xx_HAL_Driver_12736992878974344111.dir\stm32f0xx_hal.o
#        F:\ELECTRONIC\sherkat\Dimmer_Pump\Dimmer_Pumo\EWARM\Dimmer_Pumo\Obj\STM32F0xx_HAL_Driver_12736992878974344111.dir\stm32f0xx_hal_adc.o
#        F:\ELECTRONIC\sherkat\Dimmer_Pump\Dimmer_Pumo\EWARM\Dimmer_Pumo\Obj\STM32F0xx_HAL_Driver_12736992878974344111.dir\stm32f0xx_hal_adc_ex.o
#        F:\ELECTRONIC\sherkat\Dimmer_Pump\Dimmer_Pumo\EWARM\Dimmer_Pumo\Obj\STM32F0xx_HAL_Driver_12736992878974344111.dir\stm32f0xx_hal_cortex.o
#        F:\ELECTRONIC\sherkat\Dimmer_Pump\Dimmer_Pumo\EWARM\Dimmer_Pumo\Obj\STM32F0xx_HAL_Driver_12736992878974344111.dir\stm32f0xx_hal_dma.o
#        F:\ELECTRONIC\sherkat\Dimmer_Pump\Dimmer_Pumo\EWARM\Dimmer_Pumo\Obj\STM32F0xx_HAL_Driver_12736992878974344111.dir\stm32f0xx_hal_exti.o
#        F:\ELECTRONIC\sherkat\Dimmer_Pump\Dimmer_Pumo\EWARM\Dimmer_Pumo\Obj\STM32F0xx_HAL_Driver_12736992878974344111.dir\stm32f0xx_hal_flash.o
#        F:\ELECTRONIC\sherkat\Dimmer_Pump\Dimmer_Pumo\EWARM\Dimmer_Pumo\Obj\STM32F0xx_HAL_Driver_12736992878974344111.dir\stm32f0xx_hal_flash_ex.o
#        F:\ELECTRONIC\sherkat\Dimmer_Pump\Dimmer_Pumo\EWARM\Dimmer_Pumo\Obj\STM32F0xx_HAL_Driver_12736992878974344111.dir\stm32f0xx_hal_gpio.o
#        F:\ELECTRONIC\sherkat\Dimmer_Pump\Dimmer_Pumo\EWARM\Dimmer_Pumo\Obj\STM32F0xx_HAL_Driver_12736992878974344111.dir\stm32f0xx_hal_i2c.o
#        F:\ELECTRONIC\sherkat\Dimmer_Pump\Dimmer_Pumo\EWARM\Dimmer_Pumo\Obj\STM32F0xx_HAL_Driver_12736992878974344111.dir\stm32f0xx_hal_i2c_ex.o
#        F:\ELECTRONIC\sherkat\Dimmer_Pump\Dimmer_Pumo\EWARM\Dimmer_Pumo\Obj\Core_13247989168731456611.dir\stm32f0xx_hal_msp.o
#        F:\ELECTRONIC\sherkat\Dimmer_Pump\Dimmer_Pumo\EWARM\Dimmer_Pumo\Obj\STM32F0xx_HAL_Driver_12736992878974344111.dir\stm32f0xx_hal_pwr.o
#        F:\ELECTRONIC\sherkat\Dimmer_Pump\Dimmer_Pumo\EWARM\Dimmer_Pumo\Obj\STM32F0xx_HAL_Driver_12736992878974344111.dir\stm32f0xx_hal_pwr_ex.o
#        F:\ELECTRONIC\sherkat\Dimmer_Pump\Dimmer_Pumo\EWARM\Dimmer_Pumo\Obj\STM32F0xx_HAL_Driver_12736992878974344111.dir\stm32f0xx_hal_rcc.o
#        F:\ELECTRONIC\sherkat\Dimmer_Pump\Dimmer_Pumo\EWARM\Dimmer_Pumo\Obj\STM32F0xx_HAL_Driver_12736992878974344111.dir\stm32f0xx_hal_rcc_ex.o
#        F:\ELECTRONIC\sherkat\Dimmer_Pump\Dimmer_Pumo\EWARM\Dimmer_Pumo\Obj\STM32F0xx_HAL_Driver_12736992878974344111.dir\stm32f0xx_hal_tim.o
#        F:\ELECTRONIC\sherkat\Dimmer_Pump\Dimmer_Pumo\EWARM\Dimmer_Pumo\Obj\STM32F0xx_HAL_Driver_12736992878974344111.dir\stm32f0xx_hal_tim_ex.o
#        F:\ELECTRONIC\sherkat\Dimmer_Pump\Dimmer_Pumo\EWARM\Dimmer_Pumo\Obj\STM32F0xx_HAL_Driver_12736992878974344111.dir\stm32f0xx_hal_uart.o
#        F:\ELECTRONIC\sherkat\Dimmer_Pump\Dimmer_Pumo\EWARM\Dimmer_Pumo\Obj\STM32F0xx_HAL_Driver_12736992878974344111.dir\stm32f0xx_hal_uart_ex.o
#        F:\ELECTRONIC\sherkat\Dimmer_Pump\Dimmer_Pumo\EWARM\Dimmer_Pumo\Obj\Core_13247989168731456611.dir\stm32f0xx_it.o
#        F:\ELECTRONIC\sherkat\Dimmer_Pump\Dimmer_Pumo\EWARM\Dimmer_Pumo\Obj\CMSIS_6603591812247902717.dir\system_stm32f0xx.o
#        --no_out_extension -o
#        F:\ELECTRONIC\sherkat\Dimmer_Pump\Dimmer_Pumo\EWARM\Dimmer_Pumo\Exe\Dimmer_Pumo.out
#        --redirect _Printf=_PrintfFullNoMb --redirect _Scanf=_ScanfFullNoMb
#        --map
#        F:\ELECTRONIC\sherkat\Dimmer_Pump\Dimmer_Pumo\EWARM\Dimmer_Pumo\List\Dimmer_Pumo.map
#        --config
#        F:\ELECTRONIC\sherkat\Dimmer_Pump\Dimmer_Pumo\EWARM/stm32f030x6_flash.icf
#        --semihosting --entry __iar_program_start --vfe --text_out locale
#        --cpu=Cortex-M0 --fpu=None) --dependencies=n
#        F:\ELECTRONIC\sherkat\Dimmer_Pump\Dimmer_Pumo\EWARM\Dimmer_Pumo\Exe\Dimmer_Pumo.out.iar_deps
#
###############################################################################

*******************************************************************************
*** RUNTIME MODEL ATTRIBUTES
***

CppFlavor       = *
__CPP_Runtime   = 1
__SystemLibrary = DLib
__dlib_version  = 6


*******************************************************************************
*** HEAP SELECTION
***

The basic heap was selected because --advanced_heap
was not specified and the application did not appear to
be primarily optimized for speed.


*******************************************************************************
*** PLACEMENT SUMMARY
***

"A0":  place at address 0x800'0000 { ro section .intvec };
"P1":  place in [from 0x800'0000 to 0x800'7fff] { ro };
define block CSTACK with size = 1K, alignment = 8 { };
define block HEAP with size = 512, alignment = 8 { };
"P2":  place in [from 0x2000'0000 to 0x2000'0fff] {
          rw, block CSTACK, block HEAP };
initialize by copy { rw };

  Section            Kind         Address  Alignment    Size  Object
  -------            ----         -------  ---------    ----  ------
"A0":                                                   0xb0
  .intvec            ro code   0x800'0000          4    0xb0  startup_stm32f030x6.o [3]
                             - 0x800'00b0               0xb0

"P1":                                                 0x5562
  .text              ro code   0x800'00b0          4  0x16bc  main.o [2]
  .text              ro code   0x800'176c          4   0x1d8  stm32f0xx_hal_gpio.o [4]
  .text              ro code   0x800'1944          4    0x28  stm32f0xx_hal.o [4]
  .text              ro code   0x800'196c          4    0x5e  I32DivMod.o [7]
  .text              ro code   0x800'19ca          2    0x3e  packbits_init_single.o [7]
  .text              ro code   0x800'1a08          4    0x40  sprintf.o [5]
  .text              ro code   0x800'1a48          4   0x54c  stm32f0xx_hal_adc.o [4]
  .text              ro code   0x800'1f94          4    0x34  IxxToDbl.o [6]
  .text              ro code   0x800'1fc8          2    0xc2  DblDiv.o [6]
  .text              ro code   0x800'208a          2    0x62  DblToFlt.o [6]
  .text              ro code   0x800'20ec          4    0x32  FltToDbl.o [6]
  .text              ro code   0x800'211e          2     0xa  xsprout.o [5]
  .text              ro code   0x800'2128          4    0x20  stm32f0xx_hal.o [4]
  .text              ro code   0x800'2148          4     0xc  ABImemset_small.o [7]
  .text              ro code   0x800'2154          4    0x8c  stm32f0xx_hal_cortex.o [4]
  .text              ro code   0x800'21e0          4   0x42c  stm32f0xx_hal_uart.o [4]
  .text              ro code   0x800'260c          4   0x4ce  stm32f0xx_hal_tim.o [4]
  .text              ro code   0x800'2ada          2     0x2  startup_stm32f030x6.o [3]
  .text              ro code   0x800'2adc          4    0x58  stm32f0xx_hal_tim_ex.o [4]
  .text              ro code   0x800'2b34          4   0x52c  stm32f0xx_hal_rcc.o [4]
  .text              ro code   0x800'3060          4    0xfc  stm32f0xx_hal_rcc_ex.o [4]
  .text              ro code   0x800'315c          4     0xc  stm32f0xx_hal.o [4]
  .text              ro code   0x800'3168          4     0x2  IntDivZer.o [7]
  .text              ro code   0x800'316a          2     0x2  startup_stm32f030x6.o [3]
  .text              ro code   0x800'316c          4   0xf52  xprintffull_nomb.o [5]
  .text              ro code   0x800'40be          2     0x2  startup_stm32f030x6.o [3]
  .text              ro code   0x800'40c0          4   0x124  stm32f0xx_hal_msp.o [2]
  .text              ro code   0x800'41e4          4    0x44  stm32f0xx_hal.o [4]
  .text              ro code   0x800'4228          4    0x48  stm32f0xx_hal_dma.o [4]
  .text              ro code   0x800'4270          2     0x2  stm32f0xx_hal_tim.o [4]
  .text              ro code   0x800'4272          2     0x2  stm32f0xx_hal_tim.o [4]
  .text              ro code   0x800'4274          2     0x2  stm32f0xx_hal_tim.o [4]
  .text              ro code   0x800'4276          2     0x2  stm32f0xx_hal_tim_ex.o [4]
  .text              ro code   0x800'4278          2     0x2  stm32f0xx_hal_tim.o [4]
  .text              ro code   0x800'427a          2     0x2  stm32f0xx_hal_tim_ex.o [4]
  .text              ro code   0x800'427c          4    0x12  strchr.o [7]
  .text              ro code   0x800'428e          2     0x2  startup_stm32f030x6.o [3]
  .text              ro code   0x800'4290          4    0x48  xfail_s.o [5]
  .text              ro code   0x800'42d8          4     0xe  strlen.o [7]
  .text              ro code   0x800'42e6          2     0x2  startup_stm32f030x6.o [3]
  .text              ro code   0x800'42e8          4    0x16  memchr.o [7]
  .text              ro code   0x800'42fe          2     0x2  startup_stm32f030x6.o [3]
  .text              ro code   0x800'4300          4    0x4e  ABImemcpy.o [7]
  .text              ro code   0x800'434e          2    0x2a  frexp.o [6]
  .text              ro code   0x800'4378          2    0x32  DblCmpLe.o [6]
  .text              ro code   0x800'43aa          2    0x32  DblCmpGe.o [6]
  .text              ro code   0x800'43dc          2    0x70  ldexp.o [6]
  .text              ro code   0x800'444c          4    0x52  DblToI32.o [6]
  .text              ro code   0x800'449e          2   0x1a8  DblAddSub.o [6]
  .text              ro code   0x800'4646          2   0x184  DblMul.o [6]
  .text              ro code   0x800'47ca          2    0x7c  I64DivMod.o [7]
  .text              ro code   0x800'4846          2     0xa  abort.o [5]
  .text              ro code   0x800'4850          4     0x2  I64DivZer.o [7]
  .text              ro code   0x800'4852          2     0x2  startup_stm32f030x6.o [3]
  .text              ro code   0x800'4854          4    0x14  exit.o [8]
  .rodata            const     0x800'4868          4   0x3b8  main.o [2]
  .rodata            const     0x800'4c20          4   0x330  main.o [2]
  .rodata            const     0x800'4f50          4    0xd0  main.o [2]
  .rodata            const     0x800'5020          4    0x90  main.o [2]
  .rodata            const     0x800'50b0          4    0x90  main.o [2]
  .rodata            const     0x800'5140          4    0x8c  main.o [2]
  .rodata            const     0x800'51cc          4    0x7c  main.o [2]
  .rodata            const     0x800'5248          4    0x6c  main.o [2]
  .rodata            const     0x800'52b4          4    0x6a  xprintffull_nomb.o [5]
  .text              ro code   0x800'531e          2     0x2  startup_stm32f030x6.o [3]
  .rodata            const     0x800'5320          4    0x64  main.o [2]
  .rodata            const     0x800'5384          4    0x58  main.o [2]
  .text              ro code   0x800'53dc          2    0x3c  zero_init3.o [7]
  .text              ro code   0x800'5418          4    0x28  stm32f0xx_it.o [2]
  .text              ro code   0x800'5440          4    0x10  stm32f0xx_hal.o [4]
  .text              ro code   0x800'5450          4    0x28  data_init.o [7]
  .iar.init_table    const     0x800'5478          4    0x20  - Linker created -
  .rodata            const     0x800'5498          4    0x20  main.o [2]
  .rodata            const     0x800'54b8          4    0x20  main.o [2]
  .text              ro code   0x800'54d8          4    0x1e  cmain.o [7]
  .text              ro code   0x800'54f6          2     0x4  low_level_init.o [5]
  .text              ro code   0x800'54fa          2     0x8  exit.o [5]
  .text              ro code   0x800'5502          2     0x2  startup_stm32f030x6.o [3]
  .text              ro code   0x800'5504          4     0xa  cexit.o [7]
  .text              ro code   0x800'550e          2     0x2  startup_stm32f030x6.o [3]
  .text              ro code   0x800'5510          4    0x1c  cstartup_M.o [7]
  .text              ro code   0x800'552c          4    0x14  system_stm32f0xx.o [1]
  .text              ro code   0x800'5540          4    0x10  startup_stm32f030x6.o [3]
  .rodata            const     0x800'5550          4     0x8  system_stm32f0xx.o [1]
  .text              ro code   0x800'5558          2     0x2  startup_stm32f030x6.o [3]
  .text              ro code   0x800'555a          2     0x2  startup_stm32f030x6.o [3]
  .text              ro code   0x800'555c          2     0x2  startup_stm32f030x6.o [3]
  .text              ro code   0x800'555e          2     0x2  startup_stm32f030x6.o [3]
  .text              ro code   0x800'5560          2     0x2  startup_stm32f030x6.o [3]
  .text              ro code   0x800'5562          2     0x2  startup_stm32f030x6.o [3]
  .text              ro code   0x800'5564          2     0x2  startup_stm32f030x6.o [3]
  .text              ro code   0x800'5566          2     0x2  startup_stm32f030x6.o [3]
  .rodata            const     0x800'5568                0x0  zero_init3.o [7]
  .rodata            const     0x800'5568                0x0  packbits_init_single.o [7]
  Initializer bytes  const     0x800'5568               0xaa  <for P2-1>
                             - 0x800'5612             0x5562

"P2", part 1 of 3:                                      0xf4
  P2-1                        0x2000'0000               0xf4  <Init block>
    .data            inited   0x2000'0000          4    0x40  main.o [2]
    .data            inited   0x2000'0040          4    0x2c  main.o [2]
    .data            inited   0x2000'006c          4     0xc  main.o [2]
    .data            inited   0x2000'0078          4     0xc  main.o [2]
    .data            inited   0x2000'0084          4     0xc  main.o [2]
    .data            inited   0x2000'0090          4     0xc  main.o [2]
    .data            inited   0x2000'009c          4     0xc  main.o [2]
    .data            inited   0x2000'00a8          4     0xc  main.o [2]
    .data            inited   0x2000'00b4          4     0xc  main.o [2]
    .data            inited   0x2000'00c0          4     0xc  main.o [2]
    .data            inited   0x2000'00cc          4     0xc  main.o [2]
    .data            inited   0x2000'00d8          4     0xc  main.o [2]
    .data            inited   0x2000'00e4          4     0xc  stm32f0xx_hal.o [4]
    .data            inited   0x2000'00f0          4     0x4  system_stm32f0xx.o [1]
                            - 0x2000'00f4               0xf4

"P2", part 2 of 3:                                     0x484
  .bss               zero     0x2000'00f4          4   0x368  main.o [2]
  .bss               zero     0x2000'045c          4    0xd0  main.o [2]
  .bss               zero     0x2000'052c          4    0x40  main.o [2]
  .bss               zero     0x2000'056c          4     0x4  main.o [2]
  .bss               zero     0x2000'0570          4     0x4  xfail_s.o [5]
  .bss               zero     0x2000'0574                0x2  main.o [2]
                            - 0x2000'0576              0x482

"P2", part 3 of 3:                                     0x400
  CSTACK                      0x2000'0578          8   0x400  <Block>
    CSTACK           uninit   0x2000'0578              0x400  <Block tail>
                            - 0x2000'0978              0x400

Unused ranges:

         From           To    Size
         ----           --    ----
   0x800'5612   0x800'7fff  0x29ee
  0x2000'0978  0x2000'0fff   0x688


*******************************************************************************
*** INIT TABLE
***

          Address      Size
          -------      ----
Zero (__iar_zero_init3)
    1 destination range, total size 0x482:
          0x2000'00f4  0x482

Copy/packbits (__iar_packbits_init_single3)
    1 source range, total size 0xaa (69% of destination):
           0x800'5568   0xaa
    1 destination range, total size 0xf4:
          0x2000'0000   0xf4



*******************************************************************************
*** MODULE SUMMARY
***

    Module                  ro code  ro data  rw data
    ------                  -------  -------  -------
command line/config:
    -------------------------------------------------
    Total:

F:\ELECTRONIC\sherkat\Dimmer_Pump\Dimmer_Pumo\EWARM\Dimmer_Pumo\Obj\CMSIS_6603591812247902717.dir: [1]
    system_stm32f0xx.o           20       11        4
    -------------------------------------------------
    Total:                       20       11        4

F:\ELECTRONIC\sherkat\Dimmer_Pump\Dimmer_Pumo\EWARM\Dimmer_Pumo\Obj\Core_13247989168731456611.dir: [2]
    main.o                    5'820    3'046    1'378
    stm32f0xx_hal_msp.o         292
    stm32f0xx_it.o               40
    -------------------------------------------------
    Total:                    6'152    3'046    1'378

F:\ELECTRONIC\sherkat\Dimmer_Pump\Dimmer_Pumo\EWARM\Dimmer_Pumo\Obj\EWARM_18443280873093131863.dir: [3]
    startup_stm32f030x6.o       228
    -------------------------------------------------
    Total:                      228

F:\ELECTRONIC\sherkat\Dimmer_Pump\Dimmer_Pumo\EWARM\Dimmer_Pumo\Obj\STM32F0xx_HAL_Driver_12736992878974344111.dir: [4]
    stm32f0xx_hal.o             168        9       12
    stm32f0xx_hal_adc.o       1'356
    stm32f0xx_hal_cortex.o      140
    stm32f0xx_hal_dma.o          72
    stm32f0xx_hal_gpio.o        472
    stm32f0xx_hal_rcc.o       1'324
    stm32f0xx_hal_rcc_ex.o      252
    stm32f0xx_hal_tim.o       1'238
    stm32f0xx_hal_tim_ex.o       92
    stm32f0xx_hal_uart.o      1'068
    -------------------------------------------------
    Total:                    6'182        9       12

dl6M_tln.a: [5]
    abort.o                      10
    exit.o                        8
    low_level_init.o              4
    sprintf.o                    64
    xfail_s.o                    72                 4
    xprintffull_nomb.o        3'922      106
    xsprout.o                    10
    -------------------------------------------------
    Total:                    4'090      106        4

m6M_tl.a: [6]
    DblAddSub.o                 424
    DblCmpGe.o                   50
    DblCmpLe.o                   50
    DblDiv.o                    194
    DblMul.o                    388
    DblToFlt.o                   98
    DblToI32.o                   82
    FltToDbl.o                   50
    IxxToDbl.o                   52
    frexp.o                      42
    ldexp.o                     112
    -------------------------------------------------
    Total:                    1'542

rt6M_tl.a: [7]
    ABImemcpy.o                  78
    ABImemset_small.o            12
    I32DivMod.o                  94
    I64DivMod.o                 124
    I64DivZer.o                   2
    IntDivZer.o                   2
    cexit.o                      10
    cmain.o                      30
    cstartup_M.o                 28
    data_init.o                  40
    memchr.o                     22
    packbits_init_single.o       62
    strchr.o                     18
    strlen.o                     14
    zero_init3.o                 60
    -------------------------------------------------
    Total:                      596

shb_l.a: [8]
    exit.o                       20
    -------------------------------------------------
    Total:                       20

    Linker created                        32    1'024
-----------------------------------------------------
    Grand Total:             18'830    3'204    2'422


*******************************************************************************
*** ENTRY LIST
***

Entry                       Address   Size  Type      Object
-----                       -------   ----  ----      ------
.iar.init_table$$Base    0x800'5478          --   Gb  - Linker created -
.iar.init_table$$Limit   0x800'5498          --   Gb  - Linker created -
?main                    0x800'54d9         Code  Gb  cmain.o [7]
ADC1_IRQHandler          0x800'550f         Code  Wk  startup_stm32f030x6.o [3]
ADC_ConversionStop       0x800'1f29   0x58  Code  Lc  stm32f0xx_hal_adc.o [4]
ADC_Disable              0x800'1ebd   0x6c  Code  Lc  stm32f0xx_hal_adc.o [4]
ADC_Enable               0x800'1e21   0x90  Code  Lc  stm32f0xx_hal_adc.o [4]
AHBPrescTable            0x800'5530   0x10  Data  Gb  system_stm32f0xx.o [1]
APBPrescTable            0x800'5550    0x8  Data  Gb  system_stm32f0xx.o [1]
BackTOtanzimDasti        0x800'0a35   0x6a  Code  Gb  main.o [2]
CSTACK$$Base            0x2000'0578          --   Gb  - Linker created -
CSTACK$$Limit           0x2000'0978          --   Gb  - Linker created -
DMA1_Channel1_IRQHandler
                         0x800'4853         Code  Wk  startup_stm32f030x6.o [3]
DMA1_Channel2_3_IRQHandler
                         0x800'531f         Code  Wk  startup_stm32f030x6.o [3]
DMA1_Channel4_5_IRQHandler
                         0x800'5503         Code  Wk  startup_stm32f030x6.o [3]
EEPROM_READ              0x800'091d   0x6c  Code  Gb  main.o [2]
EEPROM_WRIGHT            0x800'08e5   0x38  Code  Gb  main.o [2]
EXTI0_1_IRQHandler       0x800'42e7         Code  Wk  startup_stm32f030x6.o [3]
EXTI2_3_IRQHandler       0x800'42ff         Code  Wk  startup_stm32f030x6.o [3]
EXTI4_15_IRQHandler      0x800'5429    0xa  Code  Gb  stm32f0xx_it.o [2]
Error_Handler            0x800'1741    0x4  Code  Gb  main.o [2]
FLASH_IRQHandler         0x800'40bf         Code  Wk  startup_stm32f030x6.o [3]
HAL_ADC_ConfigChannel    0x800'1d2f   0xf0  Code  Gb  stm32f0xx_hal_adc.o [4]
HAL_ADC_GetValue         0x800'1d29    0x6  Code  Gb  stm32f0xx_hal_adc.o [4]
HAL_ADC_Init             0x800'1a49  0x166  Code  Gb  stm32f0xx_hal_adc.o [4]
HAL_ADC_MspInit          0x800'40eb   0x56  Code  Gb  stm32f0xx_hal_msp.o [2]
HAL_ADC_PollForConversion
                         0x800'1c3d   0xd0  Code  Gb  stm32f0xx_hal_adc.o [4]
HAL_ADC_Start            0x800'1baf   0x4e  Code  Gb  stm32f0xx_hal_adc.o [4]
HAL_ADC_Stop             0x800'1bfd   0x3c  Code  Gb  stm32f0xx_hal_adc.o [4]
HAL_DMA_Abort_IT         0x800'4229   0x48  Code  Gb  stm32f0xx_hal_dma.o [4]
HAL_Delay                0x800'1945   0x28  Code  Wk  stm32f0xx_hal.o [4]
HAL_GPIO_EXTI_Callback   0x800'049d   0x14  Code  Gb  main.o [2]
HAL_GPIO_EXTI_IRQHandler
                         0x800'1911   0x16  Code  Gb  stm32f0xx_hal_gpio.o [4]
HAL_GPIO_Init            0x800'176d  0x18c  Code  Gb  stm32f0xx_hal_gpio.o [4]
HAL_GPIO_ReadPin         0x800'18f9    0xc  Code  Gb  stm32f0xx_hal_gpio.o [4]
HAL_GPIO_WritePin        0x800'1905    0xc  Code  Gb  stm32f0xx_hal_gpio.o [4]
HAL_GetTick              0x800'315d    0xc  Code  Wk  stm32f0xx_hal.o [4]
HAL_IncTick              0x800'5441   0x10  Code  Wk  stm32f0xx_hal.o [4]
HAL_Init                 0x800'2129   0x1a  Code  Gb  stm32f0xx_hal.o [4]
HAL_InitTick             0x800'41e5   0x44  Code  Wk  stm32f0xx_hal.o [4]
HAL_MspInit              0x800'40c1   0x2a  Code  Gb  stm32f0xx_hal_msp.o [2]
HAL_NVIC_EnableIRQ       0x800'2197   0x12  Code  Gb  stm32f0xx_hal_cortex.o [4]
HAL_NVIC_SetPriority     0x800'218f    0x8  Code  Gb  stm32f0xx_hal_cortex.o [4]
HAL_RCCEx_PeriphCLKConfig
                         0x800'3061   0xe2  Code  Gb  stm32f0xx_hal_rcc_ex.o [4]
HAL_RCC_ClockConfig      0x800'2ec1   0xfc  Code  Gb  stm32f0xx_hal_rcc.o [4]
HAL_RCC_GetPCLK1Freq     0x800'2fff   0x14  Code  Gb  stm32f0xx_hal_rcc.o [4]
HAL_RCC_GetSysClockFreq
                         0x800'2fc5   0x3a  Code  Gb  stm32f0xx_hal_rcc.o [4]
HAL_RCC_GetSysClockFreq::aPLLMULFactorTable
                         0x800'3040   0x10  Data  Lc  stm32f0xx_hal_rcc.o [4]
HAL_RCC_GetSysClockFreq::aPredivFactorTable
                         0x800'3050   0x10  Data  Lc  stm32f0xx_hal_rcc.o [4]
HAL_RCC_OscConfig        0x800'2b35  0x37e  Code  Gb  stm32f0xx_hal_rcc.o [4]
HAL_SYSTICK_Config       0x800'21a9   0x28  Code  Gb  stm32f0xx_hal_cortex.o [4]
HAL_TIMEx_BreakCallback
                         0x800'4277    0x2  Code  Wk  stm32f0xx_hal_tim_ex.o [4]
HAL_TIMEx_CommutCallback
                         0x800'427b    0x2  Code  Wk  stm32f0xx_hal_tim_ex.o [4]
HAL_TIMEx_MasterConfigSynchronization
                         0x800'2add   0x4e  Code  Gb  stm32f0xx_hal_tim_ex.o [4]
HAL_TIM_Base_Init        0x800'260d   0x1e  Code  Gb  stm32f0xx_hal_tim.o [4]
HAL_TIM_Base_MspInit     0x800'4141   0x30  Code  Gb  stm32f0xx_hal_msp.o [2]
HAL_TIM_Base_Start_IT    0x800'262b   0x42  Code  Gb  stm32f0xx_hal_tim.o [4]
HAL_TIM_ConfigClockSource
                         0x800'28f1   0xcc  Code  Gb  stm32f0xx_hal_tim.o [4]
HAL_TIM_IC_CaptureCallback
                         0x800'4271    0x2  Code  Wk  stm32f0xx_hal_tim.o [4]
HAL_TIM_IRQHandler       0x800'27a9  0x148  Code  Gb  stm32f0xx_hal_tim.o [4]
HAL_TIM_OC_DelayElapsedCallback
                         0x800'4273    0x2  Code  Wk  stm32f0xx_hal_tim.o [4]
HAL_TIM_PWM_PulseFinishedCallback
                         0x800'4275    0x2  Code  Wk  stm32f0xx_hal_tim.o [4]
HAL_TIM_PeriodElapsedCallback
                         0x800'12bb   0x5e  Code  Gb  main.o [2]
HAL_TIM_TriggerCallback
                         0x800'4279    0x2  Code  Wk  stm32f0xx_hal_tim.o [4]
HAL_UART_Init            0x800'21e1   0x66  Code  Gb  stm32f0xx_hal_uart.o [4]
HAL_UART_MspInit         0x800'4171   0x60  Code  Gb  stm32f0xx_hal_msp.o [2]
HardFault_Handler        0x800'541b    0x2  Code  Gb  stm32f0xx_it.o [2]
I2C1_IRQHandler          0x800'5563         Code  Wk  startup_stm32f030x6.o [3]
I2C_RW                   0x800'082f   0x9e  Code  Gb  main.o [2]
I2C_init                 0x800'0741   0x50  Code  Gb  main.o [2]
I2C_start                0x800'079d   0x46  Code  Gb  main.o [2]
I2C_stop                 0x800'07e9   0x46  Code  Gb  main.o [2]
Kadr                     0x800'4f50   0xd0  Data  Gb  main.o [2]
Lcd1                    0x2000'00f4  0x368  Data  Gb  main.o [2]
Lcd_Clear                0x800'02db   0x2c  Code  Gb  main.o [2]
Lcd_Put_Icon2_Invert     0x800'0325   0x8c  Code  Gb  main.o [2]
Lcd_Put_Pixel_xy         0x800'0285   0x26  Code  Gb  main.o [2]
Lcd_Putchar_Point        0x800'03bb   0x82  Code  Gb  main.o [2]
Lcd_Refresh              0x800'02ab   0x30  Code  Gb  main.o [2]
MainCod                  0x800'0725   0x18  Code  Gb  main.o [2]
ManualSetting            0x800'5384   0x58  Data  Gb  main.o [2]
NMI_Handler              0x800'5419    0x2  Code  Gb  stm32f0xx_it.o [2]
OutPut                   0x800'04d1   0x3c  Code  Gb  main.o [2]
PendSV_Handler           0x800'541f    0x2  Code  Gb  stm32f0xx_it.o [2]
RCC_IRQHandler           0x800'428f         Code  Wk  startup_stm32f030x6.o [3]
RTC_IRQHandler           0x800'316b         Code  Wk  startup_stm32f030x6.o [3]
Region$$Table$$Base      0x800'5478          --   Gb  - Linker created -
Region$$Table$$Limit     0x800'5498          --   Gb  - Linker created -
Reset_Handler            0x800'5541         Code  Wk  startup_stm32f030x6.o [3]
SPI1_IRQHandler          0x800'5565         Code  Wk  startup_stm32f030x6.o [3]
SVC_Handler              0x800'541d    0x2  Code  Gb  stm32f0xx_it.o [2]
Save                     0x800'50b0   0x90  Data  Gb  main.o [2]
SecCount                0x2000'0024    0x4  Data  Gb  main.o [2]
SecMain                 0x2000'0020    0x4  Data  Gb  main.o [2]
Setting_down            0x2000'0078    0xc  Data  Gb  main.o [2]
Setting_up              0x2000'0040    0xc  Data  Gb  main.o [2]
Settinglogo             0x2000'009c    0xc  Data  Gb  main.o [2]
SoftSTART                0x800'050d  0x120  Code  Gb  main.o [2]
SoftStartTime           0x2000'00d8    0xc  Data  Gb  main.o [2]
SoftStartTime1           0x800'5140   0x8c  Data  Gb  main.o [2]
SoftTime_eeprom         0x2000'0010    0x2  Data  Gb  main.o [2]
StartTime               0x2000'00b4    0xc  Data  Gb  main.o [2]
StartTime_eeprom        0x2000'000e    0x2  Data  Gb  main.o [2]
StartVoltage            0x2000'00a8    0xc  Data  Gb  main.o [2]
StartVoltage_eeprom     0x2000'000c    0x2  Data  Gb  main.o [2]
SysTick_Handler          0x800'5421    0x8  Code  Gb  stm32f0xx_it.o [2]
SystemClock_Config       0x800'16c1   0x80  Code  Gb  main.o [2]
SystemCoreClock         0x2000'00f0    0x4  Data  Gb  system_stm32f0xx.o [1]
SystemInit               0x800'552d    0x2  Code  Gb  system_stm32f0xx.o [1]
TAHOMA_8x10             0x2000'0000    0xc  Data  Gb  main.o [2]
TIM14_IRQHandler         0x800'555d         Code  Wk  startup_stm32f030x6.o [3]
TIM16_IRQHandler         0x800'555f         Code  Wk  startup_stm32f030x6.o [3]
TIM17_IRQHandler         0x800'5561         Code  Wk  startup_stm32f030x6.o [3]
TIM1_BRK_UP_TRG_COM_IRQHandler
                         0x800'5433    0xa  Code  Gb  stm32f0xx_it.o [2]
TIM1_CC_IRQHandler       0x800'5559         Code  Wk  startup_stm32f030x6.o [3]
TIM3_IRQHandler          0x800'555b         Code  Wk  startup_stm32f030x6.o [3]
TIM_Base_SetConfig       0x800'29c1   0x72  Code  Gb  stm32f0xx_hal_tim.o [4]
TIM_CCxChannelCmd        0x800'2ac1   0x1a  Code  Gb  stm32f0xx_hal_tim.o [4]
TIM_ETR_SetConfig        0x800'2aa5   0x14  Code  Gb  stm32f0xx_hal_tim.o [4]
TIM_ITRx_SetConfig       0x800'2a95   0x10  Code  Lc  stm32f0xx_hal_tim.o [4]
TIM_TI1_ConfigInputStage
                         0x800'2a49   0x22  Code  Lc  stm32f0xx_hal_tim.o [4]
TIM_TI2_ConfigInputStage
                         0x800'2a6b   0x24  Code  Lc  stm32f0xx_hal_tim.o [4]
UART_AdvFeatureConfig    0x800'234d   0xc8  Code  Gb  stm32f0xx_hal_uart.o [4]
UART_CheckIdleState      0x800'2419   0xae  Code  Gb  stm32f0xx_hal_uart.o [4]
UART_EndRxTransfer       0x800'25a9   0x5e  Code  Lc  stm32f0xx_hal_uart.o [4]
UART_SetConfig           0x800'224d  0x100  Code  Gb  stm32f0xx_hal_uart.o [4]
UART_WaitOnFlagUntilTimeout
                         0x800'24e1   0xa2  Code  Gb  stm32f0xx_hal_uart.o [4]
USART1_IRQHandler        0x800'5567         Code  Wk  startup_stm32f030x6.o [3]
Voltage                 0x2000'0014    0x4  Data  Gb  main.o [2]
Voltagestart             0x800'5020   0x90  Data  Gb  main.o [2]
WWDG_IRQHandler          0x800'2adb         Code  Wk  startup_stm32f030x6.o [3]
_LC                      0x800'316d    0x8  Code  Lc  xprintffull_nomb.o [5]
_LitobFullNoMb           0x800'3f17  0x124  Code  Lc  xprintffull_nomb.o [5]
_PrintfFullNoMb          0x800'3175  0xda2  Code  Gb  xprintffull_nomb.o [5]
_PutcharsFullNoMb        0x800'4089   0x36  Code  Lc  xprintffull_nomb.o [5]
_SProut                  0x800'211f    0xa  Code  Gb  xsprout.o [5]
_TAHOMA_8x10             0x800'4868  0x3b8  Data  Gb  main.o [2]
__ICFEDIT_region_RAM_end__ {Abs}
                        0x2000'0fff          --   Gb  <internal module>
__ICFEDIT_region_RAM_start__ {Abs}
                        0x2000'0000          --   Gb  <internal module>
__NVIC_SetPriority       0x800'2155   0x3a  Code  Lc  stm32f0xx_hal_cortex.o [4]
__aeabi_cdcmple          0x800'4379         Code  Gb  DblCmpLe.o [6]
__aeabi_cdrcmple         0x800'43ab         Code  Gb  DblCmpGe.o [6]
__aeabi_d2f              0x800'208b         Code  Gb  DblToFlt.o [6]
__aeabi_d2iz             0x800'444d         Code  Gb  DblToI32.o [6]
__aeabi_d2uiz            0x800'4471         Code  Gb  DblToI32.o [6]
__aeabi_ddiv             0x800'1fc9         Code  Gb  DblDiv.o [6]
__aeabi_dmul             0x800'4647         Code  Gb  DblMul.o [6]
__aeabi_dsub             0x800'4559         Code  Gb  DblAddSub.o [6]
__aeabi_f2d              0x800'20ed         Code  Gb  FltToDbl.o [6]
__aeabi_i2d              0x800'1fb5         Code  Gb  IxxToDbl.o [6]
__aeabi_idiv0            0x800'3169         Code  Gb  IntDivZer.o [7]
__aeabi_ldiv0            0x800'4851         Code  Gb  I64DivZer.o [7]
__aeabi_memcpy           0x800'4335         Code  Gb  ABImemcpy.o [7]
__aeabi_memcpy4          0x800'4301         Code  Gb  ABImemcpy.o [7]
__aeabi_memcpy8          0x800'4301         Code  Gb  ABImemcpy.o [7]
__aeabi_ui2d             0x800'1f95         Code  Gb  IxxToDbl.o [6]
__aeabi_uldivmod         0x800'47cb         Code  Gb  I64DivMod.o [7]
__cmain                  0x800'54d9         Code  Gb  cmain.o [7]
__exit                   0x800'4855   0x14  Code  Gb  exit.o [8]
__iar_Fail_s             0x800'4291   0x22  Code  Gb  xfail_s.o [5]
__iar_Memchr             0x800'42e9         Code  Gb  memchr.o [7]
__iar_Memcpy             0x800'4341         Code  Gb  ABImemcpy.o [7]
__iar_Strchr             0x800'427d         Code  Gb  strchr.o [7]
__iar_d2uiz              0x800'4475         Code  Gb  DblToI32.o [6]
__iar_data_init3         0x800'5451   0x28  Code  Gb  data_init.o [7]
__iar_frexp              0x800'435b         Code  Gb  frexp.o [6]
__iar_frexp64            0x800'434f         Code  Gb  frexp.o [6]
__iar_frexpl             0x800'435b         Code  Gb  frexp.o [6]
__iar_ldexp64            0x800'43dd         Code  Gb  ldexp.o [6]
__iar_packbits_init_single3
                         0x800'19cb   0x3e  Code  Gb  packbits_init_single.o [7]
__iar_program_start      0x800'5511         Code  Gb  cstartup_M.o [7]
__iar_scalbln64          0x800'43dd         Code  Gb  ldexp.o [6]
__iar_scalbn64           0x800'43dd         Code  Gb  ldexp.o [6]
__iar_small_Memset4_word
                         0x800'2149         Code  Gb  ABImemset_small.o [7]
__iar_small_Memset_word
                         0x800'2149         Code  Gb  ABImemset_small.o [7]
__iar_small_idiv         0x800'196d         Code  Gb  I32DivMod.o [7]
__iar_small_idivmod      0x800'196d         Code  Gb  I32DivMod.o [7]
__iar_small_memset       0x800'2149         Code  Gb  ABImemset_small.o [7]
__iar_small_memset4      0x800'2149         Code  Gb  ABImemset_small.o [7]
__iar_small_memset8      0x800'2149         Code  Gb  ABImemset_small.o [7]
__iar_small_uidiv        0x800'1995         Code  Gb  I32DivMod.o [7]
__iar_small_uidivmod     0x800'1995         Code  Gb  I32DivMod.o [7]
__iar_zero_init3         0x800'53dd   0x3c  Code  Gb  zero_init3.o [7]
__low_level_init         0x800'54f7    0x4  Code  Gb  low_level_init.o [5]
__vector_table           0x800'0000         Data  Gb  startup_stm32f030x6.o [3]
_call_main               0x800'54e5         Code  Gb  cmain.o [7]
_exit                    0x800'5505         Code  Gb  cexit.o [7]
abort                    0x800'4847    0xa  Code  Gb  abort.o [5]
adc1                    0x2000'003c    0x4  Data  Gb  main.o [2]
adc_val_ch0             0x2000'0038    0x4  Data  Gb  main.o [2]
autolSetting             0x800'5248   0x6c  Data  Gb  main.o [2]
changeMenu              0x2000'0054    0x4  Data  Gb  main.o [2]
delay_ms                 0x800'00b1   0x10  Code  Gb  main.o [2]
delay_us                 0x800'00c1    0xc  Code  Gb  main.o [2]
delay_us_soft            0x800'04b1   0x20  Code  Gb  main.o [2]
eeprom_read_int16        0x800'09a5    0xc  Code  Gb  main.o [2]
eeprom_write_int16       0x800'0989   0x12  Code  Gb  main.o [2]
exit                     0x800'54fb    0x8  Code  Gb  exit.o [5]
frexp                    0x800'434f         Code  Gb  frexp.o [6]
frexpl                   0x800'434f         Code  Gb  frexp.o [6]
hadc                    0x2000'052c   0x40  Data  Gb  main.o [2]
htim1                   0x2000'04e4   0x48  Data  Gb  main.o [2]
huart1                  0x2000'045c   0x88  Data  Gb  main.o [2]
kadr                    0x2000'00c0    0xc  Data  Gb  main.o [2]
lcdBackLightControl      0x800'06d9   0x4c  Code  Gb  main.o [2]
lcdLight                0x2000'0028    0x4  Data  Gb  main.o [2]
lcdLightTimer           0x2000'002c    0x4  Data  Gb  main.o [2]
lcdShow                 0x2000'0058   0x14  Data  Gb  main.o [2]
lcd_gotoxy               0x800'01dd   0x36  Code  Gb  main.o [2]
lcd_port_init            0x800'00cd   0x8c  Code  Gb  main.o [2]
lcd_putsf_point          0x800'0447   0x40  Code  Gb  main.o [2]
lcd_x                   0x2000'0574    0x1  Data  Gb  main.o [2]
lcd_y                   0x2000'0575    0x1  Data  Gb  main.o [2]
lcdinit                  0x800'0215   0x70  Code  Gb  main.o [2]
lcdreset                 0x800'0159   0x1e  Code  Gb  main.o [2]
lcdsend                  0x800'0181   0x5c  Code  Gb  main.o [2]
ldexp                    0x800'43dd         Code  Gb  ldexp.o [6]
ldexpl                   0x800'43dd         Code  Gb  ldexp.o [6]
logo                    0x2000'006c    0xc  Data  Gb  main.o [2]
logoSetting              0x800'5320   0x64  Data  Gb  main.o [2]
main                     0x800'133d  0x360  Code  Gb  main.o [2]
map                      0x800'0487   0x16  Code  Gb  main.o [2]
memchr                   0x800'42e9         Code  Gb  memchr.o [7]
menu                     0x800'1135  0x186  Code  Gb  main.o [2]
menuExit                 0x800'09bd   0x6e  Code  Gb  main.o [2]
menuSelect              0x2000'0050    0x4  Data  Gb  main.o [2]
pavan                    0x800'4c20  0x330  Data  Gb  main.o [2]
readCurrent              0x800'062d   0xa0  Code  Gb  main.o [2]
saved                   0x2000'00cc    0xc  Data  Gb  main.o [2]
scalbln                  0x800'43dd         Code  Gb  ldexp.o [6]
scalblnl                 0x800'43dd         Code  Gb  ldexp.o [6]
scalbn                   0x800'43dd         Code  Gb  ldexp.o [6]
scalbnl                  0x800'43dd         Code  Gb  ldexp.o [6]
scale                    0x800'403b   0x44  Code  Lc  xprintffull_nomb.o [5]
sec_hand                0x2000'0570    0x4  Data  Lc  xfail_s.o [5]
setting                 0x2000'004c    0x4  Data  Gb  main.o [2]
softStart_State         0x2000'001c    0x4  Data  Gb  main.o [2]
softTimer1              0x2000'0018    0x4  Data  Gb  main.o [2]
sprintf                  0x800'1a09   0x40  Code  Gb  sprintf.o [5]
strchr                   0x800'427d         Code  Gb  strchr.o [7]
strlen                   0x800'42d9         Code  Gb  strlen.o [7]
tanzimDasti              0x800'0f33  0x1ee  Code  Gb  main.o [2]
tanzimDasti_start_soft   0x800'0d8d  0x168  Code  Gb  main.o [2]
tanzimDasti_start_time   0x800'0c19  0x15e  Code  Gb  main.o [2]
tanzimDasti_start_voltage
                         0x800'0aa5  0x156  Code  Gb  main.o [2]
tanzim_Auto             0x2000'0090    0xc  Data  Gb  main.o [2]
tanzim_manual           0x2000'0084    0xc  Data  Gb  main.o [2]
tanzimatdown             0x800'54b8   0x20  Data  Gb  main.o [2]
tanzimatup               0x800'5498   0x20  Data  Gb  main.o [2]
timeSoft2               0x2000'0034    0x4  Data  Gb  main.o [2]
timestart                0x800'51cc   0x7c  Data  Gb  main.o [2]
uwTick                  0x2000'00e8    0x4  Data  Gb  stm32f0xx_hal.o [4]
uwTickFreq              0x2000'00e4    0x1  Data  Gb  stm32f0xx_hal.o [4]
uwTickPrio              0x2000'00ec    0x4  Data  Gb  stm32f0xx_hal.o [4]
volt2                   0x2000'0030    0x4  Data  Gb  main.o [2]
zero_cross_flag         0x2000'056c    0x4  Data  Gb  main.o [2]


[1] = F:\ELECTRONIC\sherkat\Dimmer_Pump\Dimmer_Pumo\EWARM\Dimmer_Pumo\Obj\CMSIS_6603591812247902717.dir
[2] = F:\ELECTRONIC\sherkat\Dimmer_Pump\Dimmer_Pumo\EWARM\Dimmer_Pumo\Obj\Core_13247989168731456611.dir
[3] = F:\ELECTRONIC\sherkat\Dimmer_Pump\Dimmer_Pumo\EWARM\Dimmer_Pumo\Obj\EWARM_18443280873093131863.dir
[4] = F:\ELECTRONIC\sherkat\Dimmer_Pump\Dimmer_Pumo\EWARM\Dimmer_Pumo\Obj\STM32F0xx_HAL_Driver_12736992878974344111.dir
[5] = dl6M_tln.a
[6] = m6M_tl.a
[7] = rt6M_tl.a
[8] = shb_l.a

  18'830 bytes of readonly  code memory
   3'204 bytes of readonly  data memory
   2'422 bytes of readwrite data memory

Errors: none
Warnings: none
