Removed Pin From Net: NetName=NetQ1_1 Pin=R6-1
Removed Pin From Net: NetName=buzzer Pin=R6-2
Removed Pin From Net: NetName=VCC-3.3v Pin=R11-1
Removed Pin From Net: NetName=RESET Pin=R11-2
Removed Pin From Net: NetName=VCC_5V Pin=RB1-1
Removed Pin From Net: NetName=NetBuzzer1_1 Pin=RB1-2
Removed Member From Class: ClassName=LOAD CONTROL_Final2 Member=R6
Removed Member From Class: ClassName=LOAD CONTROL_Final2 Member=R11
Removed Member From Class: ClassName=LOAD CONTROL_Final2 Member=RB1
Change Component Footprint: Designator=R? Old Footprint=RES 1206 (3216X08L) New Footprint=RESC3116X65N
Change Component Comment : Designator=R? Old Comment=1K New Comment=RC1206JR-0713RL
Change component parameters: Designator = "R?"; Footprint = "RESC3116X65N"; UniqueID = "\PNLOVEVA"
Change component parameters. Clean all parameters for all variants
Change component parameters (AddParameter): Name = "Availability"; Value = "In Stock"; VariantName = "[No Variations]"
Change component parameters (AddParameter): Name = "Check_prices"; Value = "https://www.snapeda.com/parts/RC1206JR-0713RL/Yageo/view-part/?ref=eda"; VariantName = "[No Variations]"
Change component parameters (AddParameter): Name = "MF"; Value = "Yageo"; VariantName = "[No Variations]"
Change component parameters (AddParameter): Name = "MP"; Value = "RC1206JR-0713RL"; VariantName = "[No Variations]"
Change component parameters (AddParameter): Name = "Package"; Value = "3116 Yageo"; VariantName = "[No Variations]"
Change component parameters (AddParameter): Name = "Price"; Value = "None"; VariantName = "[No Variations]"
Change component parameters (AddParameter): Name = "Purchase-URL"; Value = "https://pricing.snapeda.com/search/part/RC1206JR-0713RL/?ref=eda"; VariantName = "[No Variations]"
Change component parameters (AddParameter): Name = "SnapEDA_Link"; Value = "https://www.snapeda.com/parts/RC1206JR-0713RL/Yageo/view-part/?ref=snap"; VariantName = "[No Variations]"
Change component parameters (AddParameter): Name = "Value"; Value = ""; VariantName = "[No Variations]"
Added Component: Designator=R?(RESC3116X65N)
Add component. Clean all parameters for all variants
Add component (AddParameter): Name = "Availability"; Value = "In Stock"; VariantName = "[No Variations]"
Add component (AddParameter): Name = "Check_prices"; Value = "https://www.snapeda.com/parts/RC1206JR-0713RL/Yageo/view-part/?ref=eda"; VariantName = "[No Variations]"
Add component (AddParameter): Name = "MF"; Value = "Yageo"; VariantName = "[No Variations]"
Add component (AddParameter): Name = "MP"; Value = "RC1206JR-0713RL"; VariantName = "[No Variations]"
Add component (AddParameter): Name = "Package"; Value = "3116 Yageo"; VariantName = "[No Variations]"
Add component (AddParameter): Name = "Price"; Value = "None"; VariantName = "[No Variations]"
Add component (AddParameter): Name = "Purchase-URL"; Value = "https://pricing.snapeda.com/search/part/RC1206JR-0713RL/?ref=eda"; VariantName = "[No Variations]"
Add component (AddParameter): Name = "SnapEDA_Link"; Value = "https://www.snapeda.com/parts/RC1206JR-0713RL/Yageo/view-part/?ref=snap"; VariantName = "[No Variations]"
Add component (AddParameter): Name = "Value"; Value = ""; VariantName = "[No Variations]"
Added Pin To Net: NetName=buzzer Pin=R?-1
Added Pin To Net: NetName=RESET Pin=R?-1
Added Pin To Net: NetName=VCC_5V Pin=R?-1
Added Pin To Net: NetName=NetBuzzer1_1 Pin=R?-2
Added Pin To Net: NetName=NetQ1_1 Pin=R?-2
Added Pin To Net: NetName=VCC-3.3v Pin=R?-2
Added Member To Class: ClassName=LOAD CONTROL_Final2 Member=Component C5 0.1uF
Added Member To Class: ClassName=LOAD CONTROL_Final2 Member=Component R3 1K
Added Member To Class: ClassName=LOAD CONTROL_Final2 Member=Component R? RC1206JR-0713RL
Added Member To Class: ClassName=LOAD CONTROL_Final2 Member=Component R? RC1206JR-0713RL
Added Room: Name=LOAD CONTROL_Final2
