Removed Pin From Net: NetName=amper Pin=C9-2
Removed Pin From Net: NetName=NetC10_2 Pin=C10-2
Removed Pin From Net: NetName=GND Pin=C13-1
Removed Pin From Net: NetName=VCC-3.3v Pin=C13-2
Removed Pin From Net: NetName=GND Pin=C16-1
Removed Pin From Net: NetName=9v Pin=C16-2
Removed Pin From Net: NetName=VCC_5V Pin=C17-2
Removed Pin From Net: NetName=GND Pin=Cr1-1
Removed Pin From Net: NetName=RESET Pin=Cr1-2
Removed Member From Class: ClassName=LOAD CONTROL_Final2 Member=C?
Removed Member From Class: ClassName=LOAD CONTROL_Final2 Member=Cr1
Change Component Footprint: Designator=C1 Old Footprint=CAPC4817X12N New Footprint=CAPC3216X88N
Change Component Footprint: Designator=C2 Old Footprint=CAPC4817X12N New Footprint=CAPC3216X88N
Change Component Footprint: Designator=C3 Old Footprint=CAPC4817X12N New Footprint=CAPC3216X88N
Change Component Footprint: Designator=C4 Old Footprint=CAPC4817X12N New Footprint=CAPC3216X88N
Change Component Footprint: Designator=C5 Old Footprint=CAPC4817X12N New Footprint=CAPC3216X88N
Change Component Footprint: Designator=C6 Old Footprint=CAPC4817X12N New Footprint=CAPC3216X88N
Change Component Footprint: Designator=C7 Old Footprint=CAPC4817X12N New Footprint=CAPC3216X88N
Change Component Footprint: Designator=C8 Old Footprint=CAPC4817X12N New Footprint=CAPC3216X88N
Change Component Footprint: Designator=C9 Old Footprint=CAPC4817X12N New Footprint=CAPC3216X88N
Change Component Footprint: Designator=C10 Old Footprint=CAPC4817X12N New Footprint=CAPC3216X88N
Change Component Footprint: Designator=C17 Old Footprint=CAPC4817X12N New Footprint=CAPC3216X88N
Change Component Comment : Designator=C1 Old Comment=0.1uF New Comment=C1206C120J5GACTU
Change Component Comment : Designator=C2 Old Comment=0.1uF New Comment=C1206C120J5GACTU
Change Component Comment : Designator=C3 Old Comment=0.1uF New Comment=C1206C120J5GACTU
Change Component Comment : Designator=C4 Old Comment=0.1uF New Comment=C1206C120J5GACTU
Change Component Comment : Designator=C5 Old Comment=0.1uF New Comment=C1206C120J5GACTU
Change Component Comment : Designator=C6 Old Comment=0.1uF New Comment=C1206C120J5GACTU
Change Component Comment : Designator=C7 Old Comment=0.1uF New Comment=C1206C120J5GACTU
Change Component Comment : Designator=C8 Old Comment=0.1uF New Comment=C1206C120J5GACTU
Change Component Comment : Designator=C9 Old Comment=0.1uF New Comment=C1206C120J5GACTU
Change Component Comment : Designator=C10 Old Comment=0.1uF New Comment=C1206C120J5GACTU
Change Component Comment : Designator=C17 Old Comment=0.1uF New Comment=C1206C120J5GACTU
Change Component Designator: OldDesignator=C11 NewDesignator=C12
Change Component Designator: OldDesignator=C12 NewDesignator=C13
Change Component Designator: OldDesignator=C14 NewDesignator=C15
Change Component Designator: OldDesignator=C15 NewDesignator=C16
Change Component Designator: OldDesignator=C18 NewDesignator=C19
Change Component Designator: OldDesignator=C19 NewDesignator=C20
Change Component Designator: OldDesignator=C? NewDesignator=C11
Change component parameters: Designator = "C1"; Footprint = "CAPC3216X88N"; UniqueID = "\QKWOFWRM"
Change component parameters. Clean all parameters for all variants
Change component parameters (AddParameter): Name = "Check_prices"; Value = "https://www.snapeda.com/parts/C1206C120J5GACTU/KEMET/view-part/?ref=eda"; VariantName = "[No Variations]"
Change component parameters (AddParameter): Name = "MF"; Value = "KEMET"; VariantName = "[No Variations]"
Change component parameters (AddParameter): Name = "MP"; Value = "C1206C120J5GACTU"; VariantName = "[No Variations]"
Change component parameters (AddParameter): Name = "Package"; Value = "3216 KEMET"; VariantName = "[No Variations]"
Change component parameters (AddParameter): Name = "SnapEDA_Link"; Value = "https://www.snapeda.com/parts/C1206C120J5GACTU/KEMET/view-part/?ref=snap"; VariantName = "[No Variations]"
Change component parameters (AddParameter): Name = "Value"; Value = ""; VariantName = "[No Variations]"
Change component parameters: Designator = "C2"; Footprint = "CAPC3216X88N"; UniqueID = "\FADJULFP"
Change component parameters. Clean all parameters for all variants
Change component parameters (AddParameter): Name = "Check_prices"; Value = "https://www.snapeda.com/parts/C1206C120J5GACTU/KEMET/view-part/?ref=eda"; VariantName = "[No Variations]"
Change component parameters (AddParameter): Name = "MF"; Value = "KEMET"; VariantName = "[No Variations]"
Change component parameters (AddParameter): Name = "MP"; Value = "C1206C120J5GACTU"; VariantName = "[No Variations]"
Change component parameters (AddParameter): Name = "Package"; Value = "3216 KEMET"; VariantName = "[No Variations]"
Change component parameters (AddParameter): Name = "SnapEDA_Link"; Value = "https://www.snapeda.com/parts/C1206C120J5GACTU/KEMET/view-part/?ref=snap"; VariantName = "[No Variations]"
Change component parameters (AddParameter): Name = "Value"; Value = ""; VariantName = "[No Variations]"
Change component parameters: Designator = "C3"; Footprint = "CAPC3216X88N"; UniqueID = "\REQOWFTJ"
Change component parameters. Clean all parameters for all variants
Change component parameters (AddParameter): Name = "Check_prices"; Value = "https://www.snapeda.com/parts/C1206C120J5GACTU/KEMET/view-part/?ref=eda"; VariantName = "[No Variations]"
Change component parameters (AddParameter): Name = "MF"; Value = "KEMET"; VariantName = "[No Variations]"
Change component parameters (AddParameter): Name = "MP"; Value = "C1206C120J5GACTU"; VariantName = "[No Variations]"
Change component parameters (AddParameter): Name = "Package"; Value = "3216 KEMET"; VariantName = "[No Variations]"
Change component parameters (AddParameter): Name = "SnapEDA_Link"; Value = "https://www.snapeda.com/parts/C1206C120J5GACTU/KEMET/view-part/?ref=snap"; VariantName = "[No Variations]"
Change component parameters (AddParameter): Name = "Value"; Value = ""; VariantName = "[No Variations]"
Change component parameters: Designator = "C4"; Footprint = "CAPC3216X88N"; UniqueID = "\CKBCHSAG"
Change component parameters. Clean all parameters for all variants
Change component parameters (AddParameter): Name = "Check_prices"; Value = "https://www.snapeda.com/parts/C1206C120J5GACTU/KEMET/view-part/?ref=eda"; VariantName = "[No Variations]"
Change component parameters (AddParameter): Name = "MF"; Value = "KEMET"; VariantName = "[No Variations]"
Change component parameters (AddParameter): Name = "MP"; Value = "C1206C120J5GACTU"; VariantName = "[No Variations]"
Change component parameters (AddParameter): Name = "Package"; Value = "3216 KEMET"; VariantName = "[No Variations]"
Change component parameters (AddParameter): Name = "SnapEDA_Link"; Value = "https://www.snapeda.com/parts/C1206C120J5GACTU/KEMET/view-part/?ref=snap"; VariantName = "[No Variations]"
Change component parameters (AddParameter): Name = "Value"; Value = ""; VariantName = "[No Variations]"
Change component parameters: Designator = "C5"; Footprint = "CAPC3216X88N"; UniqueID = "\SJXRCGBB"
Change component parameters. Clean all parameters for all variants
Change component parameters (AddParameter): Name = "Check_prices"; Value = "https://www.snapeda.com/parts/C1206C120J5GACTU/KEMET/view-part/?ref=eda"; VariantName = "[No Variations]"
Change component parameters (AddParameter): Name = "MF"; Value = "KEMET"; VariantName = "[No Variations]"
Change component parameters (AddParameter): Name = "MP"; Value = "C1206C120J5GACTU"; VariantName = "[No Variations]"
Change component parameters (AddParameter): Name = "Package"; Value = "3216 KEMET"; VariantName = "[No Variations]"
Change component parameters (AddParameter): Name = "SnapEDA_Link"; Value = "https://www.snapeda.com/parts/C1206C120J5GACTU/KEMET/view-part/?ref=snap"; VariantName = "[No Variations]"
Change component parameters (AddParameter): Name = "Value"; Value = ""; VariantName = "[No Variations]"
Change component parameters: Designator = "C6"; Footprint = "CAPC3216X88N"; UniqueID = "\RROFWQFY"
Change component parameters. Clean all parameters for all variants
Change component parameters (AddParameter): Name = "Check_prices"; Value = "https://www.snapeda.com/parts/C1206C120J5GACTU/KEMET/view-part/?ref=eda"; VariantName = "[No Variations]"
Change component parameters (AddParameter): Name = "MF"; Value = "KEMET"; VariantName = "[No Variations]"
Change component parameters (AddParameter): Name = "MP"; Value = "C1206C120J5GACTU"; VariantName = "[No Variations]"
Change component parameters (AddParameter): Name = "Package"; Value = "3216 KEMET"; VariantName = "[No Variations]"
Change component parameters (AddParameter): Name = "SnapEDA_Link"; Value = "https://www.snapeda.com/parts/C1206C120J5GACTU/KEMET/view-part/?ref=snap"; VariantName = "[No Variations]"
Change component parameters (AddParameter): Name = "Value"; Value = ""; VariantName = "[No Variations]"
Change component parameters: Designator = "C7"; Footprint = "CAPC3216X88N"; UniqueID = "\DHURWQRR"
Change component parameters. Clean all parameters for all variants
Change component parameters (AddParameter): Name = "Check_prices"; Value = "https://www.snapeda.com/parts/C1206C120J5GACTU/KEMET/view-part/?ref=eda"; VariantName = "[No Variations]"
Change component parameters (AddParameter): Name = "MF"; Value = "KEMET"; VariantName = "[No Variations]"
Change component parameters (AddParameter): Name = "MP"; Value = "C1206C120J5GACTU"; VariantName = "[No Variations]"
Change component parameters (AddParameter): Name = "Package"; Value = "3216 KEMET"; VariantName = "[No Variations]"
Change component parameters (AddParameter): Name = "SnapEDA_Link"; Value = "https://www.snapeda.com/parts/C1206C120J5GACTU/KEMET/view-part/?ref=snap"; VariantName = "[No Variations]"
Change component parameters (AddParameter): Name = "Value"; Value = ""; VariantName = "[No Variations]"
Change component parameters: Designator = "C8"; Footprint = "CAPC3216X88N"; UniqueID = "\HFRSVSVM"
Change component parameters. Clean all parameters for all variants
Change component parameters (AddParameter): Name = "Check_prices"; Value = "https://www.snapeda.com/parts/C1206C120J5GACTU/KEMET/view-part/?ref=eda"; VariantName = "[No Variations]"
Change component parameters (AddParameter): Name = "MF"; Value = "KEMET"; VariantName = "[No Variations]"
Change component parameters (AddParameter): Name = "MP"; Value = "C1206C120J5GACTU"; VariantName = "[No Variations]"
Change component parameters (AddParameter): Name = "Package"; Value = "3216 KEMET"; VariantName = "[No Variations]"
Change component parameters (AddParameter): Name = "SnapEDA_Link"; Value = "https://www.snapeda.com/parts/C1206C120J5GACTU/KEMET/view-part/?ref=snap"; VariantName = "[No Variations]"
Change component parameters (AddParameter): Name = "Value"; Value = ""; VariantName = "[No Variations]"
Change component parameters: Designator = "C9"; Footprint = "CAPC3216X88N"; UniqueID = "\UXWYGCJY"
Change component parameters. Clean all parameters for all variants
Change component parameters (AddParameter): Name = "Check_prices"; Value = "https://www.snapeda.com/parts/C1206C120J5GACTU/KEMET/view-part/?ref=eda"; VariantName = "[No Variations]"
Change component parameters (AddParameter): Name = "MF"; Value = "KEMET"; VariantName = "[No Variations]"
Change component parameters (AddParameter): Name = "MP"; Value = "C1206C120J5GACTU"; VariantName = "[No Variations]"
Change component parameters (AddParameter): Name = "Package"; Value = "3216 KEMET"; VariantName = "[No Variations]"
Change component parameters (AddParameter): Name = "SnapEDA_Link"; Value = "https://www.snapeda.com/parts/C1206C120J5GACTU/KEMET/view-part/?ref=snap"; VariantName = "[No Variations]"
Change component parameters (AddParameter): Name = "Value"; Value = ""; VariantName = "[No Variations]"
Change component parameters: Designator = "C10"; Footprint = "CAPC3216X88N"; UniqueID = "\EUFOBEDB"
Change component parameters. Clean all parameters for all variants
Change component parameters (AddParameter): Name = "Check_prices"; Value = "https://www.snapeda.com/parts/C1206C120J5GACTU/KEMET/view-part/?ref=eda"; VariantName = "[No Variations]"
Change component parameters (AddParameter): Name = "MF"; Value = "KEMET"; VariantName = "[No Variations]"
Change component parameters (AddParameter): Name = "MP"; Value = "C1206C120J5GACTU"; VariantName = "[No Variations]"
Change component parameters (AddParameter): Name = "Package"; Value = "3216 KEMET"; VariantName = "[No Variations]"
Change component parameters (AddParameter): Name = "SnapEDA_Link"; Value = "https://www.snapeda.com/parts/C1206C120J5GACTU/KEMET/view-part/?ref=snap"; VariantName = "[No Variations]"
Change component parameters (AddParameter): Name = "Value"; Value = ""; VariantName = "[No Variations]"
Change component parameters: Designator = "C17"; Footprint = "CAPC3216X88N"; UniqueID = "\JARYGXRS"
Change component parameters. Clean all parameters for all variants
Change component parameters (AddParameter): Name = "Check_prices"; Value = "https://www.snapeda.com/parts/C1206C120J5GACTU/KEMET/view-part/?ref=eda"; VariantName = "[No Variations]"
Change component parameters (AddParameter): Name = "MF"; Value = "KEMET"; VariantName = "[No Variations]"
Change component parameters (AddParameter): Name = "MP"; Value = "C1206C120J5GACTU"; VariantName = "[No Variations]"
Change component parameters (AddParameter): Name = "Package"; Value = "3216 KEMET"; VariantName = "[No Variations]"
Change component parameters (AddParameter): Name = "SnapEDA_Link"; Value = "https://www.snapeda.com/parts/C1206C120J5GACTU/KEMET/view-part/?ref=snap"; VariantName = "[No Variations]"
Change component parameters (AddParameter): Name = "Value"; Value = ""; VariantName = "[No Variations]"
Added Component: Designator=C14(CAPC3216X88N)
Add component. Clean all parameters for all variants
Add component (AddParameter): Name = "Check_prices"; Value = "https://www.snapeda.com/parts/C1206C120J5GACTU/KEMET/view-part/?ref=eda"; VariantName = "[No Variations]"
Add component (AddParameter): Name = "MF"; Value = "KEMET"; VariantName = "[No Variations]"
Add component (AddParameter): Name = "MP"; Value = "C1206C120J5GACTU"; VariantName = "[No Variations]"
Add component (AddParameter): Name = "Package"; Value = "3216 KEMET"; VariantName = "[No Variations]"
Add component (AddParameter): Name = "SnapEDA_Link"; Value = "https://www.snapeda.com/parts/C1206C120J5GACTU/KEMET/view-part/?ref=snap"; VariantName = "[No Variations]"
Add component (AddParameter): Name = "Value"; Value = ""; VariantName = "[No Variations]"
Added Component: Designator=C18(CAPC3216X88N)
Add component. Clean all parameters for all variants
Add component (AddParameter): Name = "Check_prices"; Value = "https://www.snapeda.com/parts/C1206C120J5GACTU/KEMET/view-part/?ref=eda"; VariantName = "[No Variations]"
Add component (AddParameter): Name = "MF"; Value = "KEMET"; VariantName = "[No Variations]"
Add component (AddParameter): Name = "MP"; Value = "C1206C120J5GACTU"; VariantName = "[No Variations]"
Add component (AddParameter): Name = "Package"; Value = "3216 KEMET"; VariantName = "[No Variations]"
Add component (AddParameter): Name = "SnapEDA_Link"; Value = "https://www.snapeda.com/parts/C1206C120J5GACTU/KEMET/view-part/?ref=snap"; VariantName = "[No Variations]"
Add component (AddParameter): Name = "Value"; Value = ""; VariantName = "[No Variations]"
Added Pin To Net: NetName=RESET Pin=C8-2
Added Pin To Net: NetName=amper Pin=C10-2
Added Pin To Net: NetName=GND Pin=C11-1
Added Pin To Net: NetName=NetC10_2 Pin=C11-2
Added Pin To Net: NetName=GND Pin=C14-1
Added Pin To Net: NetName=VCC-3.3v Pin=C14-2
Added Pin To Net: NetName=9v Pin=C17-2
Added Pin To Net: NetName=GND Pin=C18-1
Added Pin To Net: NetName=VCC_5V Pin=C18-2
Added Pin To Net: NetName=NetD12_2 Pin=pc1-2
Added Pin To Net: NetName=GND Pin=pc1-3
Added Pin To Net: NetName=ZeroCross Pin=pc1-4
Change Net Name : Old Net Name=NetC10_2 New Net Name=NetC11_2
Change Net Name : Old Net Name=NetC11_1 New Net Name=NetC12_1
Change Net Name : Old Net Name=NetC11_2 New Net Name=NetC12_2
Change Net Name : Old Net Name=NetC14_1 New Net Name=NetC15_1
Change Net Name : Old Net Name=NetC19_1 New Net Name=NetC20_1
Added Pin To Net: NetName=NetC9_2 Pin=C9-2
Added Pin To Net: NetName=NetC9_2 Pin=R13-1
Added Pin To Net: NetName=NetC9_2 Pin=R14-2
Added Net: Name=NetC9_2
Added Pin To Net: NetName=Netpc1_1 Pin=pc1-1
Added Pin To Net: NetName=Netpc1_1 Pin=R26-1
Added Net: Name=Netpc1_1
Added Member To Class: ClassName=LOAD CONTROL_Final2 Member=Component C20 100nF
Added Room: Name=LOAD CONTROL_Final2
