Removed Pin From Net: NetName=NetMOC1_6 Pin=RT3-1
Removed Pin From Net: NetName=n Pin=RT3-2
Removed Member From Class: ClassName=LOAD CONTROL_Final2 Member=RT3
Added Component: Designator=C?(Cap - 100nF - 400V)
Add component. Clean all parameters for all variants
Add component (AddParameter): Name = "Adding Date"; Value = "1387/12/20"; VariantName = "[No Variations]"
Add component (AddParameter): Name = "Designer"; Value = "Saeid Jorablo"; VariantName = "[No Variations]"
Add component (AddParameter): Name = "Organazation"; Value = "ControTec"; VariantName = "[No Variations]"
Add component (AddParameter): Name = "Value"; Value = "100nF"; VariantName = "[No Variations]"
Add component (AddParameter): Name = "Voltage"; Value = "100V"; VariantName = "[No Variations]"
Added Component: Designator=RT4(RESC4817X04N)
Add component. Clean all parameters for all variants
Add component (AddParameter): Name = "Data"; Value = "16-12-2016"; VariantName = "[No Variations]"
Add component (AddParameter): Name = "Desc."; Value = "RES SMD 1206"; VariantName = "[No Variations]"
Add component (AddParameter): Name = "Designer"; Value = "Abbas Basereh"; VariantName = "[No Variations]"
Added Component: Designator=RT5(RESC4817X04N)
Add component. Clean all parameters for all variants
Add component (AddParameter): Name = "Data"; Value = "16-12-2016"; VariantName = "[No Variations]"
Add component (AddParameter): Name = "Desc."; Value = "RES SMD 1206"; VariantName = "[No Variations]"
Add component (AddParameter): Name = "Designer"; Value = "Abbas Basereh"; VariantName = "[No Variations]"
Added Pin To Net: NetName=n Pin=C?-1
Added Pin To Net: NetName=NetMOC1_6 Pin=RT4-1
Added Pin To Net: NetName=NetLoad1_2 Pin=RT5-1
Added Pin To Net: NetName=NetC?_2 Pin=C?-2
Added Pin To Net: NetName=NetC?_2 Pin=RT4-2
Added Pin To Net: NetName=NetC?_2 Pin=RT5-2
Added Net: Name=NetC?_2
Added Member To Class: ClassName=LOAD CONTROL_Final2 Member=Component C5 0.1uF
Added Member To Class: ClassName=LOAD CONTROL_Final2 Member=Component C? 100nF
Added Member To Class: ClassName=LOAD CONTROL_Final2 Member=Component R3 1K
Added Member To Class: ClassName=LOAD CONTROL_Final2 Member=Component RT4 330r
Added Member To Class: ClassName=LOAD CONTROL_Final2 Member=Component RT5 330r
Added Room: Name=LOAD CONTROL_Final2
