Removed Pin From Net: NetName=NetC2_1 Pin=C2-1
Removed Pin From Net: NetName=NetD12_2 Pin=D12-2
Removed Pin From Net: NetName=ZeroCross Pin=pc1-1
Removed Pin From Net: NetName=GND Pin=pc1-2
Removed Pin From Net: NetName=INPUT Pin=R2-1
Removed Pin From Net: NetName=Sens Pin=R2-2
Removed Pin From Net: NetName=SCL Pin=R3-1
Removed Pin From Net: NetName=VCC-3.3v Pin=R3-2
Removed Pin From Net: NetName=SDA Pin=R4-1
Removed Pin From Net: NetName=VCC-3.3v Pin=R4-2
Removed Pin From Net: NetName=INPUT Pin=R5-1
Removed Pin From Net: NetName=GND Pin=R5-2
Removed Pin From Net: NetName=VCC-3.3v Pin=R8-1
Removed Pin From Net: NetName=SW2 Pin=R8-2
Removed Pin From Net: NetName=VCC-3.3v Pin=R9-1
Removed Pin From Net: NetName=sw3 Pin=R9-2
Removed Pin From Net: NetName=VCC-3.3v Pin=R10-1
Removed Pin From Net: NetName=SW4 Pin=R10-2
Removed Pin From Net: NetName=NetC10_2 Pin=R14-1
Removed Pin From Net: NetName=NetC8_2 Pin=R15-1
Removed Pin From Net: NetName=amper Pin=R15-2
Removed Pin From Net: NetName=NetC10_2 Pin=R17-1
Removed Pin From Net: NetName=GND Pin=R17-2
Removed Pin From Net: NetName=NetNOKIA 1_11 Pin=R18-1
Removed Pin From Net: NetName=backlight Pin=R18-2
Removed Pin From Net: NetName=NetMOC1_1 Pin=R30-1
Removed Pin From Net: NetName=triakPulse Pin=R30-2
Removed Pin From Net: NetName=GND Pin=rbut1-2
Removed Pin From Net: NetName=NetD12_2 Pin=rledbut1-2
Removed Pin From Net: NetName=rx Pin=Rrx1-1
Removed Pin From Net: NetName=NetMOC1_6 Pin=RT4-1
Removed Pin From Net: NetName=NetC2_1 Pin=RT4-2
Removed Pin From Net: NetName=NetLoad1_2 Pin=RT5-1
Removed Pin From Net: NetName=NetC2_1 Pin=RT5-2
Removed Pin From Net: NetName=tx Pin=RTx1-1
Removed Member From Class: ClassName=LOAD CONTROL_Final2 Member=R30
Removed Member From Class: ClassName=LOAD CONTROL_Final2 Member=rbut1
Removed Member From Class: ClassName=LOAD CONTROL_Final2 Member=rledbut1
Removed Member From Class: ClassName=LOAD CONTROL_Final2 Member=Rrx1
Removed Member From Class: ClassName=LOAD CONTROL_Final2 Member=RT4
Removed Member From Class: ClassName=LOAD CONTROL_Final2 Member=RT5
Removed Member From Class: ClassName=LOAD CONTROL_Final2 Member=RTx1
Change Component Footprint: Designator=R2 Old Footprint=RESC4817X04N New Footprint=RESC3116X65N
Change Component Footprint: Designator=R4 Old Footprint=RESC4817X04N New Footprint=RESC3116X65N
Change Component Footprint: Designator=R5 Old Footprint=RESC4817X04N New Footprint=RESC3116X65N
Change Component Footprint: Designator=R9 Old Footprint=RESC4817X04N New Footprint=RESC3116X65N
Change Component Footprint: Designator=R10 Old Footprint=RESC4817X04N New Footprint=RESC3116X65N
Change Component Footprint: Designator=R14 Old Footprint=RESC4817X04N New Footprint=RESC3116X65N
Change Component Footprint: Designator=R15 Old Footprint=RESC4817X04N New Footprint=RESC3116X65N
Change Component Footprint: Designator=R25 Old Footprint=RESC4817X04N New Footprint=RESC3116X65N
Change Component Footprint: Designator=R27 Old Footprint=RESC4817X04N New Footprint=RESC3116X65N
Change Component Comment : Designator=R2 Old Comment=1K New Comment=RC1206JR-0713RL
Change Component Comment : Designator=R4 Old Comment=1K New Comment=RC1206JR-0713RL
Change Component Comment : Designator=R5 Old Comment=1K New Comment=RC1206JR-0713RL
Change Component Comment : Designator=R9 Old Comment=1K New Comment=RC1206JR-0713RL
Change Component Comment : Designator=R10 Old Comment=1K New Comment=RC1206JR-0713RL
Change Component Comment : Designator=R14 Old Comment=1K New Comment=RC1206JR-0713RL
Change Component Comment : Designator=R15 Old Comment=1K New Comment=RC1206JR-0713RL
Change Component Comment : Designator=R25 Old Comment=1K New Comment=RC1206JR-0713RL
Change Component Comment : Designator=R27 Old Comment=100K New Comment=RC1206JR-0713RL
Change Component Designator: OldDesignator=C2 NewDesignator=C19
Change Component Designator: OldDesignator=C5 NewDesignator=C2
Change Component Designator: OldDesignator=C17 NewDesignator=C15
Change Component Designator: OldDesignator=C18 NewDesignator=C17
Change Component Designator: OldDesignator=C19 NewDesignator=C18
Change Component Designator: OldDesignator=C20 NewDesignator=C16
Change Component Designator: OldDesignator=Cr NewDesignator=Cr1
Change Component Designator: OldDesignator=D12 NewDesignator=D11
Change Component Designator: OldDesignator=D13 NewDesignator=D12
Change Component Designator: OldDesignator=D14 NewDesignator=D13
Change Component Designator: OldDesignator=D15 NewDesignator=D14
Change Component Designator: OldDesignator=D16 NewDesignator=D15
Change Component Designator: OldDesignator=R6 NewDesignator=R3
Change Component Designator: OldDesignator=R11 NewDesignator=R12
Change Component Designator: OldDesignator=R12 NewDesignator=R8
Change Component Designator: OldDesignator=R21 NewDesignator=R17
Change Component Designator: OldDesignator=R22 NewDesignator=R18
Change Component Designator: OldDesignator=R23 NewDesignator=R19
Change Component Designator: OldDesignator=R24 NewDesignator=R20
Change Component Designator: OldDesignator=U3 NewDesignator=U2
Change Component Designator: OldDesignator=VR3 NewDesignator=VR2
Change component parameters: Designator = "R2"; Footprint = "RESC3116X65N"; UniqueID = "\IWGTJULL"
Change component parameters. Clean all parameters for all variants
Change component parameters (AddParameter): Name = "Availability"; Value = "In Stock"; VariantName = "[No Variations]"
Change component parameters (AddParameter): Name = "Check_prices"; Value = "https://www.snapeda.com/parts/RC1206JR-0713RL/Yageo/view-part/?ref=eda"; VariantName = "[No Variations]"
Change component parameters (AddParameter): Name = "MF"; Value = "Yageo"; VariantName = "[No Variations]"
Change component parameters (AddParameter): Name = "MP"; Value = "RC1206JR-0713RL"; VariantName = "[No Variations]"
Change component parameters (AddParameter): Name = "Package"; Value = "3116 Yageo"; VariantName = "[No Variations]"
Change component parameters (AddParameter): Name = "Price"; Value = "None"; VariantName = "[No Variations]"
Change component parameters (AddParameter): Name = "Purchase-URL"; Value = "https://pricing.snapeda.com/search/part/RC1206JR-0713RL/?ref=eda"; VariantName = "[No Variations]"
Change component parameters (AddParameter): Name = "SnapEDA_Link"; Value = "https://www.snapeda.com/parts/RC1206JR-0713RL/Yageo/view-part/?ref=snap"; VariantName = "[No Variations]"
Change component parameters (AddParameter): Name = "Value"; Value = ""; VariantName = "[No Variations]"
Change component parameters: Designator = "R4"; Footprint = "RESC3116X65N"; UniqueID = "\IPECMWRY"
Change component parameters. Clean all parameters for all variants
Change component parameters (AddParameter): Name = "Availability"; Value = "In Stock"; VariantName = "[No Variations]"
Change component parameters (AddParameter): Name = "Check_prices"; Value = "https://www.snapeda.com/parts/RC1206JR-0713RL/Yageo/view-part/?ref=eda"; VariantName = "[No Variations]"
Change component parameters (AddParameter): Name = "MF"; Value = "Yageo"; VariantName = "[No Variations]"
Change component parameters (AddParameter): Name = "MP"; Value = "RC1206JR-0713RL"; VariantName = "[No Variations]"
Change component parameters (AddParameter): Name = "Package"; Value = "3116 Yageo"; VariantName = "[No Variations]"
Change component parameters (AddParameter): Name = "Price"; Value = "None"; VariantName = "[No Variations]"
Change component parameters (AddParameter): Name = "Purchase-URL"; Value = "https://pricing.snapeda.com/search/part/RC1206JR-0713RL/?ref=eda"; VariantName = "[No Variations]"
Change component parameters (AddParameter): Name = "SnapEDA_Link"; Value = "https://www.snapeda.com/parts/RC1206JR-0713RL/Yageo/view-part/?ref=snap"; VariantName = "[No Variations]"
Change component parameters (AddParameter): Name = "Value"; Value = ""; VariantName = "[No Variations]"
Change component parameters: Designator = "R5"; Footprint = "RESC3116X65N"; UniqueID = "\KGKUPWLT"
Change component parameters. Clean all parameters for all variants
Change component parameters (AddParameter): Name = "Availability"; Value = "In Stock"; VariantName = "[No Variations]"
Change component parameters (AddParameter): Name = "Check_prices"; Value = "https://www.snapeda.com/parts/RC1206JR-0713RL/Yageo/view-part/?ref=eda"; VariantName = "[No Variations]"
Change component parameters (AddParameter): Name = "MF"; Value = "Yageo"; VariantName = "[No Variations]"
Change component parameters (AddParameter): Name = "MP"; Value = "RC1206JR-0713RL"; VariantName = "[No Variations]"
Change component parameters (AddParameter): Name = "Package"; Value = "3116 Yageo"; VariantName = "[No Variations]"
Change component parameters (AddParameter): Name = "Price"; Value = "None"; VariantName = "[No Variations]"
Change component parameters (AddParameter): Name = "Purchase-URL"; Value = "https://pricing.snapeda.com/search/part/RC1206JR-0713RL/?ref=eda"; VariantName = "[No Variations]"
Change component parameters (AddParameter): Name = "SnapEDA_Link"; Value = "https://www.snapeda.com/parts/RC1206JR-0713RL/Yageo/view-part/?ref=snap"; VariantName = "[No Variations]"
Change component parameters (AddParameter): Name = "Value"; Value = ""; VariantName = "[No Variations]"
Change component parameters: Designator = "R9"; Footprint = "RESC3116X65N"; UniqueID = "\MGFROVHV"
Change component parameters. Clean all parameters for all variants
Change component parameters (AddParameter): Name = "Availability"; Value = "In Stock"; VariantName = "[No Variations]"
Change component parameters (AddParameter): Name = "Check_prices"; Value = "https://www.snapeda.com/parts/RC1206JR-0713RL/Yageo/view-part/?ref=eda"; VariantName = "[No Variations]"
Change component parameters (AddParameter): Name = "MF"; Value = "Yageo"; VariantName = "[No Variations]"
Change component parameters (AddParameter): Name = "MP"; Value = "RC1206JR-0713RL"; VariantName = "[No Variations]"
Change component parameters (AddParameter): Name = "Package"; Value = "3116 Yageo"; VariantName = "[No Variations]"
Change component parameters (AddParameter): Name = "Price"; Value = "None"; VariantName = "[No Variations]"
Change component parameters (AddParameter): Name = "Purchase-URL"; Value = "https://pricing.snapeda.com/search/part/RC1206JR-0713RL/?ref=eda"; VariantName = "[No Variations]"
Change component parameters (AddParameter): Name = "SnapEDA_Link"; Value = "https://www.snapeda.com/parts/RC1206JR-0713RL/Yageo/view-part/?ref=snap"; VariantName = "[No Variations]"
Change component parameters (AddParameter): Name = "Value"; Value = ""; VariantName = "[No Variations]"
Change component parameters: Designator = "R10"; Footprint = "RESC3116X65N"; UniqueID = "\OHKIIELK"
Change component parameters. Clean all parameters for all variants
Change component parameters (AddParameter): Name = "Availability"; Value = "In Stock"; VariantName = "[No Variations]"
Change component parameters (AddParameter): Name = "Check_prices"; Value = "https://www.snapeda.com/parts/RC1206JR-0713RL/Yageo/view-part/?ref=eda"; VariantName = "[No Variations]"
Change component parameters (AddParameter): Name = "MF"; Value = "Yageo"; VariantName = "[No Variations]"
Change component parameters (AddParameter): Name = "MP"; Value = "RC1206JR-0713RL"; VariantName = "[No Variations]"
Change component parameters (AddParameter): Name = "Package"; Value = "3116 Yageo"; VariantName = "[No Variations]"
Change component parameters (AddParameter): Name = "Price"; Value = "None"; VariantName = "[No Variations]"
Change component parameters (AddParameter): Name = "Purchase-URL"; Value = "https://pricing.snapeda.com/search/part/RC1206JR-0713RL/?ref=eda"; VariantName = "[No Variations]"
Change component parameters (AddParameter): Name = "SnapEDA_Link"; Value = "https://www.snapeda.com/parts/RC1206JR-0713RL/Yageo/view-part/?ref=snap"; VariantName = "[No Variations]"
Change component parameters (AddParameter): Name = "Value"; Value = ""; VariantName = "[No Variations]"
Change component parameters: Designator = "R14"; Footprint = "RESC3116X65N"; UniqueID = "\BYRACSAT"
Change component parameters. Clean all parameters for all variants
Change component parameters (AddParameter): Name = "Availability"; Value = "In Stock"; VariantName = "[No Variations]"
Change component parameters (AddParameter): Name = "Check_prices"; Value = "https://www.snapeda.com/parts/RC1206JR-0713RL/Yageo/view-part/?ref=eda"; VariantName = "[No Variations]"
Change component parameters (AddParameter): Name = "MF"; Value = "Yageo"; VariantName = "[No Variations]"
Change component parameters (AddParameter): Name = "MP"; Value = "RC1206JR-0713RL"; VariantName = "[No Variations]"
Change component parameters (AddParameter): Name = "Package"; Value = "3116 Yageo"; VariantName = "[No Variations]"
Change component parameters (AddParameter): Name = "Price"; Value = "None"; VariantName = "[No Variations]"
Change component parameters (AddParameter): Name = "Purchase-URL"; Value = "https://pricing.snapeda.com/search/part/RC1206JR-0713RL/?ref=eda"; VariantName = "[No Variations]"
Change component parameters (AddParameter): Name = "SnapEDA_Link"; Value = "https://www.snapeda.com/parts/RC1206JR-0713RL/Yageo/view-part/?ref=snap"; VariantName = "[No Variations]"
Change component parameters (AddParameter): Name = "Value"; Value = ""; VariantName = "[No Variations]"
Change component parameters: Designator = "R15"; Footprint = "RESC3116X65N"; UniqueID = "\LOMBBCMR"
Change component parameters. Clean all parameters for all variants
Change component parameters (AddParameter): Name = "Availability"; Value = "In Stock"; VariantName = "[No Variations]"
Change component parameters (AddParameter): Name = "Check_prices"; Value = "https://www.snapeda.com/parts/RC1206JR-0713RL/Yageo/view-part/?ref=eda"; VariantName = "[No Variations]"
Change component parameters (AddParameter): Name = "MF"; Value = "Yageo"; VariantName = "[No Variations]"
Change component parameters (AddParameter): Name = "MP"; Value = "RC1206JR-0713RL"; VariantName = "[No Variations]"
Change component parameters (AddParameter): Name = "Package"; Value = "3116 Yageo"; VariantName = "[No Variations]"
Change component parameters (AddParameter): Name = "Price"; Value = "None"; VariantName = "[No Variations]"
Change component parameters (AddParameter): Name = "Purchase-URL"; Value = "https://pricing.snapeda.com/search/part/RC1206JR-0713RL/?ref=eda"; VariantName = "[No Variations]"
Change component parameters (AddParameter): Name = "SnapEDA_Link"; Value = "https://www.snapeda.com/parts/RC1206JR-0713RL/Yageo/view-part/?ref=snap"; VariantName = "[No Variations]"
Change component parameters (AddParameter): Name = "Value"; Value = ""; VariantName = "[No Variations]"
Change component parameters: Designator = "R25"; Footprint = "RESC3116X65N"; UniqueID = "\PLQUMVHU"
Change component parameters. Clean all parameters for all variants
Change component parameters (AddParameter): Name = "Availability"; Value = "In Stock"; VariantName = "[No Variations]"
Change component parameters (AddParameter): Name = "Check_prices"; Value = "https://www.snapeda.com/parts/RC1206JR-0713RL/Yageo/view-part/?ref=eda"; VariantName = "[No Variations]"
Change component parameters (AddParameter): Name = "MF"; Value = "Yageo"; VariantName = "[No Variations]"
Change component parameters (AddParameter): Name = "MP"; Value = "RC1206JR-0713RL"; VariantName = "[No Variations]"
Change component parameters (AddParameter): Name = "Package"; Value = "3116 Yageo"; VariantName = "[No Variations]"
Change component parameters (AddParameter): Name = "Price"; Value = "None"; VariantName = "[No Variations]"
Change component parameters (AddParameter): Name = "Purchase-URL"; Value = "https://pricing.snapeda.com/search/part/RC1206JR-0713RL/?ref=eda"; VariantName = "[No Variations]"
Change component parameters (AddParameter): Name = "SnapEDA_Link"; Value = "https://www.snapeda.com/parts/RC1206JR-0713RL/Yageo/view-part/?ref=snap"; VariantName = "[No Variations]"
Change component parameters (AddParameter): Name = "Value"; Value = ""; VariantName = "[No Variations]"
Change component parameters: Designator = "R27"; Footprint = "RESC3116X65N"; UniqueID = "\SOCOWJOG"
Change component parameters. Clean all parameters for all variants
Change component parameters (AddParameter): Name = "Availability"; Value = "In Stock"; VariantName = "[No Variations]"
Change component parameters (AddParameter): Name = "Check_prices"; Value = "https://www.snapeda.com/parts/RC1206JR-0713RL/Yageo/view-part/?ref=eda"; VariantName = "[No Variations]"
Change component parameters (AddParameter): Name = "MF"; Value = "Yageo"; VariantName = "[No Variations]"
Change component parameters (AddParameter): Name = "MP"; Value = "RC1206JR-0713RL"; VariantName = "[No Variations]"
Change component parameters (AddParameter): Name = "Package"; Value = "3116 Yageo"; VariantName = "[No Variations]"
Change component parameters (AddParameter): Name = "Price"; Value = "None"; VariantName = "[No Variations]"
Change component parameters (AddParameter): Name = "Purchase-URL"; Value = "https://pricing.snapeda.com/search/part/RC1206JR-0713RL/?ref=eda"; VariantName = "[No Variations]"
Change component parameters (AddParameter): Name = "SnapEDA_Link"; Value = "https://www.snapeda.com/parts/RC1206JR-0713RL/Yageo/view-part/?ref=snap"; VariantName = "[No Variations]"
Change component parameters (AddParameter): Name = "Value"; Value = ""; VariantName = "[No Variations]"
Added Component: Designator=R6(RESC3116X65N)
Add component. Clean all parameters for all variants
Add component (AddParameter): Name = "Availability"; Value = "In Stock"; VariantName = "[No Variations]"
Add component (AddParameter): Name = "Check_prices"; Value = "https://www.snapeda.com/parts/RC1206JR-0713RL/Yageo/view-part/?ref=eda"; VariantName = "[No Variations]"
Add component (AddParameter): Name = "MF"; Value = "Yageo"; VariantName = "[No Variations]"
Add component (AddParameter): Name = "MP"; Value = "RC1206JR-0713RL"; VariantName = "[No Variations]"
Add component (AddParameter): Name = "Package"; Value = "3116 Yageo"; VariantName = "[No Variations]"
Add component (AddParameter): Name = "Price"; Value = "None"; VariantName = "[No Variations]"
Add component (AddParameter): Name = "Purchase-URL"; Value = "https://pricing.snapeda.com/search/part/RC1206JR-0713RL/?ref=eda"; VariantName = "[No Variations]"
Add component (AddParameter): Name = "SnapEDA_Link"; Value = "https://www.snapeda.com/parts/RC1206JR-0713RL/Yageo/view-part/?ref=snap"; VariantName = "[No Variations]"
Add component (AddParameter): Name = "Value"; Value = ""; VariantName = "[No Variations]"
Added Component: Designator=R7(RESC3116X65N)
Add component. Clean all parameters for all variants
Add component (AddParameter): Name = "Availability"; Value = "In Stock"; VariantName = "[No Variations]"
Add component (AddParameter): Name = "Check_prices"; Value = "https://www.snapeda.com/parts/RC1206JR-0713RL/Yageo/view-part/?ref=eda"; VariantName = "[No Variations]"
Add component (AddParameter): Name = "MF"; Value = "Yageo"; VariantName = "[No Variations]"
Add component (AddParameter): Name = "MP"; Value = "RC1206JR-0713RL"; VariantName = "[No Variations]"
Add component (AddParameter): Name = "Package"; Value = "3116 Yageo"; VariantName = "[No Variations]"
Add component (AddParameter): Name = "Price"; Value = "None"; VariantName = "[No Variations]"
Add component (AddParameter): Name = "Purchase-URL"; Value = "https://pricing.snapeda.com/search/part/RC1206JR-0713RL/?ref=eda"; VariantName = "[No Variations]"
Add component (AddParameter): Name = "SnapEDA_Link"; Value = "https://www.snapeda.com/parts/RC1206JR-0713RL/Yageo/view-part/?ref=snap"; VariantName = "[No Variations]"
Add component (AddParameter): Name = "Value"; Value = ""; VariantName = "[No Variations]"
Added Component: Designator=R11(RESC3116X65N)
Add component. Clean all parameters for all variants
Add component (AddParameter): Name = "Availability"; Value = "In Stock"; VariantName = "[No Variations]"
Add component (AddParameter): Name = "Check_prices"; Value = "https://www.snapeda.com/parts/RC1206JR-0713RL/Yageo/view-part/?ref=eda"; VariantName = "[No Variations]"
Add component (AddParameter): Name = "MF"; Value = "Yageo"; VariantName = "[No Variations]"
Add component (AddParameter): Name = "MP"; Value = "RC1206JR-0713RL"; VariantName = "[No Variations]"
Add component (AddParameter): Name = "Package"; Value = "3116 Yageo"; VariantName = "[No Variations]"
Add component (AddParameter): Name = "Price"; Value = "None"; VariantName = "[No Variations]"
Add component (AddParameter): Name = "Purchase-URL"; Value = "https://pricing.snapeda.com/search/part/RC1206JR-0713RL/?ref=eda"; VariantName = "[No Variations]"
Add component (AddParameter): Name = "SnapEDA_Link"; Value = "https://www.snapeda.com/parts/RC1206JR-0713RL/Yageo/view-part/?ref=snap"; VariantName = "[No Variations]"
Add component (AddParameter): Name = "Value"; Value = ""; VariantName = "[No Variations]"
Added Component: Designator=R13(RESC3116X65N)
Add component. Clean all parameters for all variants
Add component (AddParameter): Name = "Availability"; Value = "In Stock"; VariantName = "[No Variations]"
Add component (AddParameter): Name = "Check_prices"; Value = "https://www.snapeda.com/parts/RC1206JR-0713RL/Yageo/view-part/?ref=eda"; VariantName = "[No Variations]"
Add component (AddParameter): Name = "MF"; Value = "Yageo"; VariantName = "[No Variations]"
Add component (AddParameter): Name = "MP"; Value = "RC1206JR-0713RL"; VariantName = "[No Variations]"
Add component (AddParameter): Name = "Package"; Value = "3116 Yageo"; VariantName = "[No Variations]"
Add component (AddParameter): Name = "Price"; Value = "None"; VariantName = "[No Variations]"
Add component (AddParameter): Name = "Purchase-URL"; Value = "https://pricing.snapeda.com/search/part/RC1206JR-0713RL/?ref=eda"; VariantName = "[No Variations]"
Add component (AddParameter): Name = "SnapEDA_Link"; Value = "https://www.snapeda.com/parts/RC1206JR-0713RL/Yageo/view-part/?ref=snap"; VariantName = "[No Variations]"
Add component (AddParameter): Name = "Value"; Value = ""; VariantName = "[No Variations]"
Added Component: Designator=R16(RESC3116X65N)
Add component. Clean all parameters for all variants
Add component (AddParameter): Name = "Availability"; Value = "In Stock"; VariantName = "[No Variations]"
Add component (AddParameter): Name = "Check_prices"; Value = "https://www.snapeda.com/parts/RC1206JR-0713RL/Yageo/view-part/?ref=eda"; VariantName = "[No Variations]"
Add component (AddParameter): Name = "MF"; Value = "Yageo"; VariantName = "[No Variations]"
Add component (AddParameter): Name = "MP"; Value = "RC1206JR-0713RL"; VariantName = "[No Variations]"
Add component (AddParameter): Name = "Package"; Value = "3116 Yageo"; VariantName = "[No Variations]"
Add component (AddParameter): Name = "Price"; Value = "None"; VariantName = "[No Variations]"
Add component (AddParameter): Name = "Purchase-URL"; Value = "https://pricing.snapeda.com/search/part/RC1206JR-0713RL/?ref=eda"; VariantName = "[No Variations]"
Add component (AddParameter): Name = "SnapEDA_Link"; Value = "https://www.snapeda.com/parts/RC1206JR-0713RL/Yageo/view-part/?ref=snap"; VariantName = "[No Variations]"
Add component (AddParameter): Name = "Value"; Value = ""; VariantName = "[No Variations]"
Added Component: Designator=R21(RESC3116X65N)
Add component. Clean all parameters for all variants
Add component (AddParameter): Name = "Availability"; Value = "In Stock"; VariantName = "[No Variations]"
Add component (AddParameter): Name = "Check_prices"; Value = "https://www.snapeda.com/parts/RC1206JR-0713RL/Yageo/view-part/?ref=eda"; VariantName = "[No Variations]"
Add component (AddParameter): Name = "MF"; Value = "Yageo"; VariantName = "[No Variations]"
Add component (AddParameter): Name = "MP"; Value = "RC1206JR-0713RL"; VariantName = "[No Variations]"
Add component (AddParameter): Name = "Package"; Value = "3116 Yageo"; VariantName = "[No Variations]"
Add component (AddParameter): Name = "Price"; Value = "None"; VariantName = "[No Variations]"
Add component (AddParameter): Name = "Purchase-URL"; Value = "https://pricing.snapeda.com/search/part/RC1206JR-0713RL/?ref=eda"; VariantName = "[No Variations]"
Add component (AddParameter): Name = "SnapEDA_Link"; Value = "https://www.snapeda.com/parts/RC1206JR-0713RL/Yageo/view-part/?ref=snap"; VariantName = "[No Variations]"
Add component (AddParameter): Name = "Value"; Value = ""; VariantName = "[No Variations]"
Added Component: Designator=R22(RESC3116X65N)
Add component. Clean all parameters for all variants
Add component (AddParameter): Name = "Availability"; Value = "In Stock"; VariantName = "[No Variations]"
Add component (AddParameter): Name = "Check_prices"; Value = "https://www.snapeda.com/parts/RC1206JR-0713RL/Yageo/view-part/?ref=eda"; VariantName = "[No Variations]"
Add component (AddParameter): Name = "MF"; Value = "Yageo"; VariantName = "[No Variations]"
Add component (AddParameter): Name = "MP"; Value = "RC1206JR-0713RL"; VariantName = "[No Variations]"
Add component (AddParameter): Name = "Package"; Value = "3116 Yageo"; VariantName = "[No Variations]"
Add component (AddParameter): Name = "Price"; Value = "None"; VariantName = "[No Variations]"
Add component (AddParameter): Name = "Purchase-URL"; Value = "https://pricing.snapeda.com/search/part/RC1206JR-0713RL/?ref=eda"; VariantName = "[No Variations]"
Add component (AddParameter): Name = "SnapEDA_Link"; Value = "https://www.snapeda.com/parts/RC1206JR-0713RL/Yageo/view-part/?ref=snap"; VariantName = "[No Variations]"
Add component (AddParameter): Name = "Value"; Value = ""; VariantName = "[No Variations]"
Added Component: Designator=R23(RESC3116X65N)
Add component. Clean all parameters for all variants
Add component (AddParameter): Name = "Availability"; Value = "In Stock"; VariantName = "[No Variations]"
Add component (AddParameter): Name = "Check_prices"; Value = "https://www.snapeda.com/parts/RC1206JR-0713RL/Yageo/view-part/?ref=eda"; VariantName = "[No Variations]"
Add component (AddParameter): Name = "MF"; Value = "Yageo"; VariantName = "[No Variations]"
Add component (AddParameter): Name = "MP"; Value = "RC1206JR-0713RL"; VariantName = "[No Variations]"
Add component (AddParameter): Name = "Package"; Value = "3116 Yageo"; VariantName = "[No Variations]"
Add component (AddParameter): Name = "Price"; Value = "None"; VariantName = "[No Variations]"
Add component (AddParameter): Name = "Purchase-URL"; Value = "https://pricing.snapeda.com/search/part/RC1206JR-0713RL/?ref=eda"; VariantName = "[No Variations]"
Add component (AddParameter): Name = "SnapEDA_Link"; Value = "https://www.snapeda.com/parts/RC1206JR-0713RL/Yageo/view-part/?ref=snap"; VariantName = "[No Variations]"
Add component (AddParameter): Name = "Value"; Value = ""; VariantName = "[No Variations]"
Added Component: Designator=R24(RESC3116X65N)
Add component. Clean all parameters for all variants
Add component (AddParameter): Name = "Availability"; Value = "In Stock"; VariantName = "[No Variations]"
Add component (AddParameter): Name = "Check_prices"; Value = "https://www.snapeda.com/parts/RC1206JR-0713RL/Yageo/view-part/?ref=eda"; VariantName = "[No Variations]"
Add component (AddParameter): Name = "MF"; Value = "Yageo"; VariantName = "[No Variations]"
Add component (AddParameter): Name = "MP"; Value = "RC1206JR-0713RL"; VariantName = "[No Variations]"
Add component (AddParameter): Name = "Package"; Value = "3116 Yageo"; VariantName = "[No Variations]"
Add component (AddParameter): Name = "Price"; Value = "None"; VariantName = "[No Variations]"
Add component (AddParameter): Name = "Purchase-URL"; Value = "https://pricing.snapeda.com/search/part/RC1206JR-0713RL/?ref=eda"; VariantName = "[No Variations]"
Add component (AddParameter): Name = "SnapEDA_Link"; Value = "https://www.snapeda.com/parts/RC1206JR-0713RL/Yageo/view-part/?ref=snap"; VariantName = "[No Variations]"
Add component (AddParameter): Name = "Value"; Value = ""; VariantName = "[No Variations]"
Added Component: Designator=R26(RESC3116X65N)
Add component. Clean all parameters for all variants
Add component (AddParameter): Name = "Availability"; Value = "In Stock"; VariantName = "[No Variations]"
Add component (AddParameter): Name = "Check_prices"; Value = "https://www.snapeda.com/parts/RC1206JR-0713RL/Yageo/view-part/?ref=eda"; VariantName = "[No Variations]"
Add component (AddParameter): Name = "MF"; Value = "Yageo"; VariantName = "[No Variations]"
Add component (AddParameter): Name = "MP"; Value = "RC1206JR-0713RL"; VariantName = "[No Variations]"
Add component (AddParameter): Name = "Package"; Value = "3116 Yageo"; VariantName = "[No Variations]"
Add component (AddParameter): Name = "Price"; Value = "None"; VariantName = "[No Variations]"
Add component (AddParameter): Name = "Purchase-URL"; Value = "https://pricing.snapeda.com/search/part/RC1206JR-0713RL/?ref=eda"; VariantName = "[No Variations]"
Add component (AddParameter): Name = "SnapEDA_Link"; Value = "https://www.snapeda.com/parts/RC1206JR-0713RL/Yageo/view-part/?ref=snap"; VariantName = "[No Variations]"
Add component (AddParameter): Name = "Value"; Value = ""; VariantName = "[No Variations]"
Added Component: Designator=R28(RESC3116X65N)
Add component. Clean all parameters for all variants
Add component (AddParameter): Name = "Availability"; Value = "In Stock"; VariantName = "[No Variations]"
Add component (AddParameter): Name = "Check_prices"; Value = "https://www.snapeda.com/parts/RC1206JR-0713RL/Yageo/view-part/?ref=eda"; VariantName = "[No Variations]"
Add component (AddParameter): Name = "MF"; Value = "Yageo"; VariantName = "[No Variations]"
Add component (AddParameter): Name = "MP"; Value = "RC1206JR-0713RL"; VariantName = "[No Variations]"
Add component (AddParameter): Name = "Package"; Value = "3116 Yageo"; VariantName = "[No Variations]"
Add component (AddParameter): Name = "Price"; Value = "None"; VariantName = "[No Variations]"
Add component (AddParameter): Name = "Purchase-URL"; Value = "https://pricing.snapeda.com/search/part/RC1206JR-0713RL/?ref=eda"; VariantName = "[No Variations]"
Add component (AddParameter): Name = "SnapEDA_Link"; Value = "https://www.snapeda.com/parts/RC1206JR-0713RL/Yageo/view-part/?ref=snap"; VariantName = "[No Variations]"
Add component (AddParameter): Name = "Value"; Value = ""; VariantName = "[No Variations]"
Added Component: Designator=R29(RESC3116X65N)
Add component. Clean all parameters for all variants
Add component (AddParameter): Name = "Availability"; Value = "In Stock"; VariantName = "[No Variations]"
Add component (AddParameter): Name = "Check_prices"; Value = "https://www.snapeda.com/parts/RC1206JR-0713RL/Yageo/view-part/?ref=eda"; VariantName = "[No Variations]"
Add component (AddParameter): Name = "MF"; Value = "Yageo"; VariantName = "[No Variations]"
Add component (AddParameter): Name = "MP"; Value = "RC1206JR-0713RL"; VariantName = "[No Variations]"
Add component (AddParameter): Name = "Package"; Value = "3116 Yageo"; VariantName = "[No Variations]"
Add component (AddParameter): Name = "Price"; Value = "None"; VariantName = "[No Variations]"
Add component (AddParameter): Name = "Purchase-URL"; Value = "https://pricing.snapeda.com/search/part/RC1206JR-0713RL/?ref=eda"; VariantName = "[No Variations]"
Add component (AddParameter): Name = "SnapEDA_Link"; Value = "https://www.snapeda.com/parts/RC1206JR-0713RL/Yageo/view-part/?ref=snap"; VariantName = "[No Variations]"
Add component (AddParameter): Name = "Value"; Value = ""; VariantName = "[No Variations]"
Added Pin To Net: NetName=NetC2_1 Pin=C2-1
Added Pin To Net: NetName=NetD12_2 Pin=D12-2
Added Pin To Net: NetName=NetD12_2 Pin=D14-2
Added Pin To Net: NetName=NetC2_1 Pin=P1-1
Added Pin To Net: NetName=VCC_5V Pin=R2-1
Added Pin To Net: NetName=NetC2_1 Pin=R2-2
Added Pin To Net: NetName=VCC-3.3v Pin=R4-1
Added Pin To Net: NetName=SCL Pin=R4-2
Added Pin To Net: NetName=Sens Pin=R5-1
Added Pin To Net: NetName=INPUT Pin=R5-2
Added Pin To Net: NetName=VCC-3.3v Pin=R6-1
Added Pin To Net: NetName=SDA Pin=R6-2
Added Pin To Net: NetName=GND Pin=R7-1
Added Pin To Net: NetName=INPUT Pin=R7-2
Added Pin To Net: NetName=SW2 Pin=R9-1
Added Pin To Net: NetName=VCC-3.3v Pin=R9-2
Added Pin To Net: NetName=sw3 Pin=R10-1
Added Pin To Net: NetName=VCC-3.3v Pin=R10-2
Added Pin To Net: NetName=SW4 Pin=R11-1
Added Pin To Net: NetName=VCC-3.3v Pin=R11-2
Added Pin To Net: NetName=NetC8_2 Pin=R13-1
Added Pin To Net: NetName=NetC10_2 Pin=R13-2
Added Pin To Net: NetName=amper Pin=R14-1
Added Pin To Net: NetName=GND Pin=R15-1
Added Pin To Net: NetName=NetC10_2 Pin=R15-2
Added Pin To Net: NetName=backlight Pin=R16-1
Added Pin To Net: NetName=NetNOKIA 1_11 Pin=R16-2
Added Pin To Net: NetName=tx Pin=R21-2
Added Pin To Net: NetName=rx Pin=R22-2
Added Pin To Net: NetName=GND Pin=R24-1
Added Pin To Net: NetName=NetMOC1_1 Pin=R27-1
Added Pin To Net: NetName=triakPulse Pin=R27-2
Added Pin To Net: NetName=NetLoad1_2 Pin=R28-2
Added Pin To Net: NetName=NetMOC1_6 Pin=R29-2
Change Net Name : Old Net Name=NetR23_2 New Net Name=NetR19_2
Added Pin To Net: NetName=NetC19_1 Pin=C19-1
Added Pin To Net: NetName=NetC19_1 Pin=R28-1
Added Pin To Net: NetName=NetC19_1 Pin=R29-1
Added Net: Name=NetC19_1
Added Pin To Net: NetName=NetD11_2 Pin=D11-2
Added Pin To Net: NetName=NetD11_2 Pin=R23-1
Added Net: Name=NetD11_2
Added Pin To Net: NetName=NetD13_1 Pin=D13-1
Added Pin To Net: NetName=NetD13_1 Pin=D15-1
Added Pin To Net: NetName=NetD13_1 Pin=R26-2
Added Net: Name=NetD13_1
Added Pin To Net: NetName=NetR21_1 Pin=R21-1
Added Pin To Net: NetName=NetR21_1 Pin=U2-2
Added Net: Name=NetR21_1
Added Pin To Net: NetName=NetR22_1 Pin=R22-1
Added Pin To Net: NetName=NetR22_1 Pin=U2-1
Added Net: Name=NetR22_1
Added Pin To Net: NetName=NetR23_2 Pin=R23-2
Added Pin To Net: NetName=NetR23_2 Pin=U2-31
Added Net: Name=NetR23_2
Added Pin To Net: NetName=NetR24_2 Pin=R24-2
Added Pin To Net: NetName=NetR24_2 Pin=U2-34
Added Net: Name=NetR24_2
Added Member To Class: ClassName=LOAD CONTROL_Final2 Member=Component C19 100nF
Added Member To Class: ClassName=LOAD CONTROL_Final2 Member=Component R7 RC1206JR-0713RL
Added Member To Class: ClassName=LOAD CONTROL_Final2 Member=Component R13 RC1206JR-0713RL
Added Member To Class: ClassName=LOAD CONTROL_Final2 Member=Component R16 RC1206JR-0713RL
Added Member To Class: ClassName=LOAD CONTROL_Final2 Member=Component R23 RC1206JR-0713RL
Added Member To Class: ClassName=LOAD CONTROL_Final2 Member=Component R24 RC1206JR-0713RL
Added Member To Class: ClassName=LOAD CONTROL_Final2 Member=Component R26 RC1206JR-0713RL
Added Member To Class: ClassName=LOAD CONTROL_Final2 Member=Component R28 RC1206JR-0713RL
Added Member To Class: ClassName=LOAD CONTROL_Final2 Member=Component R29 RC1206JR-0713RL
Added Room: Name=LOAD CONTROL_Final2
