Removed Pin From Net: NetName=blutoothName Pin=IC1-10
Removed Pin From Net: NetName=LCD-RST Pin=IC1-11
Removed Pin From Net: NetName=LCD-SCE Pin=IC1-12
Removed Pin From Net: NetName=LCD-DN Pin=IC1-13
Removed Pin From Net: NetName=LCD-SCLK Pin=IC1-14
Removed Pin From Net: NetName=backlight Pin=IC1-15
Change Component Description : Designator=C1 Old Description=1206 C 12pF Ceramic Multilayer Capacitor, 50 VDC, +125degC, C0G Dielec, +/-5% New Description=1206 C 12pF Ceramic Multilayer Capacitor, 50 VDC, +125degC, C0G Dielec, +/-5% | KEMET C1206C120J5GACTU
Change Component Description : Designator=C2 Old Description=1206 C 12pF Ceramic Multilayer Capacitor, 50 VDC, +125degC, C0G Dielec, +/-5% New Description=1206 C 12pF Ceramic Multilayer Capacitor, 50 VDC, +125degC, C0G Dielec, +/-5% | KEMET C1206C120J5GACTU
Change Component Description : Designator=C3 Old Description=1206 C 12pF Ceramic Multilayer Capacitor, 50 VDC, +125degC, C0G Dielec, +/-5% New Description=1206 C 12pF Ceramic Multilayer Capacitor, 50 VDC, +125degC, C0G Dielec, +/-5% | KEMET C1206C120J5GACTU
Change Component Description : Designator=C4 Old Description=1206 C 12pF Ceramic Multilayer Capacitor, 50 VDC, +125degC, C0G Dielec, +/-5% New Description=1206 C 12pF Ceramic Multilayer Capacitor, 50 VDC, +125degC, C0G Dielec, +/-5% | KEMET C1206C120J5GACTU
Change Component Description : Designator=C5 Old Description=1206 C 12pF Ceramic Multilayer Capacitor, 50 VDC, +125degC, C0G Dielec, +/-5% New Description=1206 C 12pF Ceramic Multilayer Capacitor, 50 VDC, +125degC, C0G Dielec, +/-5% | KEMET C1206C120J5GACTU
Change Component Description : Designator=C6 Old Description=1206 C 12pF Ceramic Multilayer Capacitor, 50 VDC, +125degC, C0G Dielec, +/-5% New Description=1206 C 12pF Ceramic Multilayer Capacitor, 50 VDC, +125degC, C0G Dielec, +/-5% | KEMET C1206C120J5GACTU
Change Component Description : Designator=C7 Old Description=1206 C 12pF Ceramic Multilayer Capacitor, 50 VDC, +125degC, C0G Dielec, +/-5% New Description=1206 C 12pF Ceramic Multilayer Capacitor, 50 VDC, +125degC, C0G Dielec, +/-5% | KEMET C1206C120J5GACTU
Change Component Description : Designator=C8 Old Description=1206 C 12pF Ceramic Multilayer Capacitor, 50 VDC, +125degC, C0G Dielec, +/-5% New Description=1206 C 12pF Ceramic Multilayer Capacitor, 50 VDC, +125degC, C0G Dielec, +/-5% | KEMET C1206C120J5GACTU
Change Component Description : Designator=C9 Old Description=1206 C 12pF Ceramic Multilayer Capacitor, 50 VDC, +125degC, C0G Dielec, +/-5% New Description=1206 C 12pF Ceramic Multilayer Capacitor, 50 VDC, +125degC, C0G Dielec, +/-5% | KEMET C1206C120J5GACTU
Change Component Description : Designator=C10 Old Description=1206 C 12pF Ceramic Multilayer Capacitor, 50 VDC, +125degC, C0G Dielec, +/-5% New Description=1206 C 12pF Ceramic Multilayer Capacitor, 50 VDC, +125degC, C0G Dielec, +/-5% | KEMET C1206C120J5GACTU
Change Component Description : Designator=C11 Old Description=1206 C 12pF Ceramic Multilayer Capacitor, 50 VDC, +125degC, C0G Dielec, +/-5% New Description=1206 C 12pF Ceramic Multilayer Capacitor, 50 VDC, +125degC, C0G Dielec, +/-5% | KEMET C1206C120J5GACTU
Change Component Description : Designator=C14 Old Description=1206 C 12pF Ceramic Multilayer Capacitor, 50 VDC, +125degC, C0G Dielec, +/-5% New Description=1206 C 12pF Ceramic Multilayer Capacitor, 50 VDC, +125degC, C0G Dielec, +/-5% | KEMET C1206C120J5GACTU
Change Component Description : Designator=C17 Old Description=1206 C 12pF Ceramic Multilayer Capacitor, 50 VDC, +125degC, C0G Dielec, +/-5% New Description=1206 C 12pF Ceramic Multilayer Capacitor, 50 VDC, +125degC, C0G Dielec, +/-5% | KEMET C1206C120J5GACTU
Change Component Description : Designator=C18 Old Description=1206 C 12pF Ceramic Multilayer Capacitor, 50 VDC, +125degC, C0G Dielec, +/-5% New Description=1206 C 12pF Ceramic Multilayer Capacitor, 50 VDC, +125degC, C0G Dielec, +/-5% | KEMET C1206C120J5GACTU
Added Pin To Net: NetName=LCD-RST Pin=IC1-10
Added Pin To Net: NetName=LCD-SCE Pin=IC1-11
Added Pin To Net: NetName=LCD-DN Pin=IC1-12
Added Pin To Net: NetName=LCD-SCLK Pin=IC1-13
Added Pin To Net: NetName=backlight Pin=IC1-14
Added Pin To Net: NetName=blutoothName Pin=IC1-15
Added Room: Name=LOAD CONTROL_Final2
