Change Component Comment : Designator=D1 Old Comment=1N4148UR-1 New Comment=4148
Change Component Comment : Designator=D2 Old Comment=1N4148UR-1 New Comment=4148
Change Component Comment : Designator=C1 Old Comment=C1206C120J5GACTU New Comment=100n
Change Component Comment : Designator=C2 Old Comment=C1206C120J5GACTU New Comment=100n
Change Component Comment : Designator=C3 Old Comment=C1206C120J5GACTU New Comment=100n
Change Component Comment : Designator=C4 Old Comment=C1206C120J5GACTU New Comment=100n
Change Component Comment : Designator=C5 Old Comment=C1206C120J5GACTU New Comment=100n
Change Component Comment : Designator=C6 Old Comment=C1206C120J5GACTU New Comment=100n
Change Component Comment : Designator=C7 Old Comment=C1206C120J5GACTU New Comment=100n
Change Component Comment : Designator=C8 Old Comment=C1206C120J5GACTU New Comment=100n
Change Component Comment : Designator=C9 Old Comment=C1206C120J5GACTU New Comment=100n
Change Component Comment : Designator=C10 Old Comment=C1206C120J5GACTU New Comment=100n
Change Component Comment : Designator=C11 Old Comment=C1206C120J5GACTU New Comment=100n
Change Component Comment : Designator=R3 Old Comment=RC1206JR-0713RL New Comment=1k
Change Component Comment : Designator=R5 Old Comment=RC1206JR-0713RL New Comment=1k
Change Component Comment : Designator=R8 Old Comment=RC1206JR-0713RL New Comment=1k
Change Component Comment : Designator=R9 Old Comment=RC1206JR-0713RL New Comment=1k
Change Component Comment : Designator=R10 Old Comment=RC1206JR-0713RL New Comment=1k
Change Component Comment : Designator=R11 Old Comment=RC1206JR-0713RL New Comment=1k
Change Component Comment : Designator=R12 Old Comment=RC1206JR-0713RL New Comment=1k
Change Component Comment : Designator=R4 Old Comment=RC1206JR-0713RL New Comment=4k7
Change Component Comment : Designator=R6 Old Comment=RC1206JR-0713RL New Comment=4k7
Change Component Comment : Designator=R2 Old Comment=RC1206JR-0713RL New Comment=10r
Change Component Comment : Designator=R1 Old Comment=RC1206JR-0713RL New Comment=20r
Change Component Comment : Designator=R14 Old Comment=RC1206JR-0713RL New Comment=33or
Change Component Comment : Designator=R16 Old Comment=RC1206JR-0713RL New Comment=40r
Change Component Comment : Designator=R7 Old Comment=RC1206JR-0713RL New Comment=47k
Change Component Comment : Designator=R15 Old Comment=RC1206JR-0713RL New Comment=100r
Change Component Comment : Designator=R13 Old Comment=RC1206JR-0713RL New Comment=330r
Change Component Designator: OldDesignator=R12 NewDesignator=1k
