Removed Pin From Net: NetName=SCL Pin=IC1-19
Removed Pin From Net: NetName=SDA Pin=IC1-20
Removed Pin From Net: NetName=GND Pin=IC1-31
Added Component: Designator=BT1(CR2032)
Add component. Clean all parameters for all variants
Add component (AddParameter): Name = "ComponentLinkURL"; Value = "www.picpars.com"; VariantName = "[No Variations]"
Add component (AddParameter): Name = "Designer"; Value = "Seyed Mohsen Ghasemian"; VariantName = "[No Variations]"
Add component (AddParameter): Name = "E-mail"; Value = "picpars@gmail.com"; VariantName = "[No Variations]"
Add component (AddParameter): Name = "Make"; Value = "02/12/2011"; VariantName = "[No Variations]"
Added Component: Designator=R8(RESC4817X04N)
Add component. Clean all parameters for all variants
Add component (AddParameter): Name = "Data"; Value = "16-12-2016"; VariantName = "[No Variations]"
Add component (AddParameter): Name = "Desc."; Value = "RES SMD 1206"; VariantName = "[No Variations]"
Add component (AddParameter): Name = "Designer"; Value = "Abbas Basereh"; VariantName = "[No Variations]"
Add component (AddParameter): Name = "Value"; Value = "1k"; VariantName = "[No Variations]"
Added Component: Designator=R8(RESC4817X04N)
Add component. Clean all parameters for all variants
Add component (AddParameter): Name = "Data"; Value = "16-12-2016"; VariantName = "[No Variations]"
Add component (AddParameter): Name = "Desc."; Value = "RES SMD 1206"; VariantName = "[No Variations]"
Add component (AddParameter): Name = "Designer"; Value = "Abbas Basereh"; VariantName = "[No Variations]"
Add component (AddParameter): Name = "Value"; Value = "1k"; VariantName = "[No Variations]"
Added Component: Designator=R9(RESC4817X04N)
Add component. Clean all parameters for all variants
Add component (AddParameter): Name = "Data"; Value = "16-12-2016"; VariantName = "[No Variations]"
Add component (AddParameter): Name = "Desc."; Value = "RES SMD 1206"; VariantName = "[No Variations]"
Add component (AddParameter): Name = "Designer"; Value = "Abbas Basereh"; VariantName = "[No Variations]"
Add component (AddParameter): Name = "Value"; Value = "1k"; VariantName = "[No Variations]"
Added Component: Designator=R10(RESC4817X04N)
Add component. Clean all parameters for all variants
Add component (AddParameter): Name = "Data"; Value = "16-12-2016"; VariantName = "[No Variations]"
Add component (AddParameter): Name = "Desc."; Value = "RES SMD 1206"; VariantName = "[No Variations]"
Add component (AddParameter): Name = "Designer"; Value = "Abbas Basereh"; VariantName = "[No Variations]"
Add component (AddParameter): Name = "Value"; Value = "1k"; VariantName = "[No Variations]"
Added Component: Designator=U3(SOIC127P600X175-8N)
Add component. Clean all parameters for all variants
Add component (AddParameter): Name = "Check_prices"; Value = "https://www.snapeda.com/parts/DS1307Z+/Analog+Devices/view-part/?ref=eda"; VariantName = "[No Variations]"
Add component (AddParameter): Name = "MF"; Value = "Analog Devices"; VariantName = "[No Variations]"
Add component (AddParameter): Name = "MP"; Value = "DS1307Z+"; VariantName = "[No Variations]"
Add component (AddParameter): Name = "Package"; Value = "SOIC-8 Maxim"; VariantName = "[No Variations]"
Add component (AddParameter): Name = "SnapEDA_Link"; Value = "https://www.snapeda.com/parts/DS1307Z+/Analog+Devices/view-part/?ref=snap"; VariantName = "[No Variations]"
Add component (AddParameter): Name = "Value"; Value = ""; VariantName = "[No Variations]"
Added Component: Designator=Y1(R38)
Add component. Clean all parameters for all variants
Add component (AddParameter): Name = "LatestRevisionDate"; Value = "17-Jul-2002"; VariantName = "[No Variations]"
Add component (AddParameter): Name = "LatestRevisionNote"; Value = "Re-released for DXP Platform."; VariantName = "[No Variations]"
Add component (AddParameter): Name = "PackageDescription"; Value = "Crystal, Thru-Hole; 2 Leads; Body 3.1 x 8.2 mm (Dia.xH)"; VariantName = "[No Variations]"
Add component (AddParameter): Name = "PackageReference"; Value = "R38"; VariantName = "[No Variations]"
Add component (AddParameter): Name = "Published"; Value = "8-Jun-2000"; VariantName = "[No Variations]"
Add component (AddParameter): Name = "Publisher"; Value = "Altium Limited"; VariantName = "[No Variations]"
Added Pin To Net: NetName=GND Pin=BT1-1
Added Pin To Net: NetName=SDA Pin=IC1-21
Added Pin To Net: NetName=SDA Pin=IC1-22
Added Pin To Net: NetName=GND Pin=R8-1
Added Pin To Net: NetName=VCC-3.3v Pin=R8-1
Added Pin To Net: NetName=VCC-3.3v Pin=R9-1
Added Pin To Net: NetName=VCC-3.3v Pin=R10-1
Added Pin To Net: NetName=VCC-3.3v Pin=U3-2
Added Pin To Net: NetName=GND Pin=U3-4
Added Pin To Net: NetName=VCC-3.3v Pin=U3-8
Added Pin To Net: NetName=VCC-3.3v Pin=Y1-2
Added Pin To Net: NetName=NetBT1_0 Pin=BT1-0
Added Pin To Net: NetName=NetBT1_0 Pin=U3-3
Added Net: Name=NetBT1_0
Added Pin To Net: NetName=NetIC1_31 Pin=IC1-31
Added Pin To Net: NetName=NetIC1_31 Pin=R8-2
Added Net: Name=NetIC1_31
Added Pin To Net: NetName=NetR10_2 Pin=R10-2
Added Pin To Net: NetName=NetR10_2 Pin=U3-7
Added Net: Name=NetR10_2
Added Pin To Net: NetName=NetU3_1 Pin=U3-1
Added Pin To Net: NetName=NetU3_1 Pin=Y1-1
Added Net: Name=NetU3_1
Added Pin To Net: NetName=SCL1 Pin=IC1-19
Added Pin To Net: NetName=SCL1 Pin=R8-2
Added Pin To Net: NetName=SCL1 Pin=U3-6
Added Net: Name=SCL1
Added Pin To Net: NetName=SDA1 Pin=IC1-20
Added Pin To Net: NetName=SDA1 Pin=R9-2
Added Pin To Net: NetName=SDA1 Pin=U3-5
Added Net: Name=SDA1
Added Member To Class: ClassName=LOAD CONTROL_Final2 Member=Component BT1 Battery
Added Member To Class: ClassName=LOAD CONTROL_Final2 Member=Component R8 1K
Added Member To Class: ClassName=LOAD CONTROL_Final2 Member=Component R8 1K
Added Member To Class: ClassName=LOAD CONTROL_Final2 Member=Component R9 1K
Added Member To Class: ClassName=LOAD CONTROL_Final2 Member=Component R10 1K
Added Member To Class: ClassName=LOAD CONTROL_Final2 Member=Component R11 1K
Added Member To Class: ClassName=LOAD CONTROL_Final2 Member=Component U3 DS1307Z+
Added Member To Class: ClassName=LOAD CONTROL_Final2 Member=Component Y1 XTAL
Added Room: Name=LOAD CONTROL_Final2
