Change Component Designator: OldDesignator=C9 NewDesignator=C8
Change Component Designator: OldDesignator=C10 NewDesignator=C9
Change Component Designator: OldDesignator=C11 NewDesignator=C10
Change Component Designator: OldDesignator=C12 NewDesignator=C11
Change Component Designator: OldDesignator=C13 NewDesignator=C12
Change Component Designator: OldDesignator=C14 NewDesignator=C13
Change Component Designator: OldDesignator=C15 NewDesignator=C14
Change Component Designator: OldDesignator=C17 NewDesignator=C15
Change Component Designator: OldDesignator=C18 NewDesignator=C16
Change Component Designator: OldDesignator=C19 NewDesignator=C17
Change Component Designator: OldDesignator=C20 NewDesignator=C18
Change Component Designator: OldDesignator=C21 NewDesignator=C19
Change Component Designator: OldDesignator=C22 NewDesignator=C20
Change Component Designator: OldDesignator=J? NewDesignator=J1
Change Component Designator: OldDesignator=R8 NewDesignator=R1
Change Component Designator: OldDesignator=R8 NewDesignator=R12
Change Component Designator: OldDesignator=R9 NewDesignator=R16
Change Component Designator: OldDesignator=R10 NewDesignator=R13
Change Component Designator: OldDesignator=R11 NewDesignator=R17
Change Component Designator: OldDesignator=R12 NewDesignator=R14
Change Component Designator: OldDesignator=R13 NewDesignator=R15
Change Component Designator: OldDesignator=R15 NewDesignator=R18
Change Component Designator: OldDesignator=R16 NewDesignator=R20
Change Component Designator: OldDesignator=R17 NewDesignator=R21
Change Component Designator: OldDesignator=R18 NewDesignator=R24
Change Component Designator: OldDesignator=R19 NewDesignator=R25
Change Component Designator: OldDesignator=R20 NewDesignator=R26
Change Component Designator: OldDesignator=R21 NewDesignator=R27
Change Component Designator: OldDesignator=R22 NewDesignator=R28
Change Component Designator: OldDesignator=R23 NewDesignator=R29
Change Component Designator: OldDesignator=R24 NewDesignator=R30
Change Component Designator: OldDesignator=R25 NewDesignator=R19
Change Component Designator: OldDesignator=R26 NewDesignator=R22
Change Component Designator: OldDesignator=R27 NewDesignator=R23
Change Component Designator: OldDesignator=U2 NewDesignator=U3
Change Component Designator: OldDesignator=U3 NewDesignator=U2
Change Component Designator: OldDesignator=Zener NewDesignator=Zener1
Change Net Name : Old Net Name=NetC9_2 New Net Name=NetC8_2
Change Net Name : Old Net Name=NetC11_2 New Net Name=NetC10_2
Change Net Name : Old Net Name=NetC12_1 New Net Name=NetC11_1
Change Net Name : Old Net Name=NetC12_2 New Net Name=NetC11_2
Change Net Name : Old Net Name=NetC15_1 New Net Name=NetC14_1
Change Net Name : Old Net Name=NetC17_1 New Net Name=NetC15_1
Change Net Name : Old Net Name=NetC19_1 New Net Name=NetC17_1
Change Net Name : Old Net Name=NetJ?_P New Net Name=NetJ1_P
Change Net Name : Old Net Name=NetR10_2 New Net Name=NetR13_2
Change Net Name : Old Net Name=NetR25_1 New Net Name=NetR19_1
Change Net Name : Old Net Name=NetU3_1 New Net Name=NetU2_1
Added Member To Class: ClassName=LOAD CONTROL_Final2 Member=Component R1 1K
Added Member To Class: ClassName=LOAD CONTROL_Final2 Member=Component R14 1K
Added Member To Class: ClassName=LOAD CONTROL_Final2 Member=Component R28 1K
Added Member To Class: ClassName=LOAD CONTROL_Final2 Member=Component R29 1K
Added Member To Class: ClassName=LOAD CONTROL_Final2 Member=Component R30 1K
Added Room: Name=LOAD CONTROL_Final2
