Removed Pin From Net: NetName=GND Pin=R1-1
Removed Member From Class: ClassName=LOAD CONTROL_Final2 Member=R1
Change Component Designator: OldDesignator=C6 NewDesignator=Cr
Added Component: Designator=RB1(RESC4817X04N)
Add component. Clean all parameters for all variants
Add component (AddParameter): Name = "Data"; Value = "16-12-2016"; VariantName = "[No Variations]"
Add component (AddParameter): Name = "Desc."; Value = "RES SMD 1206"; VariantName = "[No Variations]"
Add component (AddParameter): Name = "Designer"; Value = "Abbas Basereh"; VariantName = "[No Variations]"
Add component (AddParameter): Name = "Value"; Value = "1k"; VariantName = "[No Variations]"
Added Pin To Net: NetName=GND Pin=IC1-31
Added Pin To Net: NetName=NetBuzzer1_2 Pin=Buzzer1-2
Added Pin To Net: NetName=NetBuzzer1_2 Pin=RB1-2
Added Net: Name=NetBuzzer1_2
Added Pin To Net: NetName=NetQ1_3 Pin=Q1-3
Added Pin To Net: NetName=NetQ1_3 Pin=RB1-1
Added Net: Name=NetQ1_3
Added Member To Class: ClassName=LOAD CONTROL_Final2 Member=Component C5 0.1uF
Added Member To Class: ClassName=LOAD CONTROL_Final2 Member=Component C11 Cap
Added Member To Class: ClassName=LOAD CONTROL_Final2 Member=Component Cr 0.1uF
Added Member To Class: ClassName=LOAD CONTROL_Final2 Member=Component R3 1K
Added Member To Class: ClassName=LOAD CONTROL_Final2 Member=Component R17 1K
Added Member To Class: ClassName=LOAD CONTROL_Final2 Member=Component RB1 1K
Added Room: Name=LOAD CONTROL_Final2
