Change Component Designator: Old Designator=C2 New Designator=C19
Change Component Designator: Old Designator=C5 New Designator=C2
Change Component Designator: Old Designator=C17 New Designator=C15
Change Component Designator: Old Designator=C18 New Designator=C17
Change Component Designator: Old Designator=C19 New Designator=C18
Change Component Designator: Old Designator=C20 New Designator=C16
Change Component Designator: Old Designator=Cr New Designator=Cr1
Change Component Designator: Old Designator=D12 New Designator=D11
Change Component Designator: Old Designator=D13 New Designator=D12
Change Component Designator: Old Designator=D14 New Designator=D13
Change Component Designator: Old Designator=D15 New Designator=D14
Change Component Designator: Old Designator=D16 New Designator=D15
Change Component Designator: Old Designator=R6 New Designator=R3
Change Component Designator: Old Designator=R11 New Designator=R12
Change Component Designator: Old Designator=R12 New Designator=R8
Change Component Designator: Old Designator=R12 New Designator=R16
Change Component Designator: Old Designator=R13 New Designator=R9
Change Component Designator: Old Designator=R13 New Designator=R22
Change Component Designator: Old Designator=R14 New Designator=R10
Change Component Designator: Old Designator=R14 New Designator=R21
Change Component Designator: Old Designator=R15 New Designator=R4
Change Component Designator: Old Designator=R15 New Designator=R11
Change Component Designator: Old Designator=R15 New Designator=R23
Change Component Designator: Old Designator=R16 New Designator=R6
Change Component Designator: Old Designator=R16 New Designator=R7
Change Component Designator: Old Designator=R16 New Designator=R15
Change Component Designator: Old Designator=R16 New Designator=R25
Change Component Designator: Old Designator=R17 New Designator=R5
Change Component Designator: Old Designator=R17 New Designator=R13
Change Component Designator: Old Designator=R17 New Designator=R24
Change Component Designator: Old Designator=R18 New Designator=R2
Change Component Designator: Old Designator=R18 New Designator=R14
Change Component Designator: Old Designator=R21 New Designator=R17
Change Component Designator: Old Designator=R22 New Designator=R18
Change Component Designator: Old Designator=R23 New Designator=R19
Change Component Designator: Old Designator=R24 New Designator=R20
Change Component Designator: Old Designator=U3 New Designator=U2
Change Component Designator: Old Designator=VR3 New Designator=VR2
