Removed Pin From Net: NetName=VCC-3.3v Pin=R7-1
Removed Pin From Net: NetName=sw1 Pin=R7-2
Removed Member From Class: ClassName=LOAD CONTROL_Final2 Member=R7
Added Component: Designator=R12(RESC3116X65N)
Add component. Clean all parameters for all variants
Add component (AddParameter): Name = "Availability"; Value = "In Stock"; VariantName = "[No Variations]"
Add component (AddParameter): Name = "Check_prices"; Value = "https://www.snapeda.com/parts/RC1206JR-0713RL/Yageo/view-part/?ref=eda"; VariantName = "[No Variations]"
Add component (AddParameter): Name = "MF"; Value = "Yageo"; VariantName = "[No Variations]"
Add component (AddParameter): Name = "MP"; Value = "RC1206JR-0713RL"; VariantName = "[No Variations]"
Add component (AddParameter): Name = "Package"; Value = "3116 Yageo"; VariantName = "[No Variations]"
Add component (AddParameter): Name = "Price"; Value = "None"; VariantName = "[No Variations]"
Add component (AddParameter): Name = "Purchase-URL"; Value = "https://pricing.snapeda.com/search/part/RC1206JR-0713RL/?ref=eda"; VariantName = "[No Variations]"
Add component (AddParameter): Name = "SnapEDA_Link"; Value = "https://www.snapeda.com/parts/RC1206JR-0713RL/Yageo/view-part/?ref=snap"; VariantName = "[No Variations]"
Add component (AddParameter): Name = "Value"; Value = ""; VariantName = "[No Variations]"
Added Pin To Net: NetName=sw1 Pin=R12-1
Added Pin To Net: NetName=VCC-3.3v Pin=R12-2
Added Member To Class: ClassName=LOAD CONTROL_Final2 Member=Component C5 0.1uF
Added Member To Class: ClassName=LOAD CONTROL_Final2 Member=Component R3 1K
Added Member To Class: ClassName=LOAD CONTROL_Final2 Member=Component R12 RC1206JR-0713RL
Added Room: Name=LOAD CONTROL_Final2
